Archive member included to satisfy reference by file (symbol)

/home/lloydf/Arduino/PB3D/tests/test_gpio_lasers/build/../../../../../../../tmp/arduino/cores/c559d7b91b0f99147fdb07383d45e8cf/core.a(Print.cpp.o)
                              /home/lloydf/Arduino/PB3D/tests/test_gpio_lasers/build/sketch/LaserSensor.cpp.o (Print::print(__FlashStringHelper const*))
/home/lloydf/Arduino/PB3D/tests/test_gpio_lasers/build/../../../../../../../tmp/arduino/cores/c559d7b91b0f99147fdb07383d45e8cf/core.a(Retarget.cpp.o)
                              (__wrap__write)
/home/lloydf/Arduino/PB3D/tests/test_gpio_lasers/build/../../../../../../../tmp/arduino/cores/c559d7b91b0f99147fdb07383d45e8cf/core.a(SERCOM.cpp.o)
                              /home/lloydf/Arduino/PB3D/tests/test_gpio_lasers/build/core/variant.cpp.o (SERCOM::SERCOM(Sercom*))
/home/lloydf/Arduino/PB3D/tests/test_gpio_lasers/build/../../../../../../../tmp/arduino/cores/c559d7b91b0f99147fdb07383d45e8cf/core.a(CDC.cpp.o)
                              /home/lloydf/Arduino/PB3D/tests/test_gpio_lasers/build/sketch/test_gpio_lasers.ino.cpp.o (Serial_::begin(unsigned long))
/home/lloydf/Arduino/PB3D/tests/test_gpio_lasers/build/../../../../../../../tmp/arduino/cores/c559d7b91b0f99147fdb07383d45e8cf/core.a(USBCore.cpp.o)
                              /home/lloydf/Arduino/PB3D/tests/test_gpio_lasers/build/../../../../../../../tmp/arduino/cores/c559d7b91b0f99147fdb07383d45e8cf/core.a(CDC.cpp.o) (USBDeviceClass::clear(unsigned long))
/home/lloydf/Arduino/PB3D/tests/test_gpio_lasers/build/../../../../../../../tmp/arduino/cores/c559d7b91b0f99147fdb07383d45e8cf/core.a(Uart.cpp.o)
                              /home/lloydf/Arduino/PB3D/tests/test_gpio_lasers/build/core/variant.cpp.o (Uart::Uart(SERCOM*, unsigned char, unsigned char, SercomRXPad, SercomUartTXPad))
/home/lloydf/Arduino/PB3D/tests/test_gpio_lasers/build/../../../../../../../tmp/arduino/cores/c559d7b91b0f99147fdb07383d45e8cf/core.a(abi.cpp.o)
                              /home/lloydf/Arduino/PB3D/tests/test_gpio_lasers/build/../../../../../../../tmp/arduino/cores/c559d7b91b0f99147fdb07383d45e8cf/core.a(Print.cpp.o) (__cxa_pure_virtual)
/home/lloydf/Arduino/PB3D/tests/test_gpio_lasers/build/../../../../../../../tmp/arduino/cores/c559d7b91b0f99147fdb07383d45e8cf/core.a(cortex_handlers.c.o)
                              (Reset_Handler)
/home/lloydf/Arduino/PB3D/tests/test_gpio_lasers/build/../../../../../../../tmp/arduino/cores/c559d7b91b0f99147fdb07383d45e8cf/core.a(delay.c.o)
                              /home/lloydf/Arduino/PB3D/tests/test_gpio_lasers/build/sketch/LaserSensor.cpp.o (millis)
/home/lloydf/Arduino/PB3D/tests/test_gpio_lasers/build/../../../../../../../tmp/arduino/cores/c559d7b91b0f99147fdb07383d45e8cf/core.a(hooks.c.o)
                              /home/lloydf/Arduino/PB3D/tests/test_gpio_lasers/build/../../../../../../../tmp/arduino/cores/c559d7b91b0f99147fdb07383d45e8cf/core.a(delay.c.o) (yield)
/home/lloydf/Arduino/PB3D/tests/test_gpio_lasers/build/../../../../../../../tmp/arduino/cores/c559d7b91b0f99147fdb07383d45e8cf/core.a(main.cpp.o)
                              /home/lloydf/.arduino15/packages/Seeeduino/tools/arm-none-eabi-gcc/7-2017q4/bin/../lib/gcc/arm-none-eabi/7.2.1/../../../../arm-none-eabi/lib/thumb/v6-m/crt0.o (main)
/home/lloydf/Arduino/PB3D/tests/test_gpio_lasers/build/../../../../../../../tmp/arduino/cores/c559d7b91b0f99147fdb07383d45e8cf/core.a(new.cpp.o)
                              /home/lloydf/Arduino/PB3D/tests/test_gpio_lasers/build/libraries/Adafruit_PCF8574/Adafruit_PCF8574.cpp.o (operator new(unsigned int))
/home/lloydf/Arduino/PB3D/tests/test_gpio_lasers/build/../../../../../../../tmp/arduino/cores/c559d7b91b0f99147fdb07383d45e8cf/core.a(startup.c.o)
                              /home/lloydf/Arduino/PB3D/tests/test_gpio_lasers/build/../../../../../../../tmp/arduino/cores/c559d7b91b0f99147fdb07383d45e8cf/core.a(cortex_handlers.c.o) (SystemInit)
/home/lloydf/Arduino/PB3D/tests/test_gpio_lasers/build/../../../../../../../tmp/arduino/cores/c559d7b91b0f99147fdb07383d45e8cf/core.a(wiring.c.o)
                              /home/lloydf/Arduino/PB3D/tests/test_gpio_lasers/build/../../../../../../../tmp/arduino/cores/c559d7b91b0f99147fdb07383d45e8cf/core.a(main.cpp.o) (init)
/home/lloydf/Arduino/PB3D/tests/test_gpio_lasers/build/../../../../../../../tmp/arduino/cores/c559d7b91b0f99147fdb07383d45e8cf/core.a(wiring_analog.c.o)
                              /home/lloydf/Arduino/PB3D/tests/test_gpio_lasers/build/../../../../../../../tmp/arduino/cores/c559d7b91b0f99147fdb07383d45e8cf/core.a(wiring.c.o) (analogReference)
/home/lloydf/Arduino/PB3D/tests/test_gpio_lasers/build/../../../../../../../tmp/arduino/cores/c559d7b91b0f99147fdb07383d45e8cf/core.a(wiring_digital.c.o)
                              /home/lloydf/Arduino/PB3D/tests/test_gpio_lasers/build/libraries/Adafruit_BusIO/Adafruit_SPIDevice.cpp.o (pinMode)
[...]
Memory Configuration

Name             Origin             Length             Attributes
FLASH            0x0000000000002000 0x000000000003e000 xr
RAM              0x0000000020000000 0x0000000000008000 xrw
*default*        0x0000000000000000 0xffffffffffffffff

Linker script and memory map

LOAD /home/lloydf/.arduino15/packages/Seeeduino/tools/arm-none-eabi-gcc/7-2017q4/bin/../lib/gcc/arm-none-eabi/7.2.1/thumb/v6-m/crti.o
LOAD /home/lloydf/.arduino15/packages/Seeeduino/tools/arm-none-eabi-gcc/7-2017q4/bin/../lib/gcc/arm-none-eabi/7.2.1/thumb/v6-m/crtbegin.o
LOAD /home/lloydf/.arduino15/packages/Seeeduino/tools/arm-none-eabi-gcc/7-2017q4/bin/../lib/gcc/arm-none-eabi/7.2.1/../../../../arm-none-eabi/lib/thumb/v6-m/crt0.o
LOAD /home/lloydf/Arduino/PB3D/tests/test_gpio_lasers/build/sketch/LaserManager.cpp.o
LOAD /home/lloydf/Arduino/PB3D/tests/test_gpio_lasers/build/sketch/LaserSensor.cpp.o
LOAD /home/lloydf/Arduino/PB3D/tests/test_gpio_lasers/build/sketch/Timer.cpp.o
LOAD /home/lloydf/Arduino/PB3D/tests/test_gpio_lasers/build/sketch/test_gpio_lasers.ino.cpp.o
LOAD /home/lloydf/Arduino/PB3D/tests/test_gpio_lasers/build/libraries/Wire/Wire.cpp.o
LOAD /home/lloydf/Arduino/PB3D/tests/test_gpio_lasers/build/libraries/Adafruit_PCF8574/Adafruit_PCF8574.cpp.o
LOAD /home/lloydf/Arduino/PB3D/tests/test_gpio_lasers/build/libraries/Adafruit_PCF8574/Adafruit_PCF8575.cpp.o
LOAD /home/lloydf/Arduino/PB3D/tests/test_gpio_lasers/build/libraries/Adafruit_BusIO/Adafruit_BusIO_Register.cpp.o
LOAD /home/lloydf/Arduino/PB3D/tests/test_gpio_lasers/build/libraries/Adafruit_BusIO/Adafruit_I2CDevice.cpp.o
LOAD /home/lloydf/Arduino/PB3D/tests/test_gpio_lasers/build/libraries/Adafruit_BusIO/Adafruit_SPIDevice.cpp.o
LOAD /home/lloydf/Arduino/PB3D/tests/test_gpio_lasers/build/libraries/SPI/SPI.cpp.o
LOAD /home/lloydf/Arduino/PB3D/tests/test_gpio_lasers/build/libraries/Adafruit_ZeroDMA/Adafruit_ZeroDMA.cpp.o
LOAD /home/lloydf/Arduino/PB3D/tests/test_gpio_lasers/build/libraries/Adafruit_VL53L0X/Adafruit_VL53L0X.cpp.o
LOAD /home/lloydf/Arduino/PB3D/tests/test_gpio_lasers/build/libraries/Adafruit_VL53L0X/core/src/vl53l0x_api.cpp.o
LOAD /home/lloydf/Arduino/PB3D/tests/test_gpio_lasers/build/libraries/Adafruit_VL53L0X/core/src/vl53l0x_api_calibration.cpp.o
LOAD /home/lloydf/Arduino/PB3D/tests/test_gpio_lasers/build/libraries/Adafruit_VL53L0X/core/src/vl53l0x_api_core.cpp.o
LOAD /home/lloydf/Arduino/PB3D/tests/test_gpio_lasers/build/libraries/Adafruit_VL53L0X/core/src/vl53l0x_api_ranging.cpp.o
LOAD /home/lloydf/Arduino/PB3D/tests/test_gpio_lasers/build/libraries/Adafruit_VL53L0X/core/src/vl53l0x_api_strings.cpp.o
LOAD /home/lloydf/Arduino/PB3D/tests/test_gpio_lasers/build/libraries/Adafruit_VL53L0X/platform/src/vl53l0x_i2c_comms.cpp.o
LOAD /home/lloydf/Arduino/PB3D/tests/test_gpio_lasers/build/libraries/Adafruit_VL53L0X/platform/src/vl53l0x_platform.cpp.o
LOAD /home/lloydf/Arduino/PB3D/tests/test_gpio_lasers/build/core/variant.cpp.o
START GROUP
LOAD /home/lloydf/.arduino15/packages/Seeeduino/tools/CMSIS/5.7.0/CMSIS/DSP/Lib/GCC//libarm_cortexM0l_math.a
LOAD /home/lloydf/.arduino15/packages/Seeeduino/tools/arm-none-eabi-gcc/7-2017q4/bin/../lib/gcc/arm-none-eabi/7.2.1/../../../../arm-none-eabi/lib/thumb/v6-m/libm.a
LOAD /home/lloydf/Arduino/PB3D/tests/test_gpio_lasers/build/../../../../../../../tmp/arduino/cores/c559d7b91b0f99147fdb07383d45e8cf/core.a
END GROUP
LOAD /home/lloydf/.arduino15/packages/Seeeduino/tools/arm-none-eabi-gcc/7-2017q4/bin/../lib/gcc/arm-none-eabi/7.2.1/../../../../arm-none-eabi/lib/thumb/v6-m/libstdc++_nano.a
LOAD /home/lloydf/.arduino15/packages/Seeeduino/tools/arm-none-eabi-gcc/7-2017q4/bin/../lib/gcc/arm-none-eabi/7.2.1/../../../../arm-none-eabi/lib/thumb/v6-m/libm.a
START GROUP
LOAD /home/lloydf/.arduino15/packages/Seeeduino/tools/arm-none-eabi-gcc/7-2017q4/bin/../lib/gcc/arm-none-eabi/7.2.1/thumb/v6-m/libgcc.a
LOAD /home/lloydf/.arduino15/packages/Seeeduino/tools/arm-none-eabi-gcc/7-2017q4/bin/../lib/gcc/arm-none-eabi/7.2.1/../../../../arm-none-eabi/lib/thumb/v6-m/libc_nano.a
END GROUP
START GROUP
LOAD /home/lloydf/.arduino15/packages/Seeeduino/tools/arm-none-eabi-gcc/7-2017q4/bin/../lib/gcc/arm-none-eabi/7.2.1/thumb/v6-m/libgcc.a
LOAD /home/lloydf/.arduino15/packages/Seeeduino/tools/arm-none-eabi-gcc/7-2017q4/bin/../lib/gcc/arm-none-eabi/7.2.1/../../../../arm-none-eabi/lib/thumb/v6-m/libc_nano.a
LOAD /home/lloydf/.arduino15/packages/Seeeduino/tools/arm-none-eabi-gcc/7-2017q4/bin/../lib/gcc/arm-none-eabi/7.2.1/../../../../arm-none-eabi/lib/thumb/v6-m/libnosys.a
END GROUP
START GROUP
LOAD /home/lloydf/.arduino15/packages/Seeeduino/tools/arm-none-eabi-gcc/7-2017q4/bin/../lib/gcc/arm-none-eabi/7.2.1/thumb/v6-m/libgcc.a
LOAD /home/lloydf/.arduino15/packages/Seeeduino/tools/arm-none-eabi-gcc/7-2017q4/bin/../lib/gcc/arm-none-eabi/7.2.1/../../../../arm-none-eabi/lib/thumb/v6-m/libc_nano.a
LOAD /home/lloydf/.arduino15/packages/Seeeduino/tools/arm-none-eabi-gcc/7-2017q4/bin/../lib/gcc/arm-none-eabi/7.2.1/../../../../arm-none-eabi/lib/thumb/v6-m/libnosys.a
END GROUP
LOAD /home/lloydf/.arduino15/packages/Seeeduino/tools/arm-none-eabi-gcc/7-2017q4/bin/../lib/gcc/arm-none-eabi/7.2.1/thumb/v6-m/crtend.o
LOAD /home/lloydf/.arduino15/packages/Seeeduino/tools/arm-none-eabi-gcc/7-2017q4/bin/../lib/gcc/arm-none-eabi/7.2.1/thumb/v6-m/crtn.o

.text           0x0000000000002000     0xd1a4
                0x0000000000002000                __text_start__ = .
 *(.isr_vector)
 .isr_vector    0x0000000000002000       0xb4 /home/lloydf/Arduino/PB3D/tests/test_gpio_lasers/build/../../../../../../../tmp/arduino/cores/c559d7b91b0f99147fdb07383d45e8cf/core.a(cortex_handlers.c.o)
                0x0000000000002000                exception_table
 *(.text*)
 .text          0x00000000000020b4       0x48 /home/lloydf/.arduino15/packages/Seeeduino/tools/arm-none-eabi-gcc/7-2017q4/bin/../lib/gcc/arm-none-eabi/7.2.1/thumb/v6-m/crtbegin.o
 .text._ZN11LaserSensorC2Ehc
                0x00000000000020fc       0x6c /home/lloydf/Arduino/PB3D/tests/test_gpio_lasers/build/sketch/LaserManager.cpp.o
                0x00000000000020fc                LaserSensor::LaserSensor(unsigned char, char)
                0x00000000000020fc                LaserSensor::LaserSensor(unsigned char, char)
 .text._ZN12LaserManagerC2Ev
                0x0000000000002168      0x184 /home/lloydf/Arduino/PB3D/tests/test_gpio_lasers/build/sketch/LaserManager.cpp.o
                0x0000000000002168                LaserManager::LaserManager()
                0x0000000000002168                LaserManager::LaserManager()
 .text._ZN12LaserManager5beginEv
                0x00000000000022ec      0x114 /home/lloydf/Arduino/PB3D/tests/test_gpio_lasers/build/sketch/LaserManager.cpp.o
                0x00000000000022ec                LaserManager::begin()
 .text._ZN12LaserManager14_updateColLSRsEv
                0x0000000000002400      0x134 /home/lloydf/Arduino/PB3D/tests/test_gpio_lasers/build/sketch/LaserManager.cpp.o
                0x0000000000002400                LaserManager::_updateColLSRs()
 .text._ZN12LaserManager6updateEv
                0x0000000000002534        0x8 /home/lloydf/Arduino/PB3D/tests/test_gpio_lasers/build/sketch/LaserManager.cpp.o
                0x0000000000002534                LaserManager::update()
 .text._ZN11LaserSensor5beginEv
                0x000000000000253c       0x70 /home/lloydf/Arduino/PB3D/tests/test_gpio_lasers/build/sketch/LaserSensor.cpp.o
                0x000000000000253c                LaserSensor::begin()
 .text._ZN11LaserSensor10startRangeEv
                0x00000000000025ac       0x24 /home/lloydf/Arduino/PB3D/tests/test_gpio_lasers/build/sketch/LaserSensor.cpp.o
                0x00000000000025ac                LaserSensor::startRange()
 .text._ZN11LaserSensor11updateRangeEv
                0x00000000000025d0       0x8c /home/lloydf/Arduino/PB3D/tests/test_gpio_lasers/build/sketch/LaserSensor.cpp.o
                0x00000000000025d0                LaserSensor::updateRange()
 .text._ZN5TimerC2Ev
                0x000000000000265c        0x8 /home/lloydf/Arduino/PB3D/tests/test_gpio_lasers/build/sketch/Timer.cpp.o
                0x000000000000265c                Timer::Timer()
                0x000000000000265c                Timer::Timer()
 .text._ZN5Timer5startEm
                0x0000000000002664        0xe /home/lloydf/Arduino/PB3D/tests/test_gpio_lasers/build/sketch/Timer.cpp.o
                0x0000000000002664                Timer::start(unsigned long)
 .text._ZN5Timer8finishedEv
                0x0000000000002672       0x16 /home/lloydf/Arduino/PB3D/tests/test_gpio_lasers/build/sketch/Timer.cpp.o
                0x0000000000002672                Timer::finished()
 .text.setup    0x0000000000002688       0x68 /home/lloydf/Arduino/PB3D/tests/test_gpio_lasers/build/sketch/test_gpio_lasers.ino.cpp.o
                0x0000000000002688                setup
 .text.loop     0x00000000000026f0       0x10 /home/lloydf/Arduino/PB3D/tests/test_gpio_lasers/build/sketch/test_gpio_lasers.ino.cpp.o
                0x00000000000026f0                loop
 .text.startup._GLOBAL__sub_I__laserManager
                0x0000000000002700       0x10 /home/lloydf/Arduino/PB3D/tests/test_gpio_lasers/build/sketch/test_gpio_lasers.ino.cpp.o
 .text._ZN5Print17availableForWriteEv
                0x0000000000002710        0x4 /home/lloydf/Arduino/PB3D/tests/test_gpio_lasers/build/libraries/Wire/Wire.cpp.o
                0x0000000000002710                Print::availableForWrite()
 .text._ZN7TwoWire5writeEPKhj
                0x0000000000002714       0x24 /home/lloydf/Arduino/PB3D/tests/test_gpio_lasers/build/libraries/Wire/Wire.cpp.o
                0x0000000000002714                TwoWire::write(unsigned char const*, unsigned int)
 .text._ZN7TwoWire5flushEv
                0x0000000000002738        0x2 /home/lloydf/Arduino/PB3D/tests/test_gpio_lasers/build/libraries/Wire/Wire.cpp.o
                0x0000000000002738                TwoWire::flush()
 .text._ZN7TwoWire4peekEv
                0x000000000000273a       0x1a /home/lloydf/Arduino/PB3D/tests/test_gpio_lasers/build/libraries/Wire/Wire.cpp.o
                0x000000000000273a                TwoWire::peek()
 .text._ZN7TwoWire9availableEv
                0x0000000000002754       0x12 /home/lloydf/Arduino/PB3D/tests/test_gpio_lasers/build/libraries/Wire/Wire.cpp.o
                0x0000000000002754                TwoWire::available()
 *fill*         0x0000000000002766        0x2 
 .text._ZN7TwoWireC2EP6SERCOMhh
                0x0000000000002768       0x60 /home/lloydf/Arduino/PB3D/tests/test_gpio_lasers/build/libraries/Wire/Wire.cpp.o
                0x0000000000002768                TwoWire::TwoWire(SERCOM*, unsigned char, unsigned char)
                0x0000000000002768                TwoWire::TwoWire(SERCOM*, unsigned char, unsigned char)
 .text._ZN7TwoWire5beginEv
                0x00000000000027c8       0x40 /home/lloydf/Arduino/PB3D/tests/test_gpio_lasers/build/libraries/Wire/Wire.cpp.o
                0x00000000000027c8                TwoWire::begin()
 .text._ZN7TwoWire8setClockEm
                0x0000000000002808       0x1c /home/lloydf/Arduino/PB3D/tests/test_gpio_lasers/build/libraries/Wire/Wire.cpp.o
                0x0000000000002808                TwoWire::setClock(unsigned long)
 .text._ZN7TwoWire17beginTransmissionEh
                0x0000000000002824       0x16 /home/lloydf/Arduino/PB3D/tests/test_gpio_lasers/build/libraries/Wire/Wire.cpp.o
                0x0000000000002824                TwoWire::beginTransmission(unsigned char)
 .text._ZN11RingBufferNILi256EE10store_charEh
                0x000000000000283a       0x1a /home/lloydf/Arduino/PB3D/tests/test_gpio_lasers/build/libraries/Wire/Wire.cpp.o
                0x000000000000283a                RingBufferN<256>::store_char(unsigned char)
 .text._ZN7TwoWire11requestFromEhjb
                0x0000000000002854       0x62 /home/lloydf/Arduino/PB3D/tests/test_gpio_lasers/build/libraries/Wire/Wire.cpp.o
                0x0000000000002854                TwoWire::requestFrom(unsigned char, unsigned int, bool)
 .text._ZN7TwoWire11requestFromEhj
                0x00000000000028b6        0xa /home/lloydf/Arduino/PB3D/tests/test_gpio_lasers/build/libraries/Wire/Wire.cpp.o
                0x00000000000028b6                TwoWire::requestFrom(unsigned char, unsigned int)
 .text._ZN7TwoWire5writeEh
                0x00000000000028c0       0x2a /home/lloydf/Arduino/PB3D/tests/test_gpio_lasers/build/libraries/Wire/Wire.cpp.o
                0x00000000000028c0                TwoWire::write(unsigned char)
 .text._ZN11RingBufferNILi256EE9read_charEv
                0x00000000000028ea       0x20 /home/lloydf/Arduino/PB3D/tests/test_gpio_lasers/build/libraries/Wire/Wire.cpp.o
                0x00000000000028ea                RingBufferN<256>::read_char()
 .text._ZN7TwoWire15endTransmissionEb
                0x000000000000290a       0x70 /home/lloydf/Arduino/PB3D/tests/test_gpio_lasers/build/libraries/Wire/Wire.cpp.o
                0x000000000000290a                TwoWire::endTransmission(bool)
 .text._ZN7TwoWire15endTransmissionEv
                0x000000000000297a        0xa /home/lloydf/Arduino/PB3D/tests/test_gpio_lasers/build/libraries/Wire/Wire.cpp.o
                0x000000000000297a                TwoWire::endTransmission()
 .text._ZN7TwoWire4readEv
                0x0000000000002984        0xa /home/lloydf/Arduino/PB3D/tests/test_gpio_lasers/build/libraries/Wire/Wire.cpp.o
                0x0000000000002984                TwoWire::read()
 .text._ZN7TwoWire9onServiceEv
                0x000000000000298e      0x11c /home/lloydf/Arduino/PB3D/tests/test_gpio_lasers/build/libraries/Wire/Wire.cpp.o
                0x000000000000298e                TwoWire::onService()
 *fill*         0x0000000000002aaa        0x2 
 .text.SERCOM2_Handler
                0x0000000000002aac       0x10 /home/lloydf/Arduino/PB3D/tests/test_gpio_lasers/build/libraries/Wire/Wire.cpp.o
                0x0000000000002aac                SERCOM2_Handler
 .text.startup._GLOBAL__sub_I__ZN7TwoWireC2EP6SERCOMhh
                0x0000000000002abc       0x18 /home/lloydf/Arduino/PB3D/tests/test_gpio_lasers/build/libraries/Wire/Wire.cpp.o
 .text._ZN16Adafruit_PCF8574C2Ev
                0x0000000000002ad4        0x6 /home/lloydf/Arduino/PB3D/tests/test_gpio_lasers/build/libraries/Adafruit_PCF8574/Adafruit_PCF8574.cpp.o
                0x0000000000002ad4                Adafruit_PCF8574::Adafruit_PCF8574()
                0x0000000000002ad4                Adafruit_PCF8574::Adafruit_PCF8574()
 .text._ZN16Adafruit_PCF85745beginEhP7TwoWire
                0x0000000000002ada       0x2c /home/lloydf/Arduino/PB3D/tests/test_gpio_lasers/build/libraries/Adafruit_PCF8574/Adafruit_PCF8574.cpp.o
                0x0000000000002ada                Adafruit_PCF8574::begin(unsigned char, TwoWire*)
 .text._ZN16Adafruit_PCF857412digitalWriteEhb
                0x0000000000002b06       0x2e /home/lloydf/Arduino/PB3D/tests/test_gpio_lasers/build/libraries/Adafruit_PCF8574/Adafruit_PCF8574.cpp.o
                0x0000000000002b06                Adafruit_PCF8574::digitalWrite(unsigned char, bool)
 .text._ZN16Adafruit_PCF85747pinModeEhh
                0x0000000000002b34       0x30 /home/lloydf/Arduino/PB3D/tests/test_gpio_lasers/build/libraries/Adafruit_PCF8574/Adafruit_PCF8574.cpp.o
                0x0000000000002b34                Adafruit_PCF8574::pinMode(unsigned char, unsigned char)
 .text._ZN18Adafruit_I2CDeviceC2EhP7TwoWire
                0x0000000000002b64        0xe /home/lloydf/Arduino/PB3D/tests/test_gpio_lasers/build/libraries/Adafruit_BusIO/Adafruit_I2CDevice.cpp.o
                0x0000000000002b64                Adafruit_I2CDevice::Adafruit_I2CDevice(unsigned char, TwoWire*)
                0x0000000000002b64                Adafruit_I2CDevice::Adafruit_I2CDevice(unsigned char, TwoWire*)
 .text._ZN18Adafruit_I2CDevice8detectedEv
                0x0000000000002b72       0x2c /home/lloydf/Arduino/PB3D/tests/test_gpio_lasers/build/libraries/Adafruit_BusIO/Adafruit_I2CDevice.cpp.o
                0x0000000000002b72                Adafruit_I2CDevice::detected()
 .text._ZN18Adafruit_I2CDevice5beginEb
                0x0000000000002b9e       0x1c /home/lloydf/Arduino/PB3D/tests/test_gpio_lasers/build/libraries/Adafruit_BusIO/Adafruit_I2CDevice.cpp.o
                0x0000000000002b9e                Adafruit_I2CDevice::begin(bool)
 .text._ZN18Adafruit_I2CDevice5writeEPKhjbS1_j
                0x0000000000002bba       0x5c /home/lloydf/Arduino/PB3D/tests/test_gpio_lasers/build/libraries/Adafruit_BusIO/Adafruit_I2CDevice.cpp.o
                0x0000000000002bba                Adafruit_I2CDevice::write(unsigned char const*, unsigned int, bool, unsigned char const*, unsigned int)
 *fill*         0x0000000000002c16        0x2 
 .text._ZN8SPIClassC2EP6SERCOMhhh14SercomSpiTXPad11SercomRXPad
                0x0000000000002c18       0x74 /home/lloydf/Arduino/PB3D/tests/test_gpio_lasers/build/libraries/SPI/SPI.cpp.o
                0x0000000000002c18                SPIClass::SPIClass(SERCOM*, unsigned char, unsigned char, unsigned char, SercomSpiTXPad, SercomRXPad)
                0x0000000000002c18                SPIClass::SPIClass(SERCOM*, unsigned char, unsigned char, unsigned char, SercomSpiTXPad, SercomRXPad)
 .text.startup._GLOBAL__sub_I__ZN8SPIClassC2EP6SERCOMhhh14SercomSpiTXPad11SercomRXPad
                0x0000000000002c8c       0x38 /home/lloydf/Arduino/PB3D/tests/test_gpio_lasers/build/libraries/SPI/SPI.cpp.o
 .text._ZL22cpu_irq_enter_criticalv
                0x0000000000002cc4       0x30 /home/lloydf/Arduino/PB3D/tests/test_gpio_lasers/build/libraries/Adafruit_ZeroDMA/Adafruit_ZeroDMA.cpp.o
 .text._ZL22cpu_irq_leave_criticalv
                0x0000000000002cf4       0x2c /home/lloydf/Arduino/PB3D/tests/test_gpio_lasers/build/libraries/Adafruit_ZeroDMA/Adafruit_ZeroDMA.cpp.o
 .text._ZN16Adafruit_ZeroDMAC2Ev
                0x0000000000002d20       0x22 /home/lloydf/Arduino/PB3D/tests/test_gpio_lasers/build/libraries/Adafruit_ZeroDMA/Adafruit_ZeroDMA.cpp.o
                0x0000000000002d20                Adafruit_ZeroDMA::Adafruit_ZeroDMA()
                0x0000000000002d20                Adafruit_ZeroDMA::Adafruit_ZeroDMA()
 *fill*         0x0000000000002d42        0x2 
 .text._ZN16Adafruit_ZeroDMA11_IRQhandlerEh
                0x0000000000002d44       0x44 /home/lloydf/Arduino/PB3D/tests/test_gpio_lasers/build/libraries/Adafruit_ZeroDMA/Adafruit_ZeroDMA.cpp.o
                0x0000000000002d44                Adafruit_ZeroDMA::_IRQhandler(unsigned char)
 .text.DMAC_Handler
                0x0000000000002d88       0x48 /home/lloydf/Arduino/PB3D/tests/test_gpio_lasers/build/libraries/Adafruit_ZeroDMA/Adafruit_ZeroDMA.cpp.o
                0x0000000000002d88                DMAC_Handler
 .text._ZN16Adafruit_VL53L0X10setAddressEh
                0x0000000000002dd0       0x32 /home/lloydf/Arduino/PB3D/tests/test_gpio_lasers/build/libraries/Adafruit_VL53L0X/Adafruit_VL53L0X.cpp.o
                0x0000000000002dd0                Adafruit_VL53L0X::setAddress(unsigned char)
 .text._ZN16Adafruit_VL53L0X15readRangeStatusEv
                0x0000000000002e02        0x8 /home/lloydf/Arduino/PB3D/tests/test_gpio_lasers/build/libraries/Adafruit_VL53L0X/Adafruit_VL53L0X.cpp.o
                0x0000000000002e02                Adafruit_VL53L0X::readRangeStatus()
 .text._ZN16Adafruit_VL53L0X10startRangeEv
                0x0000000000002e0a       0x2a /home/lloydf/Arduino/PB3D/tests/test_gpio_lasers/build/libraries/Adafruit_VL53L0X/Adafruit_VL53L0X.cpp.o
                0x0000000000002e0a                Adafruit_VL53L0X::startRange()
 .text._ZN16Adafruit_VL53L0X15isRangeCompleteEv
                0x0000000000002e34       0x2e /home/lloydf/Arduino/PB3D/tests/test_gpio_lasers/build/libraries/Adafruit_VL53L0X/Adafruit_VL53L0X.cpp.o
                0x0000000000002e34                Adafruit_VL53L0X::isRangeComplete()
 *fill*         0x0000000000002e62        0x2 
 .text._ZN16Adafruit_VL53L0X15readRangeResultEv
                0x0000000000002e64       0x48 /home/lloydf/Arduino/PB3D/tests/test_gpio_lasers/build/libraries/Adafruit_VL53L0X/Adafruit_VL53L0X.cpp.o
                0x0000000000002e64                Adafruit_VL53L0X::readRangeResult()
 .text._ZN16Adafruit_VL53L0X38setMeasurementTimingBudgetMicroSecondsEm
                0x0000000000002eac       0x18 /home/lloydf/Arduino/PB3D/tests/test_gpio_lasers/build/libraries/Adafruit_VL53L0X/Adafruit_VL53L0X.cpp.o
                0x0000000000002eac                Adafruit_VL53L0X::setMeasurementTimingBudgetMicroSeconds(unsigned long)
 .text._ZN16Adafruit_VL53L0X18setLimitCheckValueEtm
                0x0000000000002ec4       0x18 /home/lloydf/Arduino/PB3D/tests/test_gpio_lasers/build/libraries/Adafruit_VL53L0X/Adafruit_VL53L0X.cpp.o
                0x0000000000002ec4                Adafruit_VL53L0X::setLimitCheckValue(unsigned short, unsigned long)
 .text._ZN16Adafruit_VL53L0X12configSensorENS_22VL53L0X_Sense_config_tE
                0x0000000000002edc      0x150 /home/lloydf/Arduino/PB3D/tests/test_gpio_lasers/build/libraries/Adafruit_VL53L0X/Adafruit_VL53L0X.cpp.o
                0x0000000000002edc                Adafruit_VL53L0X::configSensor(Adafruit_VL53L0X::VL53L0X_Sense_config_t)
 .text._ZN16Adafruit_VL53L0X5beginEhbP7TwoWireNS_22VL53L0X_Sense_config_tE
                0x000000000000302c      0x260 /home/lloydf/Arduino/PB3D/tests/test_gpio_lasers/build/libraries/Adafruit_VL53L0X/Adafruit_VL53L0X.cpp.o
                0x000000000000302c                Adafruit_VL53L0X::begin(unsigned char, bool, TwoWire*, Adafruit_VL53L0X::VL53L0X_Sense_config_t)
 .text.VL53L0X_GetDeviceInfo
                0x000000000000328c        0x8 /home/lloydf/Arduino/PB3D/tests/test_gpio_lasers/build/libraries/Adafruit_VL53L0X/core/src/vl53l0x_api.cpp.o
                0x000000000000328c                VL53L0X_GetDeviceInfo
 .text.VL53L0X_SetDeviceAddress
                0x0000000000003294        0xc /home/lloydf/Arduino/PB3D/tests/test_gpio_lasers/build/libraries/Adafruit_VL53L0X/core/src/vl53l0x_api.cpp.o
                0x0000000000003294                VL53L0X_SetDeviceAddress
 .text.VL53L0X_SetDeviceMode
                0x00000000000032a0       0x20 /home/lloydf/Arduino/PB3D/tests/test_gpio_lasers/build/libraries/Adafruit_VL53L0X/core/src/vl53l0x_api.cpp.o
                0x00000000000032a0                VL53L0X_SetDeviceMode
 .text.VL53L0X_GetFractionEnable
                0x00000000000032c0       0x1a /home/lloydf/Arduino/PB3D/tests/test_gpio_lasers/build/libraries/Adafruit_VL53L0X/core/src/vl53l0x_api.cpp.o
                0x00000000000032c0                VL53L0X_GetFractionEnable
 .text.VL53L0X_SetMeasurementTimingBudgetMicroSeconds
                0x00000000000032da        0x8 /home/lloydf/Arduino/PB3D/tests/test_gpio_lasers/build/libraries/Adafruit_VL53L0X/core/src/vl53l0x_api.cpp.o
                0x00000000000032da                VL53L0X_SetMeasurementTimingBudgetMicroSeconds
 .text.VL53L0X_SetVcselPulsePeriod
                0x00000000000032e2        0x8 /home/lloydf/Arduino/PB3D/tests/test_gpio_lasers/build/libraries/Adafruit_VL53L0X/core/src/vl53l0x_api.cpp.o
                0x00000000000032e2                VL53L0X_SetVcselPulsePeriod
 .text.VL53L0X_GetVcselPulsePeriod
                0x00000000000032ea        0x8 /home/lloydf/Arduino/PB3D/tests/test_gpio_lasers/build/libraries/Adafruit_VL53L0X/core/src/vl53l0x_api.cpp.o
                0x00000000000032ea                VL53L0X_GetVcselPulsePeriod
 .text.VL53L0X_SetSequenceStepEnable
                0x00000000000032f2       0xa0 /home/lloydf/Arduino/PB3D/tests/test_gpio_lasers/build/libraries/Adafruit_VL53L0X/core/src/vl53l0x_api.cpp.o
                0x00000000000032f2                VL53L0X_SetSequenceStepEnable
 .text.VL53L0X_GetSequenceStepEnables
                0x0000000000003392       0x3a /home/lloydf/Arduino/PB3D/tests/test_gpio_lasers/build/libraries/Adafruit_VL53L0X/core/src/vl53l0x_api.cpp.o
                0x0000000000003392                VL53L0X_GetSequenceStepEnables
 .text.VL53L0X_GetSequenceStepTimeout
                0x00000000000033cc       0x40 /home/lloydf/Arduino/PB3D/tests/test_gpio_lasers/build/libraries/Adafruit_VL53L0X/core/src/vl53l0x_api.cpp.o
                0x00000000000033cc                VL53L0X_GetSequenceStepTimeout
 .text.VL53L0X_GetInterMeasurementPeriodMilliSeconds
                0x000000000000340c       0x3a /home/lloydf/Arduino/PB3D/tests/test_gpio_lasers/build/libraries/Adafruit_VL53L0X/core/src/vl53l0x_api.cpp.o
                0x000000000000340c                VL53L0X_GetInterMeasurementPeriodMilliSeconds
 .text.VL53L0X_GetXTalkCompensationEnable
                0x0000000000003446        0x8 /home/lloydf/Arduino/PB3D/tests/test_gpio_lasers/build/libraries/Adafruit_VL53L0X/core/src/vl53l0x_api.cpp.o
                0x0000000000003446                VL53L0X_GetXTalkCompensationEnable
 .text.VL53L0X_GetXTalkCompensationRateMegaCps
                0x000000000000344e       0x30 /home/lloydf/Arduino/PB3D/tests/test_gpio_lasers/build/libraries/Adafruit_VL53L0X/core/src/vl53l0x_api.cpp.o
                0x000000000000344e                VL53L0X_GetXTalkCompensationRateMegaCps
 .text.VL53L0X_SetLimitCheckEnable
                0x000000000000347e       0x86 /home/lloydf/Arduino/PB3D/tests/test_gpio_lasers/build/libraries/Adafruit_VL53L0X/core/src/vl53l0x_api.cpp.o
                0x000000000000347e                VL53L0X_SetLimitCheckEnable
 .text.VL53L0X_GetLimitCheckEnable
                0x0000000000003504       0x1a /home/lloydf/Arduino/PB3D/tests/test_gpio_lasers/build/libraries/Adafruit_VL53L0X/core/src/vl53l0x_api.cpp.o
                0x0000000000003504                VL53L0X_GetLimitCheckEnable
 .text.VL53L0X_SetLimitCheckValue
                0x000000000000351e       0x62 /home/lloydf/Arduino/PB3D/tests/test_gpio_lasers/build/libraries/Adafruit_VL53L0X/core/src/vl53l0x_api.cpp.o
                0x000000000000351e                VL53L0X_SetLimitCheckValue
 .text.VL53L0X_GetLimitCheckValue
                0x0000000000003580       0x72 /home/lloydf/Arduino/PB3D/tests/test_gpio_lasers/build/libraries/Adafruit_VL53L0X/core/src/vl53l0x_api.cpp.o
                0x0000000000003580                VL53L0X_GetLimitCheckValue
 .text.VL53L0X_GetWrapAroundCheckEnable
                0x00000000000035f2       0x34 /home/lloydf/Arduino/PB3D/tests/test_gpio_lasers/build/libraries/Adafruit_VL53L0X/core/src/vl53l0x_api.cpp.o
                0x00000000000035f2                VL53L0X_GetWrapAroundCheckEnable
 .text.VL53L0X_GetDeviceParameters
                0x0000000000003626       0x70 /home/lloydf/Arduino/PB3D/tests/test_gpio_lasers/build/libraries/Adafruit_VL53L0X/core/src/vl53l0x_api.cpp.o
                0x0000000000003626                VL53L0X_GetDeviceParameters
 *fill*         0x0000000000003696        0x2 
 .text.VL53L0X_DataInit
                0x0000000000003698      0x184 /home/lloydf/Arduino/PB3D/tests/test_gpio_lasers/build/libraries/Adafruit_VL53L0X/core/src/vl53l0x_api.cpp.o
                0x0000000000003698                VL53L0X_DataInit
 .text.VL53L0X_PerformRefCalibration
                0x000000000000381c        0xa /home/lloydf/Arduino/PB3D/tests/test_gpio_lasers/build/libraries/Adafruit_VL53L0X/core/src/vl53l0x_api.cpp.o
                0x000000000000381c                VL53L0X_PerformRefCalibration
 *fill*         0x0000000000003826        0x2 
 .text.VL53L0X_GetRangingMeasurementData
                0x0000000000003828      0x12c /home/lloydf/Arduino/PB3D/tests/test_gpio_lasers/build/libraries/Adafruit_VL53L0X/core/src/vl53l0x_api.cpp.o
                0x0000000000003828                VL53L0X_GetRangingMeasurementData
 .text.VL53L0X_GetInterruptThresholds
                0x0000000000003954       0x40 /home/lloydf/Arduino/PB3D/tests/test_gpio_lasers/build/libraries/Adafruit_VL53L0X/core/src/vl53l0x_api.cpp.o
                0x0000000000003954                VL53L0X_GetInterruptThresholds
 .text._Z37VL53L0X_CheckAndLoadInterruptSettingsP13VL53L0X_Dev_th
                0x0000000000003994       0x80 /home/lloydf/Arduino/PB3D/tests/test_gpio_lasers/build/libraries/Adafruit_VL53L0X/core/src/vl53l0x_api.cpp.o
                0x0000000000003994                VL53L0X_CheckAndLoadInterruptSettings(VL53L0X_Dev_t*, unsigned char)
 .text.VL53L0X_StartMeasurement
                0x0000000000003a14       0xd0 /home/lloydf/Arduino/PB3D/tests/test_gpio_lasers/build/libraries/Adafruit_VL53L0X/core/src/vl53l0x_api.cpp.o
                0x0000000000003a14                VL53L0X_StartMeasurement
 .text.VL53L0X_PerformSingleMeasurement
                0x0000000000003ae4       0x2e /home/lloydf/Arduino/PB3D/tests/test_gpio_lasers/build/libraries/Adafruit_VL53L0X/core/src/vl53l0x_api.cpp.o
                0x0000000000003ae4                VL53L0X_PerformSingleMeasurement
 .text.VL53L0X_ClearInterruptMask
                0x0000000000003b12       0x52 /home/lloydf/Arduino/PB3D/tests/test_gpio_lasers/build/libraries/Adafruit_VL53L0X/core/src/vl53l0x_api.cpp.o
                0x0000000000003b12                VL53L0X_ClearInterruptMask
 .text.VL53L0X_PerformSingleRangingMeasurement
                0x0000000000003b64       0x28 /home/lloydf/Arduino/PB3D/tests/test_gpio_lasers/build/libraries/Adafruit_VL53L0X/core/src/vl53l0x_api.cpp.o
                0x0000000000003b64                VL53L0X_PerformSingleRangingMeasurement
 .text.VL53L0X_SetGpioConfig.part.1
                0x0000000000003b8c      0x136 /home/lloydf/Arduino/PB3D/tests/test_gpio_lasers/build/libraries/Adafruit_VL53L0X/core/src/vl53l0x_api.cpp.o
 *fill*         0x0000000000003cc2        0x2 
 .text.VL53L0X_StaticInit
                0x0000000000003cc4      0x180 /home/lloydf/Arduino/PB3D/tests/test_gpio_lasers/build/libraries/Adafruit_VL53L0X/core/src/vl53l0x_api.cpp.o
                0x0000000000003cc4                VL53L0X_StaticInit
 .text.VL53L0X_GetInterruptMaskStatus
                0x0000000000003e44       0x24 /home/lloydf/Arduino/PB3D/tests/test_gpio_lasers/build/libraries/Adafruit_VL53L0X/core/src/vl53l0x_api.cpp.o
                0x0000000000003e44                VL53L0X_GetInterruptMaskStatus
 .text.VL53L0X_GetMeasurementDataReady
                0x0000000000003e68       0x3e /home/lloydf/Arduino/PB3D/tests/test_gpio_lasers/build/libraries/Adafruit_VL53L0X/core/src/vl53l0x_api.cpp.o
                0x0000000000003e68                VL53L0X_GetMeasurementDataReady
 .text.VL53L0X_PerformRefSpadManagement
                0x0000000000003ea6        0x8 /home/lloydf/Arduino/PB3D/tests/test_gpio_lasers/build/libraries/Adafruit_VL53L0X/core/src/vl53l0x_api.cpp.o
                0x0000000000003ea6                VL53L0X_PerformRefSpadManagement
 *fill*         0x0000000000003eae        0x2 
 .text.VL53L0X_get_offset_calibration_data_micro_meter
                0x0000000000003eb0       0x34 /home/lloydf/Arduino/PB3D/tests/test_gpio_lasers/build/libraries/Adafruit_VL53L0X/core/src/vl53l0x_api_calibration.cpp.o
                0x0000000000003eb0                VL53L0X_get_offset_calibration_data_micro_meter
 .text._Z18get_next_good_spadPhmmPl
                0x0000000000003ee4       0x52 /home/lloydf/Arduino/PB3D/tests/test_gpio_lasers/build/libraries/Adafruit_VL53L0X/core/src/vl53l0x_api_calibration.cpp.o
                0x0000000000003ee4                get_next_good_spad(unsigned char*, unsigned long, unsigned long, long*)
 *fill*         0x0000000000003f36        0x2 
 .text._Z11is_aperturem
                0x0000000000003f38       0x14 /home/lloydf/Arduino/PB3D/tests/test_gpio_lasers/build/libraries/Adafruit_VL53L0X/core/src/vl53l0x_api_calibration.cpp.o
                0x0000000000003f38                is_aperture(unsigned long)
 .text._Z15enable_spad_bitPhmm
                0x0000000000003f4c       0x24 /home/lloydf/Arduino/PB3D/tests/test_gpio_lasers/build/libraries/Adafruit_VL53L0X/core/src/vl53l0x_api_calibration.cpp.o
                0x0000000000003f4c                enable_spad_bit(unsigned char*, unsigned long, unsigned long)
 .text._Z16set_ref_spad_mapP13VL53L0X_Dev_tPh
                0x0000000000003f70        0xe /home/lloydf/Arduino/PB3D/tests/test_gpio_lasers/build/libraries/Adafruit_VL53L0X/core/src/vl53l0x_api_calibration.cpp.o
                0x0000000000003f70                set_ref_spad_map(VL53L0X_Dev_t*, unsigned char*)
 .text._Z16get_ref_spad_mapP13VL53L0X_Dev_tPh
                0x0000000000003f7e        0xe /home/lloydf/Arduino/PB3D/tests/test_gpio_lasers/build/libraries/Adafruit_VL53L0X/core/src/vl53l0x_api_calibration.cpp.o
                0x0000000000003f7e                get_ref_spad_map(VL53L0X_Dev_t*, unsigned char*)
 .text._Z16enable_ref_spadsP13VL53L0X_Dev_thPhS1_mmmmPm
                0x0000000000003f8c       0x8e /home/lloydf/Arduino/PB3D/tests/test_gpio_lasers/build/libraries/Adafruit_VL53L0X/core/src/vl53l0x_api_calibration.cpp.o
                0x0000000000003f8c                enable_ref_spads(VL53L0X_Dev_t*, unsigned char, unsigned char*, unsigned char*, unsigned long, unsigned long, unsigned long, unsigned long, unsigned long*)
 .text._Z30perform_ref_signal_measurementP13VL53L0X_Dev_tPt
                0x000000000000401a       0x64 /home/lloydf/Arduino/PB3D/tests/test_gpio_lasers/build/libraries/Adafruit_VL53L0X/core/src/vl53l0x_api_calibration.cpp.o
                0x000000000000401a                perform_ref_signal_measurement(VL53L0X_Dev_t*, unsigned short*)
 .text.VL53L0X_set_reference_spads
                0x000000000000407e       0x9e /home/lloydf/Arduino/PB3D/tests/test_gpio_lasers/build/libraries/Adafruit_VL53L0X/core/src/vl53l0x_api_calibration.cpp.o
                0x000000000000407e                VL53L0X_set_reference_spads
 .text._Z38VL53L0X_perform_single_ref_calibrationP13VL53L0X_Dev_th
                0x000000000000411c       0x34 /home/lloydf/Arduino/PB3D/tests/test_gpio_lasers/build/libraries/Adafruit_VL53L0X/core/src/vl53l0x_api_calibration.cpp.o
                0x000000000000411c                VL53L0X_perform_single_ref_calibration(VL53L0X_Dev_t*, unsigned char)
 .text._Z26VL53L0X_ref_calibration_ioP13VL53L0X_Dev_thhhPhS1_hh
                0x0000000000004150       0xd4 /home/lloydf/Arduino/PB3D/tests/test_gpio_lasers/build/libraries/Adafruit_VL53L0X/core/src/vl53l0x_api_calibration.cpp.o
                0x0000000000004150                VL53L0X_ref_calibration_io(VL53L0X_Dev_t*, unsigned char, unsigned char, unsigned char, unsigned char*, unsigned char*, unsigned char, unsigned char)
 .text._Z31VL53L0X_perform_vhv_calibrationP13VL53L0X_Dev_tPhhh
                0x0000000000004224       0x8c /home/lloydf/Arduino/PB3D/tests/test_gpio_lasers/build/libraries/Adafruit_VL53L0X/core/src/vl53l0x_api_calibration.cpp.o
                0x0000000000004224                VL53L0X_perform_vhv_calibration(VL53L0X_Dev_t*, unsigned char*, unsigned char, unsigned char)
 .text.VL53L0X_perform_phase_calibration
                0x00000000000042b0       0x8a /home/lloydf/Arduino/PB3D/tests/test_gpio_lasers/build/libraries/Adafruit_VL53L0X/core/src/vl53l0x_api_calibration.cpp.o
                0x00000000000042b0                VL53L0X_perform_phase_calibration
 .text.VL53L0X_perform_ref_calibration
                0x000000000000433a       0x3c /home/lloydf/Arduino/PB3D/tests/test_gpio_lasers/build/libraries/Adafruit_VL53L0X/core/src/vl53l0x_api_calibration.cpp.o
                0x000000000000433a                VL53L0X_perform_ref_calibration
 .text.VL53L0X_perform_ref_spad_management
                0x0000000000004376      0x268 /home/lloydf/Arduino/PB3D/tests/test_gpio_lasers/build/libraries/Adafruit_VL53L0X/core/src/vl53l0x_api_calibration.cpp.o
                0x0000000000004376                VL53L0X_perform_ref_spad_management
 .text.VL53L0X_measurement_poll_for_completion
                0x00000000000045de       0x34 /home/lloydf/Arduino/PB3D/tests/test_gpio_lasers/build/libraries/Adafruit_VL53L0X/core/src/vl53l0x_api_core.cpp.o
                0x00000000000045de                VL53L0X_measurement_poll_for_completion
 .text.VL53L0X_isqrt
                0x0000000000004612       0x26 /home/lloydf/Arduino/PB3D/tests/test_gpio_lasers/build/libraries/Adafruit_VL53L0X/core/src/vl53l0x_api_core.cpp.o
                0x0000000000004612                VL53L0X_isqrt
 .text._Z26VL53L0X_device_read_strobeP13VL53L0X_Dev_t
                0x0000000000004638       0x44 /home/lloydf/Arduino/PB3D/tests/test_gpio_lasers/build/libraries/Adafruit_VL53L0X/core/src/vl53l0x_api_core.cpp.o
                0x0000000000004638                VL53L0X_device_read_strobe(VL53L0X_Dev_t*)
 .text.VL53L0X_get_info_from_device
                0x000000000000467c      0x540 /home/lloydf/Arduino/PB3D/tests/test_gpio_lasers/build/libraries/Adafruit_VL53L0X/core/src/vl53l0x_api_core.cpp.o
                0x000000000000467c                VL53L0X_get_info_from_device
 .text.VL53L0X_encode_timeout
                0x0000000000004bbc       0x22 /home/lloydf/Arduino/PB3D/tests/test_gpio_lasers/build/libraries/Adafruit_VL53L0X/core/src/vl53l0x_api_core.cpp.o
                0x0000000000004bbc                VL53L0X_encode_timeout
 .text.VL53L0X_decode_timeout
                0x0000000000004bde        0xc /home/lloydf/Arduino/PB3D/tests/test_gpio_lasers/build/libraries/Adafruit_VL53L0X/core/src/vl53l0x_api_core.cpp.o
                0x0000000000004bde                VL53L0X_decode_timeout
 *fill*         0x0000000000004bea        0x2 
 .text.VL53L0X_calc_timeout_mclks
                0x0000000000004bec       0x34 /home/lloydf/Arduino/PB3D/tests/test_gpio_lasers/build/libraries/Adafruit_VL53L0X/core/src/vl53l0x_api_core.cpp.o
                0x0000000000004bec                VL53L0X_calc_timeout_mclks
 .text.set_sequence_step_timeout.part.1
                0x0000000000004c20       0xca /home/lloydf/Arduino/PB3D/tests/test_gpio_lasers/build/libraries/Adafruit_VL53L0X/core/src/vl53l0x_api_core.cpp.o
 *fill*         0x0000000000004cea        0x2 
 .text._Z23VL53L0X_calc_timeout_usP13VL53L0X_Dev_tth
                0x0000000000004cec       0x34 /home/lloydf/Arduino/PB3D/tests/test_gpio_lasers/build/libraries/Adafruit_VL53L0X/core/src/vl53l0x_api_core.cpp.o
                0x0000000000004cec                VL53L0X_calc_timeout_us(VL53L0X_Dev_t*, unsigned short, unsigned char)
 .text.get_sequence_step_timeout
                0x0000000000004d20      0x10a /home/lloydf/Arduino/PB3D/tests/test_gpio_lasers/build/libraries/Adafruit_VL53L0X/core/src/vl53l0x_api_core.cpp.o
                0x0000000000004d20                get_sequence_step_timeout
 .text.set_sequence_step_timeout
                0x0000000000004e2a       0x4a /home/lloydf/Arduino/PB3D/tests/test_gpio_lasers/build/libraries/Adafruit_VL53L0X/core/src/vl53l0x_api_core.cpp.o
                0x0000000000004e2a                set_sequence_step_timeout
 .text.VL53L0X_set_vcsel_pulse_period
                0x0000000000004e74      0x220 /home/lloydf/Arduino/PB3D/tests/test_gpio_lasers/build/libraries/Adafruit_VL53L0X/core/src/vl53l0x_api_core.cpp.o
                0x0000000000004e74                VL53L0X_set_vcsel_pulse_period
 .text.VL53L0X_get_vcsel_pulse_period
                0x0000000000005094       0x36 /home/lloydf/Arduino/PB3D/tests/test_gpio_lasers/build/libraries/Adafruit_VL53L0X/core/src/vl53l0x_api_core.cpp.o
                0x0000000000005094                VL53L0X_get_vcsel_pulse_period
 *fill*         0x00000000000050ca        0x2 
 .text.VL53L0X_set_measurement_timing_budget_micro_seconds
                0x00000000000050cc       0xe0 /home/lloydf/Arduino/PB3D/tests/test_gpio_lasers/build/libraries/Adafruit_VL53L0X/core/src/vl53l0x_api_core.cpp.o
                0x00000000000050cc                VL53L0X_set_measurement_timing_budget_micro_seconds
 .text.VL53L0X_get_measurement_timing_budget_micro_seconds
                0x00000000000051ac       0xd8 /home/lloydf/Arduino/PB3D/tests/test_gpio_lasers/build/libraries/Adafruit_VL53L0X/core/src/vl53l0x_api_core.cpp.o
                0x00000000000051ac                VL53L0X_get_measurement_timing_budget_micro_seconds
 .text.VL53L0X_load_tuning_settings
                0x0000000000005284       0x8c /home/lloydf/Arduino/PB3D/tests/test_gpio_lasers/build/libraries/Adafruit_VL53L0X/core/src/vl53l0x_api_core.cpp.o
                0x0000000000005284                VL53L0X_load_tuning_settings
 .text.VL53L0X_get_total_xtalk_rate
                0x0000000000005310       0x2e /home/lloydf/Arduino/PB3D/tests/test_gpio_lasers/build/libraries/Adafruit_VL53L0X/core/src/vl53l0x_api_core.cpp.o
                0x0000000000005310                VL53L0X_get_total_xtalk_rate
 .text.VL53L0X_get_total_signal_rate
                0x000000000000533e       0x1c /home/lloydf/Arduino/PB3D/tests/test_gpio_lasers/build/libraries/Adafruit_VL53L0X/core/src/vl53l0x_api_core.cpp.o
                0x000000000000533e                VL53L0X_get_total_signal_rate
 *fill*         0x000000000000535a        0x2 
 .text._Z17VL53L0X_calc_dmaxP13VL53L0X_Dev_tmmmmmmPm
                0x000000000000535c       0xec /home/lloydf/Arduino/PB3D/tests/test_gpio_lasers/build/libraries/Adafruit_VL53L0X/core/src/vl53l0x_api_core.cpp.o
                0x000000000000535c                VL53L0X_calc_dmax(VL53L0X_Dev_t*, unsigned long, unsigned long, unsigned long, unsigned long, unsigned long, unsigned long, unsigned long*)
 .text.VL53L0X_calc_sigma_estimate
                0x0000000000005448      0x20c /home/lloydf/Arduino/PB3D/tests/test_gpio_lasers/build/libraries/Adafruit_VL53L0X/core/src/vl53l0x_api_core.cpp.o
                0x0000000000005448                VL53L0X_calc_sigma_estimate
 .text.VL53L0X_get_pal_range_status
                0x0000000000005654      0x20c /home/lloydf/Arduino/PB3D/tests/test_gpio_lasers/build/libraries/Adafruit_VL53L0X/core/src/vl53l0x_api_core.cpp.o
                0x0000000000005654                VL53L0X_get_pal_range_status
 .text._Z23VL53L0X_check_part_usedP13VL53L0X_Dev_tPhP20VL53L0X_DeviceInfo_t
                0x0000000000005860       0x40 /home/lloydf/Arduino/PB3D/tests/test_gpio_lasers/build/libraries/Adafruit_VL53L0X/core/src/vl53l0x_api_strings.cpp.o
                0x0000000000005860                VL53L0X_check_part_used(VL53L0X_Dev_t*, unsigned char*, VL53L0X_DeviceInfo_t*)
 .text.VL53L0X_get_device_info
                0x00000000000058a0       0x88 /home/lloydf/Arduino/PB3D/tests/test_gpio_lasers/build/libraries/Adafruit_VL53L0X/core/src/vl53l0x_api_strings.cpp.o
                0x00000000000058a0                VL53L0X_get_device_info
 .text._Z19VL53L0X_write_multihhPhmP7TwoWire
                0x0000000000005928       0x3a /home/lloydf/Arduino/PB3D/tests/test_gpio_lasers/build/libraries/Adafruit_VL53L0X/platform/src/vl53l0x_i2c_comms.cpp.o
                0x0000000000005928                VL53L0X_write_multi(unsigned char, unsigned char, unsigned char*, unsigned long, TwoWire*)
 .text._Z18VL53L0X_read_multihhPhmP7TwoWire
                0x0000000000005962       0x46 /home/lloydf/Arduino/PB3D/tests/test_gpio_lasers/build/libraries/Adafruit_VL53L0X/platform/src/vl53l0x_i2c_comms.cpp.o
                0x0000000000005962                VL53L0X_read_multi(unsigned char, unsigned char, unsigned char*, unsigned long, TwoWire*)
 .text._Z18VL53L0X_write_bytehhhP7TwoWire
                0x00000000000059a8       0x16 /home/lloydf/Arduino/PB3D/tests/test_gpio_lasers/build/libraries/Adafruit_VL53L0X/platform/src/vl53l0x_i2c_comms.cpp.o
                0x00000000000059a8                VL53L0X_write_byte(unsigned char, unsigned char, unsigned char, TwoWire*)
 .text._Z18VL53L0X_write_wordhhtP7TwoWire
                0x00000000000059be       0x18 /home/lloydf/Arduino/PB3D/tests/test_gpio_lasers/build/libraries/Adafruit_VL53L0X/platform/src/vl53l0x_i2c_comms.cpp.o
                0x00000000000059be                VL53L0X_write_word(unsigned char, unsigned char, unsigned short, TwoWire*)
 .text._Z17VL53L0X_read_bytehhPhP7TwoWire
                0x00000000000059d6        0xc /home/lloydf/Arduino/PB3D/tests/test_gpio_lasers/build/libraries/Adafruit_VL53L0X/platform/src/vl53l0x_i2c_comms.cpp.o
                0x00000000000059d6                VL53L0X_read_byte(unsigned char, unsigned char, unsigned char*, TwoWire*)
 .text._Z17VL53L0X_read_wordhhPtP7TwoWire
                0x00000000000059e2       0x1c /home/lloydf/Arduino/PB3D/tests/test_gpio_lasers/build/libraries/Adafruit_VL53L0X/platform/src/vl53l0x_i2c_comms.cpp.o
                0x00000000000059e2                VL53L0X_read_word(unsigned char, unsigned char, unsigned short*, TwoWire*)
 .text._Z18VL53L0X_read_dwordhhPmP7TwoWire
                0x00000000000059fe       0x2a /home/lloydf/Arduino/PB3D/tests/test_gpio_lasers/build/libraries/Adafruit_VL53L0X/platform/src/vl53l0x_i2c_comms.cpp.o
                0x00000000000059fe                VL53L0X_read_dword(unsigned char, unsigned char, unsigned long*, TwoWire*)
 .text.VL53L0X_WriteMulti
                0x0000000000005a28       0x28 /home/lloydf/Arduino/PB3D/tests/test_gpio_lasers/build/libraries/Adafruit_VL53L0X/platform/src/vl53l0x_platform.cpp.o
                0x0000000000005a28                VL53L0X_WriteMulti
 .text.VL53L0X_ReadMulti
                0x0000000000005a50       0x28 /home/lloydf/Arduino/PB3D/tests/test_gpio_lasers/build/libraries/Adafruit_VL53L0X/platform/src/vl53l0x_platform.cpp.o
                0x0000000000005a50                VL53L0X_ReadMulti
 .text.VL53L0X_WrByte
                0x0000000000005a78       0x1e /home/lloydf/Arduino/PB3D/tests/test_gpio_lasers/build/libraries/Adafruit_VL53L0X/platform/src/vl53l0x_platform.cpp.o
                0x0000000000005a78                VL53L0X_WrByte
 .text.VL53L0X_WrWord
                0x0000000000005a96       0x1e /home/lloydf/Arduino/PB3D/tests/test_gpio_lasers/build/libraries/Adafruit_VL53L0X/platform/src/vl53l0x_platform.cpp.o
                0x0000000000005a96                VL53L0X_WrWord
 .text.VL53L0X_UpdateByte
                0x0000000000005ab4       0x4e /home/lloydf/Arduino/PB3D/tests/test_gpio_lasers/build/libraries/Adafruit_VL53L0X/platform/src/vl53l0x_platform.cpp.o
                0x0000000000005ab4                VL53L0X_UpdateByte
 .text.VL53L0X_RdByte
                0x0000000000005b02       0x1e /home/lloydf/Arduino/PB3D/tests/test_gpio_lasers/build/libraries/Adafruit_VL53L0X/platform/src/vl53l0x_platform.cpp.o
                0x0000000000005b02                VL53L0X_RdByte
 .text.VL53L0X_RdWord
                0x0000000000005b20       0x1e /home/lloydf/Arduino/PB3D/tests/test_gpio_lasers/build/libraries/Adafruit_VL53L0X/platform/src/vl53l0x_platform.cpp.o
                0x0000000000005b20                VL53L0X_RdWord
 .text.VL53L0X_RdDWord
                0x0000000000005b3e       0x1e /home/lloydf/Arduino/PB3D/tests/test_gpio_lasers/build/libraries/Adafruit_VL53L0X/platform/src/vl53l0x_platform.cpp.o
                0x0000000000005b3e                VL53L0X_RdDWord
 .text.VL53L0X_PollingDelay
                0x0000000000005b5c       0x1a /home/lloydf/Arduino/PB3D/tests/test_gpio_lasers/build/libraries/Adafruit_VL53L0X/platform/src/vl53l0x_platform.cpp.o
                0x0000000000005b5c                VL53L0X_PollingDelay
 *fill*         0x0000000000005b76        0x2 
 .text.SERCOM4_Handler
                0x0000000000005b78       0x10 /home/lloydf/Arduino/PB3D/tests/test_gpio_lasers/build/core/variant.cpp.o
                0x0000000000005b78                SERCOM4_Handler
 .text.startup._GLOBAL__sub_I_g_APinDescription
                0x0000000000005b88       0x80 /home/lloydf/Arduino/PB3D/tests/test_gpio_lasers/build/core/variant.cpp.o
 .text._ZN5Print5writeEPKhj
                0x0000000000005c08       0x28 /home/lloydf/Arduino/PB3D/tests/test_gpio_lasers/build/../../../../../../../tmp/arduino/cores/c559d7b91b0f99147fdb07383d45e8cf/core.a(Print.cpp.o)
                0x0000000000005c08                Print::write(unsigned char const*, unsigned int)
 .text._ZN5Print5writeEPKc.part.2
                0x0000000000005c30       0x1a /home/lloydf/Arduino/PB3D/tests/test_gpio_lasers/build/../../../../../../../tmp/arduino/cores/c559d7b91b0f99147fdb07383d45e8cf/core.a(Print.cpp.o)
 .text._ZN5Print5writeEPKc
                0x0000000000005c4a       0x10 /home/lloydf/Arduino/PB3D/tests/test_gpio_lasers/build/../../../../../../../tmp/arduino/cores/c559d7b91b0f99147fdb07383d45e8cf/core.a(Print.cpp.o)
                0x0000000000005c4a                Print::write(char const*)
 .text._ZN5Print5printEPK19__FlashStringHelper
                0x0000000000005c5a        0x8 /home/lloydf/Arduino/PB3D/tests/test_gpio_lasers/build/../../../../../../../tmp/arduino/cores/c559d7b91b0f99147fdb07383d45e8cf/core.a(Print.cpp.o)
                0x0000000000005c5a                Print::print(__FlashStringHelper const*)
 .text._ZN5Print5printEPKc
                0x0000000000005c62        0x8 /home/lloydf/Arduino/PB3D/tests/test_gpio_lasers/build/../../../../../../../tmp/arduino/cores/c559d7b91b0f99147fdb07383d45e8cf/core.a(Print.cpp.o)
                0x0000000000005c62                Print::print(char const*)
 .text._ZN5Print5printEc
                0x0000000000005c6a        0xa /home/lloydf/Arduino/PB3D/tests/test_gpio_lasers/build/../../../../../../../tmp/arduino/cores/c559d7b91b0f99147fdb07383d45e8cf/core.a(Print.cpp.o)
                0x0000000000005c6a                Print::print(char)
 .text._ZN5Print7printlnEv
                0x0000000000005c74       0x10 /home/lloydf/Arduino/PB3D/tests/test_gpio_lasers/build/../../../../../../../tmp/arduino/cores/c559d7b91b0f99147fdb07383d45e8cf/core.a(Print.cpp.o)
                0x0000000000005c74                Print::println()
 .text._ZN5Print7printlnEPK19__FlashStringHelper
                0x0000000000005c84       0x14 /home/lloydf/Arduino/PB3D/tests/test_gpio_lasers/build/../../../../../../../tmp/arduino/cores/c559d7b91b0f99147fdb07383d45e8cf/core.a(Print.cpp.o)
                0x0000000000005c84                Print::println(__FlashStringHelper const*)
 .text._ZN5Print7printlnEPKc
                0x0000000000005c98       0x14 /home/lloydf/Arduino/PB3D/tests/test_gpio_lasers/build/../../../../../../../tmp/arduino/cores/c559d7b91b0f99147fdb07383d45e8cf/core.a(Print.cpp.o)
                0x0000000000005c98                Print::println(char const*)
 .text._ZN5Print7printlnEc
                0x0000000000005cac       0x14 /home/lloydf/Arduino/PB3D/tests/test_gpio_lasers/build/../../../../../../../tmp/arduino/cores/c559d7b91b0f99147fdb07383d45e8cf/core.a(Print.cpp.o)
                0x0000000000005cac                Print::println(char)
 .text._ZN5Print11printNumberEmh
                0x0000000000005cc0       0x48 /home/lloydf/Arduino/PB3D/tests/test_gpio_lasers/build/../../../../../../../tmp/arduino/cores/c559d7b91b0f99147fdb07383d45e8cf/core.a(Print.cpp.o)
                0x0000000000005cc0                Print::printNumber(unsigned long, unsigned char)
 .text._ZN5Print5printEli
                0x0000000000005d08       0x3e /home/lloydf/Arduino/PB3D/tests/test_gpio_lasers/build/../../../../../../../tmp/arduino/cores/c559d7b91b0f99147fdb07383d45e8cf/core.a(Print.cpp.o)
                0x0000000000005d08                Print::print(long, int)
 .text._ZN5Print5printEii
                0x0000000000005d46        0x8 /home/lloydf/Arduino/PB3D/tests/test_gpio_lasers/build/../../../../../../../tmp/arduino/cores/c559d7b91b0f99147fdb07383d45e8cf/core.a(Print.cpp.o)
                0x0000000000005d46                Print::print(int, int)
 .text._ZN5Print7printlnEii
                0x0000000000005d4e       0x14 /home/lloydf/Arduino/PB3D/tests/test_gpio_lasers/build/../../../../../../../tmp/arduino/cores/c559d7b91b0f99147fdb07383d45e8cf/core.a(Print.cpp.o)
                0x0000000000005d4e                Print::println(int, int)
 .text._ZN5Print5printEmi
                0x0000000000005d62       0x18 /home/lloydf/Arduino/PB3D/tests/test_gpio_lasers/build/../../../../../../../tmp/arduino/cores/c559d7b91b0f99147fdb07383d45e8cf/core.a(Print.cpp.o)
                0x0000000000005d62                Print::print(unsigned long, int)
 .text._ZN5Print5printEhi
                0x0000000000005d7a        0x8 /home/lloydf/Arduino/PB3D/tests/test_gpio_lasers/build/../../../../../../../tmp/arduino/cores/c559d7b91b0f99147fdb07383d45e8cf/core.a(Print.cpp.o)
                0x0000000000005d7a                Print::print(unsigned char, int)
 .text._ZN5Print7printlnEhi
                0x0000000000005d82       0x14 /home/lloydf/Arduino/PB3D/tests/test_gpio_lasers/build/../../../../../../../tmp/arduino/cores/c559d7b91b0f99147fdb07383d45e8cf/core.a(Print.cpp.o)
                0x0000000000005d82                Print::println(unsigned char, int)
 .text.__wrap__write
                0x0000000000005d96        0x4 /home/lloydf/Arduino/PB3D/tests/test_gpio_lasers/build/../../../../../../../tmp/arduino/cores/c559d7b91b0f99147fdb07383d45e8cf/core.a(Retarget.cpp.o)
                0x0000000000005d96                __wrap__write
 .text._ZN6SERCOMC2EP6Sercom
                0x0000000000005d9a        0x4 /home/lloydf/Arduino/PB3D/tests/test_gpio_lasers/build/../../../../../../../tmp/arduino/cores/c559d7b91b0f99147fdb07383d45e8cf/core.a(SERCOM.cpp.o)
                0x0000000000005d9a                SERCOM::SERCOM(Sercom*)
                0x0000000000005d9a                SERCOM::SERCOM(Sercom*)
 .text._ZN6SERCOM9initFrameE18SercomUartCharSize15SercomDataOrder16SercomParityMode19SercomNumberStopBit
                0x0000000000005d9e       0x3a /home/lloydf/Arduino/PB3D/tests/test_gpio_lasers/build/../../../../../../../tmp/arduino/cores/c559d7b91b0f99147fdb07383d45e8cf/core.a(SERCOM.cpp.o)
                0x0000000000005d9e                SERCOM::initFrame(SercomUartCharSize, SercomDataOrder, SercomParityMode, SercomNumberStopBit)
 .text._ZN6SERCOM8initPadsE15SercomUartTXPad11SercomRXPad
                0x0000000000005dd8       0x26 /home/lloydf/Arduino/PB3D/tests/test_gpio_lasers/build/../../../../../../../tmp/arduino/cores/c559d7b91b0f99147fdb07383d45e8cf/core.a(SERCOM.cpp.o)
                0x0000000000005dd8                SERCOM::initPads(SercomUartTXPad, SercomRXPad)
 .text._ZN6SERCOM9resetUARTEv
                0x0000000000005dfe       0x1a /home/lloydf/Arduino/PB3D/tests/test_gpio_lasers/build/../../../../../../../tmp/arduino/cores/c559d7b91b0f99147fdb07383d45e8cf/core.a(SERCOM.cpp.o)
                0x0000000000005dfe                SERCOM::resetUART()
 .text._ZN6SERCOM10enableUARTEv
                0x0000000000005e18       0x14 /home/lloydf/Arduino/PB3D/tests/test_gpio_lasers/build/../../../../../../../tmp/arduino/cores/c559d7b91b0f99147fdb07383d45e8cf/core.a(SERCOM.cpp.o)
                0x0000000000005e18                SERCOM::enableUART()
 .text._ZN6SERCOM9flushUARTEv
                0x0000000000005e2c       0x10 /home/lloydf/Arduino/PB3D/tests/test_gpio_lasers/build/../../../../../../../tmp/arduino/cores/c559d7b91b0f99147fdb07383d45e8cf/core.a(SERCOM.cpp.o)
                0x0000000000005e2c                SERCOM::flushUART()
 .text._ZN6SERCOM15clearStatusUARTEv
                0x0000000000005e3c        0x8 /home/lloydf/Arduino/PB3D/tests/test_gpio_lasers/build/../../../../../../../tmp/arduino/cores/c559d7b91b0f99147fdb07383d45e8cf/core.a(SERCOM.cpp.o)
                0x0000000000005e3c                SERCOM::clearStatusUART()
 .text._ZN6SERCOM17availableDataUARTEv
                0x0000000000005e44        0xa /home/lloydf/Arduino/PB3D/tests/test_gpio_lasers/build/../../../../../../../tmp/arduino/cores/c559d7b91b0f99147fdb07383d45e8cf/core.a(SERCOM.cpp.o)
                0x0000000000005e44                SERCOM::availableDataUART()
 .text._ZN6SERCOM11isUARTErrorEv
                0x0000000000005e4e        0x8 /home/lloydf/Arduino/PB3D/tests/test_gpio_lasers/build/../../../../../../../tmp/arduino/cores/c559d7b91b0f99147fdb07383d45e8cf/core.a(SERCOM.cpp.o)
                0x0000000000005e4e                SERCOM::isUARTError()
 .text._ZN6SERCOM20acknowledgeUARTErrorEv
                0x0000000000005e56        0xe /home/lloydf/Arduino/PB3D/tests/test_gpio_lasers/build/../../../../../../../tmp/arduino/cores/c559d7b91b0f99147fdb07383d45e8cf/core.a(SERCOM.cpp.o)
                0x0000000000005e56                SERCOM::acknowledgeUARTError()
 .text._ZN6SERCOM16isFrameErrorUARTEv
                0x0000000000005e64        0xa /home/lloydf/Arduino/PB3D/tests/test_gpio_lasers/build/../../../../../../../tmp/arduino/cores/c559d7b91b0f99147fdb07383d45e8cf/core.a(SERCOM.cpp.o)
                0x0000000000005e64                SERCOM::isFrameErrorUART()
 .text._ZN6SERCOM19clearFrameErrorUARTEv
                0x0000000000005e6e        0xc /home/lloydf/Arduino/PB3D/tests/test_gpio_lasers/build/../../../../../../../tmp/arduino/cores/c559d7b91b0f99147fdb07383d45e8cf/core.a(SERCOM.cpp.o)
                0x0000000000005e6e                SERCOM::clearFrameErrorUART()
 .text._ZN6SERCOM23isDataRegisterEmptyUARTEv
                0x0000000000005e7a        0xa /home/lloydf/Arduino/PB3D/tests/test_gpio_lasers/build/../../../../../../../tmp/arduino/cores/c559d7b91b0f99147fdb07383d45e8cf/core.a(SERCOM.cpp.o)
                0x0000000000005e7a                SERCOM::isDataRegisterEmptyUART()
 .text._ZN6SERCOM12readDataUARTEv
                0x0000000000005e84        0x8 /home/lloydf/Arduino/PB3D/tests/test_gpio_lasers/build/../../../../../../../tmp/arduino/cores/c559d7b91b0f99147fdb07383d45e8cf/core.a(SERCOM.cpp.o)
                0x0000000000005e84                SERCOM::readDataUART()
 .text._ZN6SERCOM13writeDataUARTEh
                0x0000000000005e8c       0x10 /home/lloydf/Arduino/PB3D/tests/test_gpio_lasers/build/../../../../../../../tmp/arduino/cores/c559d7b91b0f99147fdb07383d45e8cf/core.a(SERCOM.cpp.o)
                0x0000000000005e8c                SERCOM::writeDataUART(unsigned char)
 .text._ZN6SERCOM36enableDataRegisterEmptyInterruptUARTEv
                0x0000000000005e9c        0x8 /home/lloydf/Arduino/PB3D/tests/test_gpio_lasers/build/../../../../../../../tmp/arduino/cores/c559d7b91b0f99147fdb07383d45e8cf/core.a(SERCOM.cpp.o)
                0x0000000000005e9c                SERCOM::enableDataRegisterEmptyInterruptUART()
 .text._ZN6SERCOM37disableDataRegisterEmptyInterruptUARTEv
                0x0000000000005ea4        0x8 /home/lloydf/Arduino/PB3D/tests/test_gpio_lasers/build/../../../../../../../tmp/arduino/cores/c559d7b91b0f99147fdb07383d45e8cf/core.a(SERCOM.cpp.o)
                0x0000000000005ea4                SERCOM::disableDataRegisterEmptyInterruptUART()
 .text._ZN6SERCOM9resetWIREEv
                0x0000000000005eac       0x1a /home/lloydf/Arduino/PB3D/tests/test_gpio_lasers/build/../../../../../../../tmp/arduino/cores/c559d7b91b0f99147fdb07383d45e8cf/core.a(SERCOM.cpp.o)
                0x0000000000005eac                SERCOM::resetWIRE()
 .text._ZN6SERCOM10enableWIREEv
                0x0000000000005ec6       0x2a /home/lloydf/Arduino/PB3D/tests/test_gpio_lasers/build/../../../../../../../tmp/arduino/cores/c559d7b91b0f99147fdb07383d45e8cf/core.a(SERCOM.cpp.o)
                0x0000000000005ec6                SERCOM::enableWIRE()
 .text._ZN6SERCOM11disableWIREEv
                0x0000000000005ef0       0x14 /home/lloydf/Arduino/PB3D/tests/test_gpio_lasers/build/../../../../../../../tmp/arduino/cores/c559d7b91b0f99147fdb07383d45e8cf/core.a(SERCOM.cpp.o)
                0x0000000000005ef0                SERCOM::disableWIRE()
 .text._ZN6SERCOM18prepareNackBitWIREEv
                0x0000000000005f04       0x10 /home/lloydf/Arduino/PB3D/tests/test_gpio_lasers/build/../../../../../../../tmp/arduino/cores/c559d7b91b0f99147fdb07383d45e8cf/core.a(SERCOM.cpp.o)
                0x0000000000005f04                SERCOM::prepareNackBitWIRE()
 .text._ZN6SERCOM17prepareAckBitWIREEv
                0x0000000000005f14       0x14 /home/lloydf/Arduino/PB3D/tests/test_gpio_lasers/build/../../../../../../../tmp/arduino/cores/c559d7b91b0f99147fdb07383d45e8cf/core.a(SERCOM.cpp.o)
                0x0000000000005f14                SERCOM::prepareAckBitWIRE()
 .text._ZN6SERCOM22prepareCommandBitsWireEh
                0x0000000000005f28       0x2c /home/lloydf/Arduino/PB3D/tests/test_gpio_lasers/build/../../../../../../../tmp/arduino/cores/c559d7b91b0f99147fdb07383d45e8cf/core.a(SERCOM.cpp.o)
                0x0000000000005f28                SERCOM::prepareCommandBitsWire(unsigned char)
 .text._ZN6SERCOM21startTransmissionWIREEh23SercomWireReadWriteFlag
                0x0000000000005f54       0x7c /home/lloydf/Arduino/PB3D/tests/test_gpio_lasers/build/../../../../../../../tmp/arduino/cores/c559d7b91b0f99147fdb07383d45e8cf/core.a(SERCOM.cpp.o)
                0x0000000000005f54                SERCOM::startTransmissionWIRE(unsigned char, SercomWireReadWriteFlag)
 .text._ZN6SERCOM18sendDataMasterWIREEh
                0x0000000000005fd0       0x24 /home/lloydf/Arduino/PB3D/tests/test_gpio_lasers/build/../../../../../../../tmp/arduino/cores/c559d7b91b0f99147fdb07383d45e8cf/core.a(SERCOM.cpp.o)
                0x0000000000005fd0                SERCOM::sendDataMasterWIRE(unsigned char)
 .text._ZN6SERCOM17sendDataSlaveWIREEh
                0x0000000000005ff4       0x1c /home/lloydf/Arduino/PB3D/tests/test_gpio_lasers/build/../../../../../../../tmp/arduino/cores/c559d7b91b0f99147fdb07383d45e8cf/core.a(SERCOM.cpp.o)
                0x0000000000005ff4                SERCOM::sendDataSlaveWIRE(unsigned char)
 .text._ZN6SERCOM11isSlaveWIREEv
                0x0000000000006010       0x12 /home/lloydf/Arduino/PB3D/tests/test_gpio_lasers/build/../../../../../../../tmp/arduino/cores/c559d7b91b0f99147fdb07383d45e8cf/core.a(SERCOM.cpp.o)
                0x0000000000006010                SERCOM::isSlaveWIRE()
 .text._ZN6SERCOM15isDataReadyWIREEv
                0x0000000000006022        0xa /home/lloydf/Arduino/PB3D/tests/test_gpio_lasers/build/../../../../../../../tmp/arduino/cores/c559d7b91b0f99147fdb07383d45e8cf/core.a(SERCOM.cpp.o)
                0x0000000000006022                SERCOM::isDataReadyWIRE()
 .text._ZN6SERCOM18isStopDetectedWIREEv
                0x000000000000602c        0xa /home/lloydf/Arduino/PB3D/tests/test_gpio_lasers/build/../../../../../../../tmp/arduino/cores/c559d7b91b0f99147fdb07383d45e8cf/core.a(SERCOM.cpp.o)
                0x000000000000602c                SERCOM::isStopDetectedWIRE()
 .text._ZN6SERCOM21isRestartDetectedWIREEv
                0x0000000000006036        0xa /home/lloydf/Arduino/PB3D/tests/test_gpio_lasers/build/../../../../../../../tmp/arduino/cores/c559d7b91b0f99147fdb07383d45e8cf/core.a(SERCOM.cpp.o)
                0x0000000000006036                SERCOM::isRestartDetectedWIRE()
 .text._ZN6SERCOM14isAddressMatchEv
                0x0000000000006040        0xa /home/lloydf/Arduino/PB3D/tests/test_gpio_lasers/build/../../../../../../../tmp/arduino/cores/c559d7b91b0f99147fdb07383d45e8cf/core.a(SERCOM.cpp.o)
                0x0000000000006040                SERCOM::isAddressMatch()
 .text._ZN6SERCOM25isMasterReadOperationWIREEv
                0x000000000000604a        0xa /home/lloydf/Arduino/PB3D/tests/test_gpio_lasers/build/../../../../../../../tmp/arduino/cores/c559d7b91b0f99147fdb07383d45e8cf/core.a(SERCOM.cpp.o)
                0x000000000000604a                SERCOM::isMasterReadOperationWIRE()
 .text._ZN6SERCOM12readDataWIREEv
                0x0000000000006054       0x1a /home/lloydf/Arduino/PB3D/tests/test_gpio_lasers/build/../../../../../../../tmp/arduino/cores/c559d7b91b0f99147fdb07383d45e8cf/core.a(SERCOM.cpp.o)
                0x0000000000006054                SERCOM::readDataWIRE()
 *fill*         0x000000000000606e        0x2 
 .text._ZN6SERCOM14getSercomIndexEv
                0x0000000000006070       0x5c /home/lloydf/Arduino/PB3D/tests/test_gpio_lasers/build/../../../../../../../tmp/arduino/cores/c559d7b91b0f99147fdb07383d45e8cf/core.a(SERCOM.cpp.o)
                0x0000000000006070                SERCOM::getSercomIndex()
 .text._ZN6SERCOM13initClockNVICEv
                0x00000000000060cc       0x90 /home/lloydf/Arduino/PB3D/tests/test_gpio_lasers/build/../../../../../../../tmp/arduino/cores/c559d7b91b0f99147fdb07383d45e8cf/core.a(SERCOM.cpp.o)
                0x00000000000060cc                SERCOM::initClockNVIC()
 .text._ZN6SERCOM8initUARTE14SercomUartMode20SercomUartSampleRatem
                0x000000000000615c       0x6c /home/lloydf/Arduino/PB3D/tests/test_gpio_lasers/build/../../../../../../../tmp/arduino/cores/c559d7b91b0f99147fdb07383d45e8cf/core.a(SERCOM.cpp.o)
                0x000000000000615c                SERCOM::initUART(SercomUartMode, SercomUartSampleRate, unsigned long)
 .text._ZN6SERCOM14initMasterWIREEm
                0x00000000000061c8       0x54 /home/lloydf/Arduino/PB3D/tests/test_gpio_lasers/build/../../../../../../../tmp/arduino/cores/c559d7b91b0f99147fdb07383d45e8cf/core.a(SERCOM.cpp.o)
                0x00000000000061c8                SERCOM::initMasterWIRE(unsigned long)
 .text._ZN7Serial_17availableForWriteEv
                0x000000000000621c        0x4 /home/lloydf/Arduino/PB3D/tests/test_gpio_lasers/build/../../../../../../../tmp/arduino/cores/c559d7b91b0f99147fdb07383d45e8cf/core.a(CDC.cpp.o)
                0x000000000000621c                Serial_::availableForWrite()
 .text._ZN7Serial_5writeEh
                0x0000000000006220       0x14 /home/lloydf/Arduino/PB3D/tests/test_gpio_lasers/build/../../../../../../../tmp/arduino/cores/c559d7b91b0f99147fdb07383d45e8cf/core.a(CDC.cpp.o)
                0x0000000000006220                Serial_::write(unsigned char)
 .text._ZN7Serial_9availableEv
                0x0000000000006234       0x1c /home/lloydf/Arduino/PB3D/tests/test_gpio_lasers/build/../../../../../../../tmp/arduino/cores/c559d7b91b0f99147fdb07383d45e8cf/core.a(CDC.cpp.o)
                0x0000000000006234                Serial_::available()
 .text._ZN7Serial_5flushEv
                0x0000000000006250        0xc /home/lloydf/Arduino/PB3D/tests/test_gpio_lasers/build/../../../../../../../tmp/arduino/cores/c559d7b91b0f99147fdb07383d45e8cf/core.a(CDC.cpp.o)
                0x0000000000006250                Serial_::flush()
 .text._ZN7Serial_5clearEv
                0x000000000000625c        0xc /home/lloydf/Arduino/PB3D/tests/test_gpio_lasers/build/../../../../../../../tmp/arduino/cores/c559d7b91b0f99147fdb07383d45e8cf/core.a(CDC.cpp.o)
                0x000000000000625c                Serial_::clear()
 .text._ZN7Serial_4peekEv
                0x0000000000006268       0x1c /home/lloydf/Arduino/PB3D/tests/test_gpio_lasers/build/../../../../../../../tmp/arduino/cores/c559d7b91b0f99147fdb07383d45e8cf/core.a(CDC.cpp.o)
                0x0000000000006268                Serial_::peek()
 .text._ZN7Serial_4readEv
                0x0000000000006284       0x24 /home/lloydf/Arduino/PB3D/tests/test_gpio_lasers/build/../../../../../../../tmp/arduino/cores/c559d7b91b0f99147fdb07383d45e8cf/core.a(CDC.cpp.o)
                0x0000000000006284                Serial_::read()
 .text._ZN7Serial_5writeEPKhj
                0x00000000000062a8       0x30 /home/lloydf/Arduino/PB3D/tests/test_gpio_lasers/build/../../../../../../../tmp/arduino/cores/c559d7b91b0f99147fdb07383d45e8cf/core.a(CDC.cpp.o)
                0x00000000000062a8                Serial_::write(unsigned char const*, unsigned int)
 .text._Z16CDC_GetInterfacePh
                0x00000000000062d8       0x1c /home/lloydf/Arduino/PB3D/tests/test_gpio_lasers/build/../../../../../../../tmp/arduino/cores/c559d7b91b0f99147fdb07383d45e8cf/core.a(CDC.cpp.o)
                0x00000000000062d8                CDC_GetInterface(unsigned char*)
 .text._Z9CDC_SetupR8USBSetup
                0x00000000000062f4       0x7c /home/lloydf/Arduino/PB3D/tests/test_gpio_lasers/build/../../../../../../../tmp/arduino/cores/c559d7b91b0f99147fdb07383d45e8cf/core.a(CDC.cpp.o)
                0x00000000000062f4                CDC_Setup(USBSetup&)
 .text._ZN7Serial_5beginEm
                0x0000000000006370        0x6 /home/lloydf/Arduino/PB3D/tests/test_gpio_lasers/build/../../../../../../../tmp/arduino/cores/c559d7b91b0f99147fdb07383d45e8cf/core.a(CDC.cpp.o)
                0x0000000000006370                Serial_::begin(unsigned long)
 *fill*         0x0000000000006376        0x2 
 .text._ZN7Serial_cvbEv
                0x0000000000006378       0x34 /home/lloydf/Arduino/PB3D/tests/test_gpio_lasers/build/../../../../../../../tmp/arduino/cores/c559d7b91b0f99147fdb07383d45e8cf/core.a(CDC.cpp.o)
                0x0000000000006378                Serial_::operator bool()
 .text.startup._GLOBAL__sub_I__Z17_CDC_GetInterfacev
                0x00000000000063ac       0x28 /home/lloydf/Arduino/PB3D/tests/test_gpio_lasers/build/../../../../../../../tmp/arduino/cores/c559d7b91b0f99147fdb07383d45e8cf/core.a(CDC.cpp.o)
 .text._ZN26DoubleBufferedEPOutHandlerD2Ev
                0x00000000000063d4        0x2 /home/lloydf/Arduino/PB3D/tests/test_gpio_lasers/build/../../../../../../../tmp/arduino/cores/c559d7b91b0f99147fdb07383d45e8cf/core.a(USBCore.cpp.o)
                0x00000000000063d4                DoubleBufferedEPOutHandler::~DoubleBufferedEPOutHandler()
                0x00000000000063d4                DoubleBufferedEPOutHandler::~DoubleBufferedEPOutHandler()
 .text._ZN26DoubleBufferedEPOutHandler4initEv
                0x00000000000063d6        0x2 /home/lloydf/Arduino/PB3D/tests/test_gpio_lasers/build/../../../../../../../tmp/arduino/cores/c559d7b91b0f99147fdb07383d45e8cf/core.a(USBCore.cpp.o)
                0x00000000000063d6                DoubleBufferedEPOutHandler::init()
 .text._ZL5utox8mPc
                0x00000000000063d8       0x24 /home/lloydf/Arduino/PB3D/tests/test_gpio_lasers/build/../../../../../../../tmp/arduino/cores/c559d7b91b0f99147fdb07383d45e8cf/core.a(USBCore.cpp.o)
 .text._ZN26DoubleBufferedEPOutHandlerD0Ev
                0x00000000000063fc       0x10 /home/lloydf/Arduino/PB3D/tests/test_gpio_lasers/build/../../../../../../../tmp/arduino/cores/c559d7b91b0f99147fdb07383d45e8cf/core.a(USBCore.cpp.o)
                0x00000000000063fc                DoubleBufferedEPOutHandler::~DoubleBufferedEPOutHandler()
 .text._ZN14USBDeviceClass6initEPEmm.part.8
                0x000000000000640c       0xe0 /home/lloydf/Arduino/PB3D/tests/test_gpio_lasers/build/../../../../../../../tmp/arduino/cores/c559d7b91b0f99147fdb07383d45e8cf/core.a(USBCore.cpp.o)
 .text._ZN7__GuardC2Ev
                0x00000000000064ec        0xe /home/lloydf/Arduino/PB3D/tests/test_gpio_lasers/build/../../../../../../../tmp/arduino/cores/c559d7b91b0f99147fdb07383d45e8cf/core.a(USBCore.cpp.o)
                0x00000000000064ec                __Guard::__Guard()
                0x00000000000064ec                __Guard::__Guard()
 .text._ZN7__GuardD2Ev
                0x00000000000064fa        0xe /home/lloydf/Arduino/PB3D/tests/test_gpio_lasers/build/../../../../../../../tmp/arduino/cores/c559d7b91b0f99147fdb07383d45e8cf/core.a(USBCore.cpp.o)
                0x00000000000064fa                __Guard::~__Guard()
                0x00000000000064fa                __Guard::~__Guard()
 .text._ZNK26DoubleBufferedEPOutHandler10_availableEv
                0x0000000000006508       0x6a /home/lloydf/Arduino/PB3D/tests/test_gpio_lasers/build/../../../../../../../tmp/arduino/cores/c559d7b91b0f99147fdb07383d45e8cf/core.a(USBCore.cpp.o)
                0x0000000000006508                DoubleBufferedEPOutHandler::_available() const
 *fill*         0x0000000000006572        0x2 
 .text._ZN26DoubleBufferedEPOutHandler7releaseEv
                0x0000000000006574       0x3c /home/lloydf/Arduino/PB3D/tests/test_gpio_lasers/build/../../../../../../../tmp/arduino/cores/c559d7b91b0f99147fdb07383d45e8cf/core.a(USBCore.cpp.o)
                0x0000000000006574                DoubleBufferedEPOutHandler::release()
 .text._ZN26DoubleBufferedEPOutHandler14handleEndpointEv
                0x00000000000065b0       0xdc /home/lloydf/Arduino/PB3D/tests/test_gpio_lasers/build/../../../../../../../tmp/arduino/cores/c559d7b91b0f99147fdb07383d45e8cf/core.a(USBCore.cpp.o)
                0x00000000000065b0                DoubleBufferedEPOutHandler::handleEndpoint()
 .text._ZN26DoubleBufferedEPOutHandler5_recvEv
                0x000000000000668c      0x184 /home/lloydf/Arduino/PB3D/tests/test_gpio_lasers/build/../../../../../../../tmp/arduino/cores/c559d7b91b0f99147fdb07383d45e8cf/core.a(USBCore.cpp.o)
                0x000000000000668c                DoubleBufferedEPOutHandler::_recv()
 .text._ZN26DoubleBufferedEPOutHandler4peekEv
                0x0000000000006810       0x22 /home/lloydf/Arduino/PB3D/tests/test_gpio_lasers/build/../../../../../../../tmp/arduino/cores/c559d7b91b0f99147fdb07383d45e8cf/core.a(USBCore.cpp.o)
                0x0000000000006810                DoubleBufferedEPOutHandler::peek()
 .text._ZN26DoubleBufferedEPOutHandler9availableEv
                0x0000000000006832       0x18 /home/lloydf/Arduino/PB3D/tests/test_gpio_lasers/build/../../../../../../../tmp/arduino/cores/c559d7b91b0f99147fdb07383d45e8cf/core.a(USBCore.cpp.o)
                0x0000000000006832                DoubleBufferedEPOutHandler::available()
 .text._ZN26DoubleBufferedEPOutHandler4recvEPvm
                0x000000000000684a       0x72 /home/lloydf/Arduino/PB3D/tests/test_gpio_lasers/build/../../../../../../../tmp/arduino/cores/c559d7b91b0f99147fdb07383d45e8cf/core.a(USBCore.cpp.o)
                0x000000000000684a                DoubleBufferedEPOutHandler::recv(void*, unsigned long)
 .text._ZN14USBDeviceClass14SendInterfacesEPm
                0x00000000000068bc       0x2c /home/lloydf/Arduino/PB3D/tests/test_gpio_lasers/build/../../../../../../../tmp/arduino/cores/c559d7b91b0f99147fdb07383d45e8cf/core.a(USBCore.cpp.o)
                0x00000000000068bc                USBDeviceClass::SendInterfaces(unsigned long*)
 .text._ZN14USBDeviceClass14handleEndpointEh
                0x00000000000068e8       0x48 /home/lloydf/Arduino/PB3D/tests/test_gpio_lasers/build/../../../../../../../tmp/arduino/cores/c559d7b91b0f99147fdb07383d45e8cf/core.a(USBCore.cpp.o)
                0x00000000000068e8                USBDeviceClass::handleEndpoint(unsigned char)
 .text._ZN14USBDeviceClass4initEv
                0x0000000000006930      0x110 /home/lloydf/Arduino/PB3D/tests/test_gpio_lasers/build/../../../../../../../tmp/arduino/cores/c559d7b91b0f99147fdb07383d45e8cf/core.a(USBCore.cpp.o)
                0x0000000000006930                USBDeviceClass::init()
 .text._ZN14USBDeviceClass6attachEv
                0x0000000000006a40       0x34 /home/lloydf/Arduino/PB3D/tests/test_gpio_lasers/build/../../../../../../../tmp/arduino/cores/c559d7b91b0f99147fdb07383d45e8cf/core.a(USBCore.cpp.o)
                0x0000000000006a40                USBDeviceClass::attach()
 .text._ZN14USBDeviceClass10setAddressEm
                0x0000000000006a74       0x48 /home/lloydf/Arduino/PB3D/tests/test_gpio_lasers/build/../../../../../../../tmp/arduino/cores/c559d7b91b0f99147fdb07383d45e8cf/core.a(USBCore.cpp.o)
                0x0000000000006a74                USBDeviceClass::setAddress(unsigned long)
 .text._ZN14USBDeviceClass25handleClassInterfaceSetupER8USBSetup
                0x0000000000006abc       0x44 /home/lloydf/Arduino/PB3D/tests/test_gpio_lasers/build/../../../../../../../tmp/arduino/cores/c559d7b91b0f99147fdb07383d45e8cf/core.a(USBCore.cpp.o)
                0x0000000000006abc                USBDeviceClass::handleClassInterfaceSetup(USBSetup&)
 .text._ZN14USBDeviceClass6initEPEmm
                0x0000000000006b00      0x12c /home/lloydf/Arduino/PB3D/tests/test_gpio_lasers/build/../../../../../../../tmp/arduino/cores/c559d7b91b0f99147fdb07383d45e8cf/core.a(USBCore.cpp.o)
                0x0000000000006b00                USBDeviceClass::initEP(unsigned long, unsigned long)
 .text._ZN14USBDeviceClass13initEndpointsEv
                0x0000000000006c2c       0x24 /home/lloydf/Arduino/PB3D/tests/test_gpio_lasers/build/../../../../../../../tmp/arduino/cores/c559d7b91b0f99147fdb07383d45e8cf/core.a(USBCore.cpp.o)
                0x0000000000006c2c                USBDeviceClass::initEndpoints()
 .text._ZN14USBDeviceClass5clearEm
                0x0000000000006c50       0x38 /home/lloydf/Arduino/PB3D/tests/test_gpio_lasers/build/../../../../../../../tmp/arduino/cores/c559d7b91b0f99147fdb07383d45e8cf/core.a(USBCore.cpp.o)
                0x0000000000006c50                USBDeviceClass::clear(unsigned long)
 .text._ZN14USBDeviceClass9availableEm
                0x0000000000006c88       0x2c /home/lloydf/Arduino/PB3D/tests/test_gpio_lasers/build/../../../../../../../tmp/arduino/cores/c559d7b91b0f99147fdb07383d45e8cf/core.a(USBCore.cpp.o)
                0x0000000000006c88                USBDeviceClass::available(unsigned long)
 .text._ZN14USBDeviceClass5flushEm
                0x0000000000006cb4       0x2c /home/lloydf/Arduino/PB3D/tests/test_gpio_lasers/build/../../../../../../../tmp/arduino/cores/c559d7b91b0f99147fdb07383d45e8cf/core.a(USBCore.cpp.o)
                0x0000000000006cb4                USBDeviceClass::flush(unsigned long)
 .text._ZN14USBDeviceClass14armRecvCtrlOUTEm
                0x0000000000006ce0       0x5c /home/lloydf/Arduino/PB3D/tests/test_gpio_lasers/build/../../../../../../../tmp/arduino/cores/c559d7b91b0f99147fdb07383d45e8cf/core.a(USBCore.cpp.o)
                0x0000000000006ce0                USBDeviceClass::armRecvCtrlOUT(unsigned long)
 .text._ZN14USBDeviceClass11recvControlEPvm
                0x0000000000006d3c       0x3c /home/lloydf/Arduino/PB3D/tests/test_gpio_lasers/build/../../../../../../../tmp/arduino/cores/c559d7b91b0f99147fdb07383d45e8cf/core.a(USBCore.cpp.o)
                0x0000000000006d3c                USBDeviceClass::recvControl(void*, unsigned long)
 .text._ZN14USBDeviceClass7armRecvEm
                0x0000000000006d78       0x38 /home/lloydf/Arduino/PB3D/tests/test_gpio_lasers/build/../../../../../../../tmp/arduino/cores/c559d7b91b0f99147fdb07383d45e8cf/core.a(USBCore.cpp.o)
                0x0000000000006d78                USBDeviceClass::armRecv(unsigned long)
 .text._ZN14USBDeviceClass4recvEmPvm
                0x0000000000006db0       0xd8 /home/lloydf/Arduino/PB3D/tests/test_gpio_lasers/build/../../../../../../../tmp/arduino/cores/c559d7b91b0f99147fdb07383d45e8cf/core.a(USBCore.cpp.o)
                0x0000000000006db0                USBDeviceClass::recv(unsigned long, void*, unsigned long)
 .text._ZN14USBDeviceClass4recvEm
                0x0000000000006e88       0x1c /home/lloydf/Arduino/PB3D/tests/test_gpio_lasers/build/../../../../../../../tmp/arduino/cores/c559d7b91b0f99147fdb07383d45e8cf/core.a(USBCore.cpp.o)
                0x0000000000006e88                USBDeviceClass::recv(unsigned long)
 .text._ZN14USBDeviceClass4sendEmPKvm
                0x0000000000006ea4      0x110 /home/lloydf/Arduino/PB3D/tests/test_gpio_lasers/build/../../../../../../../tmp/arduino/cores/c559d7b91b0f99147fdb07383d45e8cf/core.a(USBCore.cpp.o)
                0x0000000000006ea4                USBDeviceClass::send(unsigned long, void const*, unsigned long)
 .text._ZN14USBDeviceClass7armSendEmPKvm
                0x0000000000006fb4       0x48 /home/lloydf/Arduino/PB3D/tests/test_gpio_lasers/build/../../../../../../../tmp/arduino/cores/c559d7b91b0f99147fdb07383d45e8cf/core.a(USBCore.cpp.o)
                0x0000000000006fb4                USBDeviceClass::armSend(unsigned long, void const*, unsigned long)
 .text._ZN14USBDeviceClass11sendControlEPKvm
                0x0000000000006ffc       0x54 /home/lloydf/Arduino/PB3D/tests/test_gpio_lasers/build/../../../../../../../tmp/arduino/cores/c559d7b91b0f99147fdb07383d45e8cf/core.a(USBCore.cpp.o)
                0x0000000000006ffc                USBDeviceClass::sendControl(void const*, unsigned long)
 .text._ZN14USBDeviceClass20sendStringDescriptorEPKhh
                0x0000000000007050       0x68 /home/lloydf/Arduino/PB3D/tests/test_gpio_lasers/build/../../../../../../../tmp/arduino/cores/c559d7b91b0f99147fdb07383d45e8cf/core.a(USBCore.cpp.o)
                0x0000000000007050                USBDeviceClass::sendStringDescriptor(unsigned char const*, unsigned char)
 .text._ZN14USBDeviceClass17sendConfigurationEm
                0x00000000000070b8       0x80 /home/lloydf/Arduino/PB3D/tests/test_gpio_lasers/build/../../../../../../../tmp/arduino/cores/c559d7b91b0f99147fdb07383d45e8cf/core.a(USBCore.cpp.o)
                0x00000000000070b8                USBDeviceClass::sendConfiguration(unsigned long)
 .text._ZN14USBDeviceClass14sendDescriptorER8USBSetup
                0x0000000000007138       0xf0 /home/lloydf/Arduino/PB3D/tests/test_gpio_lasers/build/../../../../../../../tmp/arduino/cores/c559d7b91b0f99147fdb07383d45e8cf/core.a(USBCore.cpp.o)
                0x0000000000007138                USBDeviceClass::sendDescriptor(USBSetup&)
 .text._ZN14USBDeviceClass19handleStandardSetupER8USBSetup
                0x0000000000007228      0x104 /home/lloydf/Arduino/PB3D/tests/test_gpio_lasers/build/../../../../../../../tmp/arduino/cores/c559d7b91b0f99147fdb07383d45e8cf/core.a(USBCore.cpp.o)
                0x0000000000007228                USBDeviceClass::handleStandardSetup(USBSetup&)
 .text._ZN14USBDeviceClass10ISRHandlerEv
                0x000000000000732c      0x140 /home/lloydf/Arduino/PB3D/tests/test_gpio_lasers/build/../../../../../../../tmp/arduino/cores/c559d7b91b0f99147fdb07383d45e8cf/core.a(USBCore.cpp.o)
                0x000000000000732c                USBDeviceClass::ISRHandler()
 .text.UDD_Handler
                0x000000000000746c       0x10 /home/lloydf/Arduino/PB3D/tests/test_gpio_lasers/build/../../../../../../../tmp/arduino/cores/c559d7b91b0f99147fdb07383d45e8cf/core.a(USBCore.cpp.o)
                0x000000000000746c                UDD_Handler
 .text.startup._GLOBAL__sub_I_usbd
                0x000000000000747c       0x10 /home/lloydf/Arduino/PB3D/tests/test_gpio_lasers/build/../../../../../../../tmp/arduino/cores/c559d7b91b0f99147fdb07383d45e8cf/core.a(USBCore.cpp.o)
 .text._ZN4UartcvbEv
                0x000000000000748c        0x4 /home/lloydf/Arduino/PB3D/tests/test_gpio_lasers/build/../../../../../../../tmp/arduino/cores/c559d7b91b0f99147fdb07383d45e8cf/core.a(Uart.cpp.o)
                0x000000000000748c                Uart::operator bool()
 .text._ZN4Uart5beginEm
                0x0000000000007490       0x10 /home/lloydf/Arduino/PB3D/tests/test_gpio_lasers/build/../../../../../../../tmp/arduino/cores/c559d7b91b0f99147fdb07383d45e8cf/core.a(Uart.cpp.o)
                0x0000000000007490                Uart::begin(unsigned long)
 .text._ZN4Uart4peekEv
                0x00000000000074a0       0x1a /home/lloydf/Arduino/PB3D/tests/test_gpio_lasers/build/../../../../../../../tmp/arduino/cores/c559d7b91b0f99147fdb07383d45e8cf/core.a(Uart.cpp.o)
                0x00000000000074a0                Uart::peek()
 .text._ZN4Uart3endEv
                0x00000000000074ba       0x20 /home/lloydf/Arduino/PB3D/tests/test_gpio_lasers/build/../../../../../../../tmp/arduino/cores/c559d7b91b0f99147fdb07383d45e8cf/core.a(Uart.cpp.o)
                0x00000000000074ba                Uart::end()
 .text._ZN4Uart16extractNbStopBitEt
                0x00000000000074da        0xc /home/lloydf/Arduino/PB3D/tests/test_gpio_lasers/build/../../../../../../../tmp/arduino/cores/c559d7b91b0f99147fdb07383d45e8cf/core.a(Uart.cpp.o)
                0x00000000000074da                Uart::extractNbStopBit(unsigned short)
 .text._ZN4Uart15extractCharSizeEt
                0x00000000000074e6       0x28 /home/lloydf/Arduino/PB3D/tests/test_gpio_lasers/build/../../../../../../../tmp/arduino/cores/c559d7b91b0f99147fdb07383d45e8cf/core.a(Uart.cpp.o)
                0x00000000000074e6                Uart::extractCharSize(unsigned short)
 .text._ZN4Uart13extractParityEt
                0x000000000000750e       0x14 /home/lloydf/Arduino/PB3D/tests/test_gpio_lasers/build/../../../../../../../tmp/arduino/cores/c559d7b91b0f99147fdb07383d45e8cf/core.a(Uart.cpp.o)
                0x000000000000750e                Uart::extractParity(unsigned short)
 *fill*         0x0000000000007522        0x2 
 .text._ZN4Uart5beginEmt
                0x0000000000007524       0xf8 /home/lloydf/Arduino/PB3D/tests/test_gpio_lasers/build/../../../../../../../tmp/arduino/cores/c559d7b91b0f99147fdb07383d45e8cf/core.a(Uart.cpp.o)
                0x0000000000007524                Uart::begin(unsigned long, unsigned short)
 .text._ZN11RingBufferNILi256EEC2Ev
                0x000000000000761c       0x1c /home/lloydf/Arduino/PB3D/tests/test_gpio_lasers/build/../../../../../../../tmp/arduino/cores/c559d7b91b0f99147fdb07383d45e8cf/core.a(Uart.cpp.o)
                0x000000000000761c                RingBufferN<256>::RingBufferN()
                0x000000000000761c                RingBufferN<256>::RingBufferN()
 .text._ZN4UartC2EP6SERCOMhh11SercomRXPad15SercomUartTXPad
                0x0000000000007638       0x74 /home/lloydf/Arduino/PB3D/tests/test_gpio_lasers/build/../../../../../../../tmp/arduino/cores/c559d7b91b0f99147fdb07383d45e8cf/core.a(Uart.cpp.o)
                0x0000000000007638                Uart::Uart(SERCOM*, unsigned char, unsigned char, SercomRXPad, SercomUartTXPad)
                0x0000000000007638                Uart::Uart(SERCOM*, unsigned char, unsigned char, SercomRXPad, SercomUartTXPad)
 .text._ZN11RingBufferNILi256EE17availableForStoreEv
                0x00000000000076ac       0x20 /home/lloydf/Arduino/PB3D/tests/test_gpio_lasers/build/../../../../../../../tmp/arduino/cores/c559d7b91b0f99147fdb07383d45e8cf/core.a(Uart.cpp.o)
                0x00000000000076ac                RingBufferN<256>::availableForStore()
 .text._ZN4Uart17availableForWriteEv
                0x00000000000076cc        0xc /home/lloydf/Arduino/PB3D/tests/test_gpio_lasers/build/../../../../../../../tmp/arduino/cores/c559d7b91b0f99147fdb07383d45e8cf/core.a(Uart.cpp.o)
                0x00000000000076cc                Uart::availableForWrite()
 .text._ZN4Uart4readEv
                0x00000000000076d8       0x4c /home/lloydf/Arduino/PB3D/tests/test_gpio_lasers/build/../../../../../../../tmp/arduino/cores/c559d7b91b0f99147fdb07383d45e8cf/core.a(Uart.cpp.o)
                0x00000000000076d8                Uart::read()
 .text._ZN11RingBufferNILi256EE9availableEv
                0x0000000000007724       0x12 /home/lloydf/Arduino/PB3D/tests/test_gpio_lasers/build/../../../../../../../tmp/arduino/cores/c559d7b91b0f99147fdb07383d45e8cf/core.a(Uart.cpp.o)
                0x0000000000007724                RingBufferN<256>::available()
 .text._ZN4Uart5flushEv
                0x0000000000007736       0x1a /home/lloydf/Arduino/PB3D/tests/test_gpio_lasers/build/../../../../../../../tmp/arduino/cores/c559d7b91b0f99147fdb07383d45e8cf/core.a(Uart.cpp.o)
                0x0000000000007736                Uart::flush()
 .text._ZN4Uart9availableEv
                0x0000000000007750        0xa /home/lloydf/Arduino/PB3D/tests/test_gpio_lasers/build/../../../../../../../tmp/arduino/cores/c559d7b91b0f99147fdb07383d45e8cf/core.a(Uart.cpp.o)
                0x0000000000007750                Uart::available()
 .text._ZN4Uart10IrqHandlerEv
                0x000000000000775a       0xcc /home/lloydf/Arduino/PB3D/tests/test_gpio_lasers/build/../../../../../../../tmp/arduino/cores/c559d7b91b0f99147fdb07383d45e8cf/core.a(Uart.cpp.o)
                0x000000000000775a                Uart::IrqHandler()
 *fill*         0x0000000000007826        0x2 
 .text._ZN4Uart5writeEh
                0x0000000000007828       0xb4 /home/lloydf/Arduino/PB3D/tests/test_gpio_lasers/build/../../../../../../../tmp/arduino/cores/c559d7b91b0f99147fdb07383d45e8cf/core.a(Uart.cpp.o)
                0x0000000000007828                Uart::write(unsigned char)
 .text.Dummy_Handler
                0x00000000000078dc        0x2 /home/lloydf/Arduino/PB3D/tests/test_gpio_lasers/build/../../../../../../../tmp/arduino/cores/c559d7b91b0f99147fdb07383d45e8cf/core.a(cortex_handlers.c.o)
                0x00000000000078dc                HardFault_Handler
                0x00000000000078dc                AC_Handler
                0x00000000000078dc                PendSV_Handler
                0x00000000000078dc                NMI_Handler
                0x00000000000078dc                TC7_Handler
                0x00000000000078dc                SERCOM1_Handler
                0x00000000000078dc                ADC_Handler
                0x00000000000078dc                TCC1_Handler
                0x00000000000078dc                TCC0_Handler
                0x00000000000078dc                RTC_Handler
                0x00000000000078dc                EIC_Handler
                0x00000000000078dc                TC6_Handler
                0x00000000000078dc                WDT_Handler
                0x00000000000078dc                TC4_Handler
                0x00000000000078dc                TC3_Handler
                0x00000000000078dc                Dummy_Handler
                0x00000000000078dc                PM_Handler
                0x00000000000078dc                SERCOM5_Handler
                0x00000000000078dc                SVC_Handler
                0x00000000000078dc                TCC2_Handler
                0x00000000000078dc                EVSYS_Handler
                0x00000000000078dc                SERCOM3_Handler
                0x00000000000078dc                I2S_Handler
                0x00000000000078dc                NVMCTRL_Handler
                0x00000000000078dc                SERCOM0_Handler
                0x00000000000078dc                DAC_Handler
                0x00000000000078dc                PTC_Handler
                0x00000000000078dc                SYSCTRL_Handler
 *fill*         0x00000000000078de        0x2 
 .text.USB_Handler
                0x00000000000078e0       0x14 /home/lloydf/Arduino/PB3D/tests/test_gpio_lasers/build/../../../../../../../tmp/arduino/cores/c559d7b91b0f99147fdb07383d45e8cf/core.a(cortex_handlers.c.o)
                0x00000000000078e0                USB_Handler
 .text.Reset_Handler
                0x00000000000078f4       0x54 /home/lloydf/Arduino/PB3D/tests/test_gpio_lasers/build/../../../../../../../tmp/arduino/cores/c559d7b91b0f99147fdb07383d45e8cf/core.a(cortex_handlers.c.o)
                0x00000000000078f4                Reset_Handler
 .text.SysTick_Handler
                0x0000000000007948       0x10 /home/lloydf/Arduino/PB3D/tests/test_gpio_lasers/build/../../../../../../../tmp/arduino/cores/c559d7b91b0f99147fdb07383d45e8cf/core.a(cortex_handlers.c.o)
                0x0000000000007948                SysTick_Handler
 .text.USB_SetHandler
                0x0000000000007958        0xc /home/lloydf/Arduino/PB3D/tests/test_gpio_lasers/build/../../../../../../../tmp/arduino/cores/c559d7b91b0f99147fdb07383d45e8cf/core.a(cortex_handlers.c.o)
                0x0000000000007958                USB_SetHandler
 .text.millis   0x0000000000007964        0xc /home/lloydf/Arduino/PB3D/tests/test_gpio_lasers/build/../../../../../../../tmp/arduino/cores/c559d7b91b0f99147fdb07383d45e8cf/core.a(delay.c.o)
                0x0000000000007964                millis
 .text.micros   0x0000000000007970       0x60 /home/lloydf/Arduino/PB3D/tests/test_gpio_lasers/build/../../../../../../../tmp/arduino/cores/c559d7b91b0f99147fdb07383d45e8cf/core.a(delay.c.o)
                0x0000000000007970                micros
 .text._real_delay
                0x00000000000079d0       0x30 /home/lloydf/Arduino/PB3D/tests/test_gpio_lasers/build/../../../../../../../tmp/arduino/cores/c559d7b91b0f99147fdb07383d45e8cf/core.a(delay.c.o)
                0x00000000000079d0                delay
                0x00000000000079d0                _real_delay
 .text.SysTick_DefaultHandler
                0x0000000000007a00       0x14 /home/lloydf/Arduino/PB3D/tests/test_gpio_lasers/build/../../../../../../../tmp/arduino/cores/c559d7b91b0f99147fdb07383d45e8cf/core.a(delay.c.o)
                0x0000000000007a00                SysTick_DefaultHandler
 .text.__empty  0x0000000000007a14        0x2 /home/lloydf/Arduino/PB3D/tests/test_gpio_lasers/build/../../../../../../../tmp/arduino/cores/c559d7b91b0f99147fdb07383d45e8cf/core.a(hooks.c.o)
                0x0000000000007a14                yield
 .text.__false  0x0000000000007a16        0x4 /home/lloydf/Arduino/PB3D/tests/test_gpio_lasers/build/../../../../../../../tmp/arduino/cores/c559d7b91b0f99147fdb07383d45e8cf/core.a(hooks.c.o)
                0x0000000000007a16                sysTickHook
 .text._Z11initVariantv
                0x0000000000007a1a        0x2 /home/lloydf/Arduino/PB3D/tests/test_gpio_lasers/build/../../../../../../../tmp/arduino/cores/c559d7b91b0f99147fdb07383d45e8cf/core.a(main.cpp.o)
                0x0000000000007a1a                initVariant()
 .text._Z10_real_bodyv
                0x0000000000007a1c       0x20 /home/lloydf/Arduino/PB3D/tests/test_gpio_lasers/build/../../../../../../../tmp/arduino/cores/c559d7b91b0f99147fdb07383d45e8cf/core.a(main.cpp.o)
                0x0000000000007a1c                _real_body()
 .text._Z10_wrap_bodyv
                0x0000000000007a3c        0x6 /home/lloydf/Arduino/PB3D/tests/test_gpio_lasers/build/../../../../../../../tmp/arduino/cores/c559d7b91b0f99147fdb07383d45e8cf/core.a(main.cpp.o)
                0x0000000000007a3c                _wrap_body()
 *fill*         0x0000000000007a42        0x2 
 .text.startup.main
                0x0000000000007a44       0x30 /home/lloydf/Arduino/PB3D/tests/test_gpio_lasers/build/../../../../../../../tmp/arduino/cores/c559d7b91b0f99147fdb07383d45e8cf/core.a(main.cpp.o)
                0x0000000000007a44                main
 .text._Znwj    0x0000000000007a74        0x8 /home/lloydf/Arduino/PB3D/tests/test_gpio_lasers/build/../../../../../../../tmp/arduino/cores/c559d7b91b0f99147fdb07383d45e8cf/core.a(new.cpp.o)
                0x0000000000007a74                operator new(unsigned int)
 .text._ZdlPv   0x0000000000007a7c        0x8 /home/lloydf/Arduino/PB3D/tests/test_gpio_lasers/build/../../../../../../../tmp/arduino/cores/c559d7b91b0f99147fdb07383d45e8cf/core.a(new.cpp.o)
                0x0000000000007a7c                operator delete(void*)
 .text._sbrk    0x0000000000007a84       0x3c /home/lloydf/Arduino/PB3D/tests/test_gpio_lasers/build/../../../../../../../tmp/arduino/cores/c559d7b91b0f99147fdb07383d45e8cf/core.a(new.cpp.o)
                0x0000000000007a84                _sbrk
 .text.SystemInit
                0x0000000000007ac0      0x160 /home/lloydf/Arduino/PB3D/tests/test_gpio_lasers/build/../../../../../../../tmp/arduino/cores/c559d7b91b0f99147fdb07383d45e8cf/core.a(startup.c.o)
                0x0000000000007ac0                SystemInit