Archive member included to satisfy reference by file (symbol)

/home/lloydf/Arduino/PB3D/tests/test_gpio_lasers/build/../../../../../../../tmp/arduino/cores/c559d7b91b0f99147fdb07383d45e8cf/core.a(Print.cpp.o)
                              /home/lloydf/Arduino/PB3D/tests/test_gpio_lasers/build/sketch/LaserSensor.cpp.o (Print::print(__FlashStringHelper const*))
/home/lloydf/Arduino/PB3D/tests/test_gpio_lasers/build/../../../../../../../tmp/arduino/cores/c559d7b91b0f99147fdb07383d45e8cf/core.a(Retarget.cpp.o)
                              (__wrap__write)
/home/lloydf/Arduino/PB3D/tests/test_gpio_lasers/build/../../../../../../../tmp/arduino/cores/c559d7b91b0f99147fdb07383d45e8cf/core.a(SERCOM.cpp.o)
                              /home/lloydf/Arduino/PB3D/tests/test_gpio_lasers/build/core/variant.cpp.o (SERCOM::SERCOM(Sercom*))
/home/lloydf/Arduino/PB3D/tests/test_gpio_lasers/build/../../../../../../../tmp/arduino/cores/c559d7b91b0f99147fdb07383d45e8cf/core.a(CDC.cpp.o)
                              /home/lloydf/Arduino/PB3D/tests/test_gpio_lasers/build/sketch/test_gpio_lasers.ino.cpp.o (Serial_::begin(unsigned long))
/home/lloydf/Arduino/PB3D/tests/test_gpio_lasers/build/../../../../../../../tmp/arduino/cores/c559d7b91b0f99147fdb07383d45e8cf/core.a(USBCore.cpp.o)
                              /home/lloydf/Arduino/PB3D/tests/test_gpio_lasers/build/../../../../../../../tmp/arduino/cores/c559d7b91b0f99147fdb07383d45e8cf/core.a(CDC.cpp.o) (USBDeviceClass::clear(unsigned long))
/home/lloydf/Arduino/PB3D/tests/test_gpio_lasers/build/../../../../../../../tmp/arduino/cores/c559d7b91b0f99147fdb07383d45e8cf/core.a(Uart.cpp.o)
                              /home/lloydf/Arduino/PB3D/tests/test_gpio_lasers/build/core/variant.cpp.o (Uart::Uart(SERCOM*, unsigned char, unsigned char, SercomRXPad, SercomUartTXPad))
/home/lloydf/Arduino/PB3D/tests/test_gpio_lasers/build/../../../../../../../tmp/arduino/cores/c559d7b91b0f99147fdb07383d45e8cf/core.a(abi.cpp.o)
                              /home/lloydf/Arduino/PB3D/tests/test_gpio_lasers/build/../../../../../../../tmp/arduino/cores/c559d7b91b0f99147fdb07383d45e8cf/core.a(Print.cpp.o) (__cxa_pure_virtual)
/home/lloydf/Arduino/PB3D/tests/test_gpio_lasers/build/../../../../../../../tmp/arduino/cores/c559d7b91b0f99147fdb07383d45e8cf/core.a(cortex_handlers.c.o)
                              (Reset_Handler)
/home/lloydf/Arduino/PB3D/tests/test_gpio_lasers/build/../../../../../../../tmp/arduino/cores/c559d7b91b0f99147fdb07383d45e8cf/core.a(delay.c.o)
                              /home/lloydf/Arduino/PB3D/tests/test_gpio_lasers/build/sketch/LaserSensor.cpp.o (millis)
/home/lloydf/Arduino/PB3D/tests/test_gpio_lasers/build/../../../../../../../tmp/arduino/cores/c559d7b91b0f99147fdb07383d45e8cf/core.a(hooks.c.o)
                              /home/lloydf/Arduino/PB3D/tests/test_gpio_lasers/build/../../../../../../../tmp/arduino/cores/c559d7b91b0f99147fdb07383d45e8cf/core.a(delay.c.o) (yield)
/home/lloydf/Arduino/PB3D/tests/test_gpio_lasers/build/../../../../../../../tmp/arduino/cores/c559d7b91b0f99147fdb07383d45e8cf/core.a(main.cpp.o)
                              /home/lloydf/.arduino15/packages/Seeeduino/tools/arm-none-eabi-gcc/7-2017q4/bin/../lib/gcc/arm-none-eabi/7.2.1/../../../../arm-none-eabi/lib/thumb/v6-m/crt0.o (main)
/home/lloydf/Arduino/PB3D/tests/test_gpio_lasers/build/../../../../../../../tmp/arduino/cores/c559d7b91b0f99147fdb07383d45e8cf/core.a(new.cpp.o)
                              /home/lloydf/Arduino/PB3D/tests/test_gpio_lasers/build/libraries/Adafruit_PCF8574/Adafruit_PCF8574.cpp.o (operator new(unsigned int))
/home/lloydf/Arduino/PB3D/tests/test_gpio_lasers/build/../../../../../../../tmp/arduino/cores/c559d7b91b0f99147fdb07383d45e8cf/core.a(startup.c.o)
                              /home/lloydf/Arduino/PB3D/tests/test_gpio_lasers/build/../../../../../../../tmp/arduino/cores/c559d7b91b0f99147fdb07383d45e8cf/core.a(cortex_handlers.c.o) (SystemInit)
/home/lloydf/Arduino/PB3D/tests/test_gpio_lasers/build/../../../../../../../tmp/arduino/cores/c559d7b91b0f99147fdb07383d45e8cf/core.a(wiring.c.o)
                              /home/lloydf/Arduino/PB3D/tests/test_gpio_lasers/build/../../../../../../../tmp/arduino/cores/c559d7b91b0f99147fdb07383d45e8cf/core.a(main.cpp.o) (init)
/home/lloydf/Arduino/PB3D/tests/test_gpio_lasers/build/../../../../../../../tmp/arduino/cores/c559d7b91b0f99147fdb07383d45e8cf/core.a(wiring_analog.c.o)
                              /home/lloydf/Arduino/PB3D/tests/test_gpio_lasers/build/../../../../../../../tmp/arduino/cores/c559d7b91b0f99147fdb07383d45e8cf/core.a(wiring.c.o) (analogReference)
/home/lloydf/Arduino/PB3D/tests/test_gpio_lasers/build/../../../../../../../tmp/arduino/cores/c559d7b91b0f99147fdb07383d45e8cf/core.a(wiring_digital.c.o)
                              /home/lloydf/Arduino/PB3D/tests/test_gpio_lasers/build/libraries/Adafruit_BusIO/Adafruit_SPIDevice.cpp.o (pinMode)
[...]
Memory Configuration

Name             Origin             Length             Attributes
FLASH            0x0000000000002000 0x000000000003e000 xr
RAM              0x0000000020000000 0x0000000000008000 xrw
*default*        0x0000000000000000 0xffffffffffffffff

Linker script and memory map

LOAD /home/lloydf/.arduino15/packages/Seeeduino/tools/arm-none-eabi-gcc/7-2017q4/bin/../lib/gcc/arm-none-eabi/7.2.1/thumb/v6-m/crti.o
LOAD /home/lloydf/.arduino15/packages/Seeeduino/tools/arm-none-eabi-gcc/7-2017q4/bin/../lib/gcc/arm-none-eabi/7.2.1/thumb/v6-m/crtbegin.o
LOAD /home/lloydf/.arduino15/packages/Seeeduino/tools/arm-none-eabi-gcc/7-2017q4/bin/../lib/gcc/arm-none-eabi/7.2.1/../../../../arm-none-eabi/lib/thumb/v6-m/crt0.o
LOAD /home/lloydf/Arduino/PB3D/tests/test_gpio_lasers/build/sketch/CollisionStrategy.cpp.o
LOAD /home/lloydf/Arduino/PB3D/tests/test_gpio_lasers/build/sketch/LaserManager.cpp.o
LOAD /home/lloydf/Arduino/PB3D/tests/test_gpio_lasers/build/sketch/LaserSensor.cpp.o
LOAD /home/lloydf/Arduino/PB3D/tests/test_gpio_lasers/build/sketch/Timer.cpp.o
LOAD /home/lloydf/Arduino/PB3D/tests/test_gpio_lasers/build/sketch/test_gpio_lasers.ino.cpp.o
LOAD /home/lloydf/Arduino/PB3D/tests/test_gpio_lasers/build/libraries/Wire/Wire.cpp.o
LOAD /home/lloydf/Arduino/PB3D/tests/test_gpio_lasers/build/libraries/Adafruit_PCF8574/Adafruit_PCF8574.cpp.o
LOAD /home/lloydf/Arduino/PB3D/tests/test_gpio_lasers/build/libraries/Adafruit_PCF8574/Adafruit_PCF8575.cpp.o
LOAD /home/lloydf/Arduino/PB3D/tests/test_gpio_lasers/build/libraries/Adafruit_BusIO/Adafruit_BusIO_Register.cpp.o
LOAD /home/lloydf/Arduino/PB3D/tests/test_gpio_lasers/build/libraries/Adafruit_BusIO/Adafruit_I2CDevice.cpp.o
LOAD /home/lloydf/Arduino/PB3D/tests/test_gpio_lasers/build/libraries/Adafruit_BusIO/Adafruit_SPIDevice.cpp.o
LOAD /home/lloydf/Arduino/PB3D/tests/test_gpio_lasers/build/libraries/SPI/SPI.cpp.o
LOAD /home/lloydf/Arduino/PB3D/tests/test_gpio_lasers/build/libraries/Adafruit_ZeroDMA/Adafruit_ZeroDMA.cpp.o
LOAD /home/lloydf/Arduino/PB3D/tests/test_gpio_lasers/build/libraries/Adafruit_VL53L0X/Adafruit_VL53L0X.cpp.o
LOAD /home/lloydf/Arduino/PB3D/tests/test_gpio_lasers/build/libraries/Adafruit_VL53L0X/core/src/vl53l0x_api.cpp.o
LOAD /home/lloydf/Arduino/PB3D/tests/test_gpio_lasers/build/libraries/Adafruit_VL53L0X/core/src/vl53l0x_api_calibration.cpp.o
LOAD /home/lloydf/Arduino/PB3D/tests/test_gpio_lasers/build/libraries/Adafruit_VL53L0X/core/src/vl53l0x_api_core.cpp.o
LOAD /home/lloydf/Arduino/PB3D/tests/test_gpio_lasers/build/libraries/Adafruit_VL53L0X/core/src/vl53l0x_api_ranging.cpp.o
LOAD /home/lloydf/Arduino/PB3D/tests/test_gpio_lasers/build/libraries/Adafruit_VL53L0X/core/src/vl53l0x_api_strings.cpp.o
LOAD /home/lloydf/Arduino/PB3D/tests/test_gpio_lasers/build/libraries/Adafruit_VL53L0X/platform/src/vl53l0x_i2c_comms.cpp.o
LOAD /home/lloydf/Arduino/PB3D/tests/test_gpio_lasers/build/libraries/Adafruit_VL53L0X/platform/src/vl53l0x_platform.cpp.o
LOAD /home/lloydf/Arduino/PB3D/tests/test_gpio_lasers/build/core/variant.cpp.o
START GROUP
LOAD /home/lloydf/.arduino15/packages/Seeeduino/tools/CMSIS/5.7.0/CMSIS/DSP/Lib/GCC//libarm_cortexM0l_math.a
LOAD /home/lloydf/.arduino15/packages/Seeeduino/tools/arm-none-eabi-gcc/7-2017q4/bin/../lib/gcc/arm-none-eabi/7.2.1/../../../../arm-none-eabi/lib/thumb/v6-m/libm.a
LOAD /home/lloydf/Arduino/PB3D/tests/test_gpio_lasers/build/../../../../../../../tmp/arduino/cores/c559d7b91b0f99147fdb07383d45e8cf/core.a
END GROUP
LOAD /home/lloydf/.arduino15/packages/Seeeduino/tools/arm-none-eabi-gcc/7-2017q4/bin/../lib/gcc/arm-none-eabi/7.2.1/../../../../arm-none-eabi/lib/thumb/v6-m/libstdc++_nano.a
LOAD /home/lloydf/.arduino15/packages/Seeeduino/tools/arm-none-eabi-gcc/7-2017q4/bin/../lib/gcc/arm-none-eabi/7.2.1/../../../../arm-none-eabi/lib/thumb/v6-m/libm.a
START GROUP
LOAD /home/lloydf/.arduino15/packages/Seeeduino/tools/arm-none-eabi-gcc/7-2017q4/bin/../lib/gcc/arm-none-eabi/7.2.1/thumb/v6-m/libgcc.a
LOAD /home/lloydf/.arduino15/packages/Seeeduino/tools/arm-none-eabi-gcc/7-2017q4/bin/../lib/gcc/arm-none-eabi/7.2.1/../../../../arm-none-eabi/lib/thumb/v6-m/libc_nano.a
END GROUP
START GROUP
LOAD /home/lloydf/.arduino15/packages/Seeeduino/tools/arm-none-eabi-gcc/7-2017q4/bin/../lib/gcc/arm-none-eabi/7.2.1/thumb/v6-m/libgcc.a
LOAD /home/lloydf/.arduino15/packages/Seeeduino/tools/arm-none-eabi-gcc/7-2017q4/bin/../lib/gcc/arm-none-eabi/7.2.1/../../../../arm-none-eabi/lib/thumb/v6-m/libc_nano.a
LOAD /home/lloydf/.arduino15/packages/Seeeduino/tools/arm-none-eabi-gcc/7-2017q4/bin/../lib/gcc/arm-none-eabi/7.2.1/../../../../arm-none-eabi/lib/thumb/v6-m/libnosys.a
END GROUP
START GROUP
LOAD /home/lloydf/.arduino15/packages/Seeeduino/tools/arm-none-eabi-gcc/7-2017q4/bin/../lib/gcc/arm-none-eabi/7.2.1/thumb/v6-m/libgcc.a
LOAD /home/lloydf/.arduino15/packages/Seeeduino/tools/arm-none-eabi-gcc/7-2017q4/bin/../lib/gcc/arm-none-eabi/7.2.1/../../../../arm-none-eabi/lib/thumb/v6-m/libc_nano.a
LOAD /home/lloydf/.arduino15/packages/Seeeduino/tools/arm-none-eabi-gcc/7-2017q4/bin/../lib/gcc/arm-none-eabi/7.2.1/../../../../arm-none-eabi/lib/thumb/v6-m/libnosys.a
END GROUP
LOAD /home/lloydf/.arduino15/packages/Seeeduino/tools/arm-none-eabi-gcc/7-2017q4/bin/../lib/gcc/arm-none-eabi/7.2.1/thumb/v6-m/crtend.o
LOAD /home/lloydf/.arduino15/packages/Seeeduino/tools/arm-none-eabi-gcc/7-2017q4/bin/../lib/gcc/arm-none-eabi/7.2.1/thumb/v6-m/crtn.o

.text           0x0000000000002000     0xd1f4
                0x0000000000002000                __text_start__ = .
 *(.isr_vector)
 .isr_vector    0x0000000000002000       0xb4 /home/lloydf/Arduino/PB3D/tests/test_gpio_lasers/build/../../../../../../../tmp/arduino/cores/c559d7b91b0f99147fdb07383d45e8cf/core.a(cortex_handlers.c.o)
                0x0000000000002000                exception_table
 *(.text*)
 .text          0x00000000000020b4       0x48 /home/lloydf/.arduino15/packages/Seeeduino/tools/arm-none-eabi-gcc/7-2017q4/bin/../lib/gcc/arm-none-eabi/7.2.1/thumb/v6-m/crtbegin.o
 .text._ZN19CollisionAvoidBasic18get_collision_codeEs
                0x00000000000020fc       0x22 /home/lloydf/Arduino/PB3D/tests/test_gpio_lasers/build/sketch/CollisionStrategy.cpp.o
                0x00000000000020fc                CollisionAvoidBasic::get_collision_code(short)
 .text._ZN18CollisionAvoidSlow18get_collision_codeEs
                0x000000000000211e       0x2c /home/lloydf/Arduino/PB3D/tests/test_gpio_lasers/build/sketch/CollisionStrategy.cpp.o
                0x000000000000211e                CollisionAvoidSlow::get_collision_code(short)
 .text._ZN10CliffAvoid18get_collision_codeEs
                0x000000000000214a       0x20 /home/lloydf/Arduino/PB3D/tests/test_gpio_lasers/build/sketch/CollisionStrategy.cpp.o
                0x000000000000214a                CliffAvoid::get_collision_code(short)
 .text._ZN19CollisionCliffAvoid18get_collision_codeEs
                0x000000000000216a       0x34 /home/lloydf/Arduino/PB3D/tests/test_gpio_lasers/build/sketch/CollisionStrategy.cpp.o
                0x000000000000216a                CollisionCliffAvoid::get_collision_code(short)
 *fill*         0x000000000000219e        0x2 
 .text._ZN12LaserManager5beginEv
                0x00000000000021a0       0xd0 /home/lloydf/Arduino/PB3D/tests/test_gpio_lasers/build/sketch/LaserManager.cpp.o
                0x00000000000021a0                LaserManager::begin()
 .text._ZN12LaserManager6updateEv
                0x0000000000002270       0x50 /home/lloydf/Arduino/PB3D/tests/test_gpio_lasers/build/sketch/LaserManager.cpp.o
                0x0000000000002270                LaserManager::update()
 .text._ZN11LaserSensor5beginEv
                0x00000000000022c0       0x74 /home/lloydf/Arduino/PB3D/tests/test_gpio_lasers/build/sketch/LaserSensor.cpp.o
                0x00000000000022c0                LaserSensor::begin()
 .text._ZN11LaserSensor11start_rangeEv
                0x0000000000002334       0x24 /home/lloydf/Arduino/PB3D/tests/test_gpio_lasers/build/sketch/LaserSensor.cpp.o
                0x0000000000002334                LaserSensor::start_range()
 .text._ZN11LaserSensor12update_rangeEv
                0x0000000000002358       0x8c /home/lloydf/Arduino/PB3D/tests/test_gpio_lasers/build/sketch/LaserSensor.cpp.o
                0x0000000000002358                LaserSensor::update_range()
 .text._ZN5TimerC2Ev
                0x00000000000023e4        0x8 /home/lloydf/Arduino/PB3D/tests/test_gpio_lasers/build/sketch/Timer.cpp.o
                0x00000000000023e4                Timer::Timer()
                0x00000000000023e4                Timer::Timer()
 .text._ZN5Timer5startEm
                0x00000000000023ec        0xe /home/lloydf/Arduino/PB3D/tests/test_gpio_lasers/build/sketch/Timer.cpp.o
                0x00000000000023ec                Timer::start(unsigned long)
 .text._ZN5Timer8finishedEv
                0x00000000000023fa       0x16 /home/lloydf/Arduino/PB3D/tests/test_gpio_lasers/build/sketch/Timer.cpp.o
                0x00000000000023fa                Timer::finished()
 .text._ZN11LaserSensorC2Eh11ELaserIndex
                0x0000000000002410       0x6c /home/lloydf/Arduino/PB3D/tests/test_gpio_lasers/build/sketch/test_gpio_lasers.ino.cpp.o
                0x0000000000002410                LaserSensor::LaserSensor(unsigned char, ELaserIndex)
                0x0000000000002410                LaserSensor::LaserSensor(unsigned char, ELaserIndex)
 .text.setup    0x000000000000247c       0x68 /home/lloydf/Arduino/PB3D/tests/test_gpio_lasers/build/sketch/test_gpio_lasers.ino.cpp.o
                0x000000000000247c                setup
 .text.loop     0x00000000000024e4       0x10 /home/lloydf/Arduino/PB3D/tests/test_gpio_lasers/build/sketch/test_gpio_lasers.ino.cpp.o
                0x00000000000024e4                loop
 .text.startup._GLOBAL__sub_I__laser_manager
                0x00000000000024f4      0x26c /home/lloydf/Arduino/PB3D/tests/test_gpio_lasers/build/sketch/test_gpio_lasers.ino.cpp.o
 .text._ZN5Print17availableForWriteEv
                0x0000000000002760        0x4 /home/lloydf/Arduino/PB3D/tests/test_gpio_lasers/build/libraries/Wire/Wire.cpp.o
                0x0000000000002760                Print::availableForWrite()
 .text._ZN7TwoWire5writeEPKhj
                0x0000000000002764       0x24 /home/lloydf/Arduino/PB3D/tests/test_gpio_lasers/build/libraries/Wire/Wire.cpp.o
                0x0000000000002764                TwoWire::write(unsigned char const*, unsigned int)
 .text._ZN7TwoWire5flushEv
                0x0000000000002788        0x2 /home/lloydf/Arduino/PB3D/tests/test_gpio_lasers/build/libraries/Wire/Wire.cpp.o
                0x0000000000002788                TwoWire::flush()
 .text._ZN7TwoWire4peekEv
                0x000000000000278a       0x1a /home/lloydf/Arduino/PB3D/tests/test_gpio_lasers/build/libraries/Wire/Wire.cpp.o
                0x000000000000278a                TwoWire::peek()
 .text._ZN7TwoWire9availableEv
                0x00000000000027a4       0x12 /home/lloydf/Arduino/PB3D/tests/test_gpio_lasers/build/libraries/Wire/Wire.cpp.o
                0x00000000000027a4                TwoWire::available()
 *fill*         0x00000000000027b6        0x2 
 .text._ZN7TwoWireC2EP6SERCOMhh
                0x00000000000027b8       0x60 /home/lloydf/Arduino/PB3D/tests/test_gpio_lasers/build/libraries/Wire/Wire.cpp.o
                0x00000000000027b8                TwoWire::TwoWire(SERCOM*, unsigned char, unsigned char)
                0x00000000000027b8                TwoWire::TwoWire(SERCOM*, unsigned char, unsigned char)
 .text._ZN7TwoWire5beginEv
                0x0000000000002818       0x40 /home/lloydf/Arduino/PB3D/tests/test_gpio_lasers/build/libraries/Wire/Wire.cpp.o
                0x0000000000002818                TwoWire::begin()
 .text._ZN7TwoWire8setClockEm
                0x0000000000002858       0x1c /home/lloydf/Arduino/PB3D/tests/test_gpio_lasers/build/libraries/Wire/Wire.cpp.o
                0x0000000000002858                TwoWire::setClock(unsigned long)
 .text._ZN7TwoWire17beginTransmissionEh
                0x0000000000002874       0x16 /home/lloydf/Arduino/PB3D/tests/test_gpio_lasers/build/libraries/Wire/Wire.cpp.o
                0x0000000000002874                TwoWire::beginTransmission(unsigned char)
 .text._ZN11RingBufferNILi256EE10store_charEh
                0x000000000000288a       0x1a /home/lloydf/Arduino/PB3D/tests/test_gpio_lasers/build/libraries/Wire/Wire.cpp.o
                0x000000000000288a                RingBufferN<256>::store_char(unsigned char)
 .text._ZN7TwoWire11requestFromEhjb
                0x00000000000028a4       0x62 /home/lloydf/Arduino/PB3D/tests/test_gpio_lasers/build/libraries/Wire/Wire.cpp.o
                0x00000000000028a4                TwoWire::requestFrom(unsigned char, unsigned int, bool)
 .text._ZN7TwoWire11requestFromEhj
                0x0000000000002906        0xa /home/lloydf/Arduino/PB3D/tests/test_gpio_lasers/build/libraries/Wire/Wire.cpp.o
                0x0000000000002906                TwoWire::requestFrom(unsigned char, unsigned int)
 .text._ZN7TwoWire5writeEh
                0x0000000000002910       0x2a /home/lloydf/Arduino/PB3D/tests/test_gpio_lasers/build/libraries/Wire/Wire.cpp.o
                0x0000000000002910                TwoWire::write(unsigned char)
 .text._ZN11RingBufferNILi256EE9read_charEv
                0x000000000000293a       0x20 /home/lloydf/Arduino/PB3D/tests/test_gpio_lasers/build/libraries/Wire/Wire.cpp.o
                0x000000000000293a                RingBufferN<256>::read_char()
 .text._ZN7TwoWire15endTransmissionEb
                0x000000000000295a       0x70 /home/lloydf/Arduino/PB3D/tests/test_gpio_lasers/build/libraries/Wire/Wire.cpp.o
                0x000000000000295a                TwoWire::endTransmission(bool)
 .text._ZN7TwoWire15endTransmissionEv
                0x00000000000029ca        0xa /home/lloydf/Arduino/PB3D/tests/test_gpio_lasers/build/libraries/Wire/Wire.cpp.o
                0x00000000000029ca                TwoWire::endTransmission()
 .text._ZN7TwoWire4readEv
                0x00000000000029d4        0xa /home/lloydf/Arduino/PB3D/tests/test_gpio_lasers/build/libraries/Wire/Wire.cpp.o
                0x00000000000029d4                TwoWire::read()
 .text._ZN7TwoWire9onServiceEv
                0x00000000000029de      0x11c /home/lloydf/Arduino/PB3D/tests/test_gpio_lasers/build/libraries/Wire/Wire.cpp.o
                0x00000000000029de                TwoWire::onService()
 *fill*         0x0000000000002afa        0x2 
 .text.SERCOM2_Handler
                0x0000000000002afc       0x10 /home/lloydf/Arduino/PB3D/tests/test_gpio_lasers/build/libraries/Wire/Wire.cpp.o
                0x0000000000002afc                SERCOM2_Handler
 .text.startup._GLOBAL__sub_I__ZN7TwoWireC2EP6SERCOMhh
                0x0000000000002b0c       0x18 /home/lloydf/Arduino/PB3D/tests/test_gpio_lasers/build/libraries/Wire/Wire.cpp.o
 .text._ZN16Adafruit_PCF8574C2Ev
                0x0000000000002b24        0x6 /home/lloydf/Arduino/PB3D/tests/test_gpio_lasers/build/libraries/Adafruit_PCF8574/Adafruit_PCF8574.cpp.o
                0x0000000000002b24                Adafruit_PCF8574::Adafruit_PCF8574()
                0x0000000000002b24                Adafruit_PCF8574::Adafruit_PCF8574()
 .text._ZN16Adafruit_PCF85745beginEhP7TwoWire
                0x0000000000002b2a       0x2c /home/lloydf/Arduino/PB3D/tests/test_gpio_lasers/build/libraries/Adafruit_PCF8574/Adafruit_PCF8574.cpp.o
                0x0000000000002b2a                Adafruit_PCF8574::begin(unsigned char, TwoWire*)
 .text._ZN16Adafruit_PCF857412digitalWriteEhb
                0x0000000000002b56       0x2e /home/lloydf/Arduino/PB3D/tests/test_gpio_lasers/build/libraries/Adafruit_PCF8574/Adafruit_PCF8574.cpp.o
                0x0000000000002b56                Adafruit_PCF8574::digitalWrite(unsigned char, bool)
 .text._ZN16Adafruit_PCF85747pinModeEhh
                0x0000000000002b84       0x30 /home/lloydf/Arduino/PB3D/tests/test_gpio_lasers/build/libraries/Adafruit_PCF8574/Adafruit_PCF8574.cpp.o
                0x0000000000002b84                Adafruit_PCF8574::pinMode(unsigned char, unsigned char)
 .text._ZN18Adafruit_I2CDeviceC2EhP7TwoWire
                0x0000000000002bb4        0xe /home/lloydf/Arduino/PB3D/tests/test_gpio_lasers/build/libraries/Adafruit_BusIO/Adafruit_I2CDevice.cpp.o
                0x0000000000002bb4                Adafruit_I2CDevice::Adafruit_I2CDevice(unsigned char, TwoWire*)
                0x0000000000002bb4                Adafruit_I2CDevice::Adafruit_I2CDevice(unsigned char, TwoWire*)
 .text._ZN18Adafruit_I2CDevice8detectedEv
                0x0000000000002bc2       0x2c /home/lloydf/Arduino/PB3D/tests/test_gpio_lasers/build/libraries/Adafruit_BusIO/Adafruit_I2CDevice.cpp.o
                0x0000000000002bc2                Adafruit_I2CDevice::detected()
 .text._ZN18Adafruit_I2CDevice5beginEb
                0x0000000000002bee       0x1c /home/lloydf/Arduino/PB3D/tests/test_gpio_lasers/build/libraries/Adafruit_BusIO/Adafruit_I2CDevice.cpp.o
                0x0000000000002bee                Adafruit_I2CDevice::begin(bool)
 .text._ZN18Adafruit_I2CDevice5writeEPKhjbS1_j
                0x0000000000002c0a       0x5c /home/lloydf/Arduino/PB3D/tests/test_gpio_lasers/build/libraries/Adafruit_BusIO/Adafruit_I2CDevice.cpp.o
                0x0000000000002c0a                Adafruit_I2CDevice::write(unsigned char const*, unsigned int, bool, unsigned char const*, unsigned int)
 *fill*         0x0000000000002c66        0x2 
 .text._ZN8SPIClassC2EP6SERCOMhhh14SercomSpiTXPad11SercomRXPad
                0x0000000000002c68       0x74 /home/lloydf/Arduino/PB3D/tests/test_gpio_lasers/build/libraries/SPI/SPI.cpp.o
                0x0000000000002c68                SPIClass::SPIClass(SERCOM*, unsigned char, unsigned char, unsigned char, SercomSpiTXPad, SercomRXPad)
                0x0000000000002c68                SPIClass::SPIClass(SERCOM*, unsigned char, unsigned char, unsigned char, SercomSpiTXPad, SercomRXPad)
 .text.startup._GLOBAL__sub_I__ZN8SPIClassC2EP6SERCOMhhh14SercomSpiTXPad11SercomRXPad
                0x0000000000002cdc       0x38 /home/lloydf/Arduino/PB3D/tests/test_gpio_lasers/build/libraries/SPI/SPI.cpp.o
 .text._ZL22cpu_irq_enter_criticalv
                0x0000000000002d14       0x30 /home/lloydf/Arduino/PB3D/tests/test_gpio_lasers/build/libraries/Adafruit_ZeroDMA/Adafruit_ZeroDMA.cpp.o
 .text._ZL22cpu_irq_leave_criticalv
                0x0000000000002d44       0x2c /home/lloydf/Arduino/PB3D/tests/test_gpio_lasers/build/libraries/Adafruit_ZeroDMA/Adafruit_ZeroDMA.cpp.o
 .text._ZN16Adafruit_ZeroDMAC2Ev
                0x0000000000002d70       0x22 /home/lloydf/Arduino/PB3D/tests/test_gpio_lasers/build/libraries/Adafruit_ZeroDMA/Adafruit_ZeroDMA.cpp.o
                0x0000000000002d70                Adafruit_ZeroDMA::Adafruit_ZeroDMA()
                0x0000000000002d70                Adafruit_ZeroDMA::Adafruit_ZeroDMA()
 *fill*         0x0000000000002d92        0x2 
 .text._ZN16Adafruit_ZeroDMA11_IRQhandlerEh
                0x0000000000002d94       0x44 /home/lloydf/Arduino/PB3D/tests/test_gpio_lasers/build/libraries/Adafruit_ZeroDMA/Adafruit_ZeroDMA.cpp.o
                0x0000000000002d94                Adafruit_ZeroDMA::_IRQhandler(unsigned char)
 .text.DMAC_Handler
                0x0000000000002dd8       0x48 /home/lloydf/Arduino/PB3D/tests/test_gpio_lasers/build/libraries/Adafruit_ZeroDMA/Adafruit_ZeroDMA.cpp.o
                0x0000000000002dd8                DMAC_Handler
 .text._ZN16Adafruit_VL53L0X10setAddressEh
                0x0000000000002e20       0x32 /home/lloydf/Arduino/PB3D/tests/test_gpio_lasers/build/libraries/Adafruit_VL53L0X/Adafruit_VL53L0X.cpp.o
                0x0000000000002e20                Adafruit_VL53L0X::setAddress(unsigned char)
 .text._ZN16Adafruit_VL53L0X15readRangeStatusEv
                0x0000000000002e52        0x8 /home/lloydf/Arduino/PB3D/tests/test_gpio_lasers/build/libraries/Adafruit_VL53L0X/Adafruit_VL53L0X.cpp.o
                0x0000000000002e52                Adafruit_VL53L0X::readRangeStatus()
 .text._ZN16Adafruit_VL53L0X10startRangeEv
                0x0000000000002e5a       0x2a /home/lloydf/Arduino/PB3D/tests/test_gpio_lasers/build/libraries/Adafruit_VL53L0X/Adafruit_VL53L0X.cpp.o
                0x0000000000002e5a                Adafruit_VL53L0X::startRange()
 .text._ZN16Adafruit_VL53L0X15isRangeCompleteEv
                0x0000000000002e84       0x2e /home/lloydf/Arduino/PB3D/tests/test_gpio_lasers/build/libraries/Adafruit_VL53L0X/Adafruit_VL53L0X.cpp.o
                0x0000000000002e84                Adafruit_VL53L0X::isRangeComplete()
 *fill*         0x0000000000002eb2        0x2 
 .text._ZN16Adafruit_VL53L0X15readRangeResultEv
                0x0000000000002eb4       0x48 /home/lloydf/Arduino/PB3D/tests/test_gpio_lasers/build/libraries/Adafruit_VL53L0X/Adafruit_VL53L0X.cpp.o
                0x0000000000002eb4                Adafruit_VL53L0X::readRangeResult()
 .text._ZN16Adafruit_VL53L0X38setMeasurementTimingBudgetMicroSecondsEm
                0x0000000000002efc       0x18 /home/lloydf/Arduino/PB3D/tests/test_gpio_lasers/build/libraries/Adafruit_VL53L0X/Adafruit_VL53L0X.cpp.o
                0x0000000000002efc                Adafruit_VL53L0X::setMeasurementTimingBudgetMicroSeconds(unsigned long)
 .text._ZN16Adafruit_VL53L0X18setLimitCheckValueEtm
                0x0000000000002f14       0x18 /home/lloydf/Arduino/PB3D/tests/test_gpio_lasers/build/libraries/Adafruit_VL53L0X/Adafruit_VL53L0X.cpp.o
                0x0000000000002f14                Adafruit_VL53L0X::setLimitCheckValue(unsigned short, unsigned long)
 .text._ZN16Adafruit_VL53L0X12configSensorENS_22VL53L0X_Sense_config_tE
                0x0000000000002f2c      0x150 /home/lloydf/Arduino/PB3D/tests/test_gpio_lasers/build/libraries/Adafruit_VL53L0X/Adafruit_VL53L0X.cpp.o
                0x0000000000002f2c                Adafruit_VL53L0X::configSensor(Adafruit_VL53L0X::VL53L0X_Sense_config_t)
 .text._ZN16Adafruit_VL53L0X5beginEhbP7TwoWireNS_22VL53L0X_Sense_config_tE
                0x000000000000307c      0x260 /home/lloydf/Arduino/PB3D/tests/test_gpio_lasers/build/libraries/Adafruit_VL53L0X/Adafruit_VL53L0X.cpp.o
                0x000000000000307c                Adafruit_VL53L0X::begin(unsigned char, bool, TwoWire*, Adafruit_VL53L0X::VL53L0X_Sense_config_t)
 .text.VL53L0X_GetDeviceInfo
                0x00000000000032dc        0x8 /home/lloydf/Arduino/PB3D/tests/test_gpio_lasers/build/libraries/Adafruit_VL53L0X/core/src/vl53l0x_api.cpp.o
                0x00000000000032dc                VL53L0X_GetDeviceInfo
 .text.VL53L0X_SetDeviceAddress
                0x00000000000032e4        0xc /home/lloydf/Arduino/PB3D/tests/test_gpio_lasers/build/libraries/Adafruit_VL53L0X/core/src/vl53l0x_api.cpp.o
                0x00000000000032e4                VL53L0X_SetDeviceAddress
 .text.VL53L0X_SetDeviceMode
                0x00000000000032f0       0x20 /home/lloydf/Arduino/PB3D/tests/test_gpio_lasers/build/libraries/Adafruit_VL53L0X/core/src/vl53l0x_api.cpp.o
                0x00000000000032f0                VL53L0X_SetDeviceMode
 .text.VL53L0X_GetFractionEnable
                0x0000000000003310       0x1a /home/lloydf/Arduino/PB3D/tests/test_gpio_lasers/build/libraries/Adafruit_VL53L0X/core/src/vl53l0x_api.cpp.o
                0x0000000000003310                VL53L0X_GetFractionEnable
 .text.VL53L0X_SetMeasurementTimingBudgetMicroSeconds
                0x000000000000332a        0x8 /home/lloydf/Arduino/PB3D/tests/test_gpio_lasers/build/libraries/Adafruit_VL53L0X/core/src/vl53l0x_api.cpp.o
                0x000000000000332a                VL53L0X_SetMeasurementTimingBudgetMicroSeconds
 .text.VL53L0X_SetVcselPulsePeriod
                0x0000000000003332        0x8 /home/lloydf/Arduino/PB3D/tests/test_gpio_lasers/build/libraries/Adafruit_VL53L0X/core/src/vl53l0x_api.cpp.o
                0x0000000000003332                VL53L0X_SetVcselPulsePeriod
 .text.VL53L0X_GetVcselPulsePeriod
                0x000000000000333a        0x8 /home/lloydf/Arduino/PB3D/tests/test_gpio_lasers/build/libraries/Adafruit_VL53L0X/core/src/vl53l0x_api.cpp.o
                0x000000000000333a                VL53L0X_GetVcselPulsePeriod
 .text.VL53L0X_SetSequenceStepEnable
                0x0000000000003342       0xa0 /home/lloydf/Arduino/PB3D/tests/test_gpio_lasers/build/libraries/Adafruit_VL53L0X/core/src/vl53l0x_api.cpp.o
                0x0000000000003342                VL53L0X_SetSequenceStepEnable
 .text.VL53L0X_GetSequenceStepEnables
                0x00000000000033e2       0x3a /home/lloydf/Arduino/PB3D/tests/test_gpio_lasers/build/libraries/Adafruit_VL53L0X/core/src/vl53l0x_api.cpp.o
                0x00000000000033e2                VL53L0X_GetSequenceStepEnables
 .text.VL53L0X_GetSequenceStepTimeout
                0x000000000000341c       0x40 /home/lloydf/Arduino/PB3D/tests/test_gpio_lasers/build/libraries/Adafruit_VL53L0X/core/src/vl53l0x_api.cpp.o
                0x000000000000341c                VL53L0X_GetSequenceStepTimeout
 .text.VL53L0X_GetInterMeasurementPeriodMilliSeconds
                0x000000000000345c       0x3a /home/lloydf/Arduino/PB3D/tests/test_gpio_lasers/build/libraries/Adafruit_VL53L0X/core/src/vl53l0x_api.cpp.o
                0x000000000000345c                VL53L0X_GetInterMeasurementPeriodMilliSeconds
 .text.VL53L0X_GetXTalkCompensationEnable
                0x0000000000003496        0x8 /home/lloydf/Arduino/PB3D/tests/test_gpio_lasers/build/libraries/Adafruit_VL53L0X/core/src/vl53l0x_api.cpp.o
                0x0000000000003496                VL53L0X_GetXTalkCompensationEnable
 .text.VL53L0X_GetXTalkCompensationRateMegaCps
                0x000000000000349e       0x30 /home/lloydf/Arduino/PB3D/tests/test_gpio_lasers/build/libraries/Adafruit_VL53L0X/core/src/vl53l0x_api.cpp.o
                0x000000000000349e                VL53L0X_GetXTalkCompensationRateMegaCps
 .text.VL53L0X_SetLimitCheckEnable
                0x00000000000034ce       0x86 /home/lloydf/Arduino/PB3D/tests/test_gpio_lasers/build/libraries/Adafruit_VL53L0X/core/src/vl53l0x_api.cpp.o
                0x00000000000034ce                VL53L0X_SetLimitCheckEnable
 .text.VL53L0X_GetLimitCheckEnable
                0x0000000000003554       0x1a /home/lloydf/Arduino/PB3D/tests/test_gpio_lasers/build/libraries/Adafruit_VL53L0X/core/src/vl53l0x_api.cpp.o
                0x0000000000003554                VL53L0X_GetLimitCheckEnable
 .text.VL53L0X_SetLimitCheckValue
                0x000000000000356e       0x62 /home/lloydf/Arduino/PB3D/tests/test_gpio_lasers/build/libraries/Adafruit_VL53L0X/core/src/vl53l0x_api.cpp.o
                0x000000000000356e                VL53L0X_SetLimitCheckValue
 .text.VL53L0X_GetLimitCheckValue
                0x00000000000035d0       0x72 /home/lloydf/Arduino/PB3D/tests/test_gpio_lasers/build/libraries/Adafruit_VL53L0X/core/src/vl53l0x_api.cpp.o
                0x00000000000035d0                VL53L0X_GetLimitCheckValue
 .text.VL53L0X_GetWrapAroundCheckEnable
                0x0000000000003642       0x34 /home/lloydf/Arduino/PB3D/tests/test_gpio_lasers/build/libraries/Adafruit_VL53L0X/core/src/vl53l0x_api.cpp.o
                0x0000000000003642                VL53L0X_GetWrapAroundCheckEnable
 .text.VL53L0X_GetDeviceParameters
                0x0000000000003676       0x70 /home/lloydf/Arduino/PB3D/tests/test_gpio_lasers/build/libraries/Adafruit_VL53L0X/core/src/vl53l0x_api.cpp.o
                0x0000000000003676                VL53L0X_GetDeviceParameters
 *fill*         0x00000000000036e6        0x2 
 .text.VL53L0X_DataInit
                0x00000000000036e8      0x184 /home/lloydf/Arduino/PB3D/tests/test_gpio_lasers/build/libraries/Adafruit_VL53L0X/core/src/vl53l0x_api.cpp.o
                0x00000000000036e8                VL53L0X_DataInit
 .text.VL53L0X_PerformRefCalibration
                0x000000000000386c        0xa /home/lloydf/Arduino/PB3D/tests/test_gpio_lasers/build/libraries/Adafruit_VL53L0X/core/src/vl53l0x_api.cpp.o
                0x000000000000386c                VL53L0X_PerformRefCalibration
 *fill*         0x0000000000003876        0x2 
 .text.VL53L0X_GetRangingMeasurementData
                0x0000000000003878      0x12c /home/lloydf/Arduino/PB3D/tests/test_gpio_lasers/build/libraries/Adafruit_VL53L0X/core/src/vl53l0x_api.cpp.o
                0x0000000000003878                VL53L0X_GetRangingMeasurementData
 .text.VL53L0X_GetInterruptThresholds
                0x00000000000039a4       0x40 /home/lloydf/Arduino/PB3D/tests/test_gpio_lasers/build/libraries/Adafruit_VL53L0X/core/src/vl53l0x_api.cpp.o
                0x00000000000039a4                VL53L0X_GetInterruptThresholds
 .text._Z37VL53L0X_CheckAndLoadInterruptSettingsP13VL53L0X_Dev_th
                0x00000000000039e4       0x80 /home/lloydf/Arduino/PB3D/tests/test_gpio_lasers/build/libraries/Adafruit_VL53L0X/core/src/vl53l0x_api.cpp.o
                0x00000000000039e4                VL53L0X_CheckAndLoadInterruptSettings(VL53L0X_Dev_t*, unsigned char)
 .text.VL53L0X_StartMeasurement
                0x0000000000003a64       0xd0 /home/lloydf/Arduino/PB3D/tests/test_gpio_lasers/build/libraries/Adafruit_VL53L0X/core/src/vl53l0x_api.cpp.o
                0x0000000000003a64                VL53L0X_StartMeasurement
 .text.VL53L0X_PerformSingleMeasurement
                0x0000000000003b34       0x2e /home/lloydf/Arduino/PB3D/tests/test_gpio_lasers/build/libraries/Adafruit_VL53L0X/core/src/vl53l0x_api.cpp.o
                0x0000000000003b34                VL53L0X_PerformSingleMeasurement
 .text.VL53L0X_ClearInterruptMask
                0x0000000000003b62       0x52 /home/lloydf/Arduino/PB3D/tests/test_gpio_lasers/build/libraries/Adafruit_VL53L0X/core/src/vl53l0x_api.cpp.o
                0x0000000000003b62                VL53L0X_ClearInterruptMask
 .text.VL53L0X_PerformSingleRangingMeasurement
                0x0000000000003bb4       0x28 /home/lloydf/Arduino/PB3D/tests/test_gpio_lasers/build/libraries/Adafruit_VL53L0X/core/src/vl53l0x_api.cpp.o
                0x0000000000003bb4                VL53L0X_PerformSingleRangingMeasurement
 .text.VL53L0X_SetGpioConfig.part.1
                0x0000000000003bdc      0x136 /home/lloydf/Arduino/PB3D/tests/test_gpio_lasers/build/libraries/Adafruit_VL53L0X/core/src/vl53l0x_api.cpp.o
 *fill*         0x0000000000003d12        0x2 
 .text.VL53L0X_StaticInit
                0x0000000000003d14      0x180 /home/lloydf/Arduino/PB3D/tests/test_gpio_lasers/build/libraries/Adafruit_VL53L0X/core/src/vl53l0x_api.cpp.o
                0x0000000000003d14                VL53L0X_StaticInit
 .text.VL53L0X_GetInterruptMaskStatus
                0x0000000000003e94       0x24 /home/lloydf/Arduino/PB3D/tests/test_gpio_lasers/build/libraries/Adafruit_VL53L0X/core/src/vl53l0x_api.cpp.o
                0x0000000000003e94                VL53L0X_GetInterruptMaskStatus
 .text.VL53L0X_GetMeasurementDataReady
                0x0000000000003eb8       0x3e /home/lloydf/Arduino/PB3D/tests/test_gpio_lasers/build/libraries/Adafruit_VL53L0X/core/src/vl53l0x_api.cpp.o
                0x0000000000003eb8                VL53L0X_GetMeasurementDataReady
 .text.VL53L0X_PerformRefSpadManagement
                0x0000000000003ef6        0x8 /home/lloydf/Arduino/PB3D/tests/test_gpio_lasers/build/libraries/Adafruit_VL53L0X/core/src/vl53l0x_api.cpp.o
                0x0000000000003ef6                VL53L0X_PerformRefSpadManagement
 *fill*         0x0000000000003efe        0x2 
 .text.VL53L0X_get_offset_calibration_data_micro_meter
                0x0000000000003f00       0x34 /home/lloydf/Arduino/PB3D/tests/test_gpio_lasers/build/libraries/Adafruit_VL53L0X/core/src/vl53l0x_api_calibration.cpp.o
                0x0000000000003f00                VL53L0X_get_offset_calibration_data_micro_meter
 .text._Z18get_next_good_spadPhmmPl
                0x0000000000003f34       0x52 /home/lloydf/Arduino/PB3D/tests/test_gpio_lasers/build/libraries/Adafruit_VL53L0X/core/src/vl53l0x_api_calibration.cpp.o
                0x0000000000003f34                get_next_good_spad(unsigned char*, unsigned long, unsigned long, long*)
 *fill*         0x0000000000003f86        0x2 
 .text._Z11is_aperturem
                0x0000000000003f88       0x14 /home/lloydf/Arduino/PB3D/tests/test_gpio_lasers/build/libraries/Adafruit_VL53L0X/core/src/vl53l0x_api_calibration.cpp.o
                0x0000000000003f88                is_aperture(unsigned long)
 .text._Z15enable_spad_bitPhmm
                0x0000000000003f9c       0x24 /home/lloydf/Arduino/PB3D/tests/test_gpio_lasers/build/libraries/Adafruit_VL53L0X/core/src/vl53l0x_api_calibration.cpp.o
                0x0000000000003f9c                enable_spad_bit(unsigned char*, unsigned long, unsigned long)
 .text._Z16set_ref_spad_mapP13VL53L0X_Dev_tPh
                0x0000000000003fc0        0xe /home/lloydf/Arduino/PB3D/tests/test_gpio_lasers/build/libraries/Adafruit_VL53L0X/core/src/vl53l0x_api_calibration.cpp.o
                0x0000000000003fc0                set_ref_spad_map(VL53L0X_Dev_t*, unsigned char*)
 .text._Z16get_ref_spad_mapP13VL53L0X_Dev_tPh
                0x0000000000003fce        0xe /home/lloydf/Arduino/PB3D/tests/test_gpio_lasers/build/libraries/Adafruit_VL53L0X/core/src/vl53l0x_api_calibration.cpp.o
                0x0000000000003fce                get_ref_spad_map(VL53L0X_Dev_t*, unsigned char*)
 .text._Z16enable_ref_spadsP13VL53L0X_Dev_thPhS1_mmmmPm
                0x0000000000003fdc       0x8e /home/lloydf/Arduino/PB3D/tests/test_gpio_lasers/build/libraries/Adafruit_VL53L0X/core/src/vl53l0x_api_calibration.cpp.o
                0x0000000000003fdc                enable_ref_spads(VL53L0X_Dev_t*, unsigned char, unsigned char*, unsigned char*, unsigned long, unsigned long, unsigned long, unsigned long, unsigned long*)
 .text._Z30perform_ref_signal_measurementP13VL53L0X_Dev_tPt
                0x000000000000406a       0x64 /home/lloydf/Arduino/PB3D/tests/test_gpio_lasers/build/libraries/Adafruit_VL53L0X/core/src/vl53l0x_api_calibration.cpp.o
                0x000000000000406a                perform_ref_signal_measurement(VL53L0X_Dev_t*, unsigned short*)
 .text.VL53L0X_set_reference_spads
                0x00000000000040ce       0x9e /home/lloydf/Arduino/PB3D/tests/test_gpio_lasers/build/libraries/Adafruit_VL53L0X/core/src/vl53l0x_api_calibration.cpp.o
                0x00000000000040ce                VL53L0X_set_reference_spads
 .text._Z38VL53L0X_perform_single_ref_calibrationP13VL53L0X_Dev_th
                0x000000000000416c       0x34 /home/lloydf/Arduino/PB3D/tests/test_gpio_lasers/build/libraries/Adafruit_VL53L0X/core/src/vl53l0x_api_calibration.cpp.o
                0x000000000000416c                VL53L0X_perform_single_ref_calibration(VL53L0X_Dev_t*, unsigned char)
 .text._Z26VL53L0X_ref_calibration_ioP13VL53L0X_Dev_thhhPhS1_hh
                0x00000000000041a0       0xd4 /home/lloydf/Arduino/PB3D/tests/test_gpio_lasers/build/libraries/Adafruit_VL53L0X/core/src/vl53l0x_api_calibration.cpp.o
                0x00000000000041a0                VL53L0X_ref_calibration_io(VL53L0X_Dev_t*, unsigned char, unsigned char, unsigned char, unsigned char*, unsigned char*, unsigned char, unsigned char)
 .text._Z31VL53L0X_perform_vhv_calibrationP13VL53L0X_Dev_tPhhh
                0x0000000000004274       0x8c /home/lloydf/Arduino/PB3D/tests/test_gpio_lasers/build/libraries/Adafruit_VL53L0X/core/src/vl53l0x_api_calibration.cpp.o
                0x0000000000004274                VL53L0X_perform_vhv_calibration(VL53L0X_Dev_t*, unsigned char*, unsigned char, unsigned char)
 .text.VL53L0X_perform_phase_calibration
                0x0000000000004300       0x8a /home/lloydf/Arduino/PB3D/tests/test_gpio_lasers/build/libraries/Adafruit_VL53L0X/core/src/vl53l0x_api_calibration.cpp.o
                0x0000000000004300                VL53L0X_perform_phase_calibration
 .text.VL53L0X_perform_ref_calibration
                0x000000000000438a       0x3c /home/lloydf/Arduino/PB3D/tests/test_gpio_lasers/build/libraries/Adafruit_VL53L0X/core/src/vl53l0x_api_calibration.cpp.o
                0x000000000000438a                VL53L0X_perform_ref_calibration
 .text.VL53L0X_perform_ref_spad_management
                0x00000000000043c6      0x268 /home/lloydf/Arduino/PB3D/tests/test_gpio_lasers/build/libraries/Adafruit_VL53L0X/core/src/vl53l0x_api_calibration.cpp.o
                0x00000000000043c6                VL53L0X_perform_ref_spad_management
 .text.VL53L0X_measurement_poll_for_completion
                0x000000000000462e       0x34 /home/lloydf/Arduino/PB3D/tests/test_gpio_lasers/build/libraries/Adafruit_VL53L0X/core/src/vl53l0x_api_core.cpp.o
                0x000000000000462e                VL53L0X_measurement_poll_for_completion
 .text.VL53L0X_isqrt
                0x0000000000004662       0x26 /home/lloydf/Arduino/PB3D/tests/test_gpio_lasers/build/libraries/Adafruit_VL53L0X/core/src/vl53l0x_api_core.cpp.o
                0x0000000000004662                VL53L0X_isqrt
 .text._Z26VL53L0X_device_read_strobeP13VL53L0X_Dev_t
                0x0000000000004688       0x44 /home/lloydf/Arduino/PB3D/tests/test_gpio_lasers/build/libraries/Adafruit_VL53L0X/core/src/vl53l0x_api_core.cpp.o
                0x0000000000004688                VL53L0X_device_read_strobe(VL53L0X_Dev_t*)
 .text.VL53L0X_get_info_from_device
                0x00000000000046cc      0x540 /home/lloydf/Arduino/PB3D/tests/test_gpio_lasers/build/libraries/Adafruit_VL53L0X/core/src/vl53l0x_api_core.cpp.o
                0x00000000000046cc                VL53L0X_get_info_from_device
 .text.VL53L0X_encode_timeout
                0x0000000000004c0c       0x22 /home/lloydf/Arduino/PB3D/tests/test_gpio_lasers/build/libraries/Adafruit_VL53L0X/core/src/vl53l0x_api_core.cpp.o
                0x0000000000004c0c                VL53L0X_encode_timeout
 .text.VL53L0X_decode_timeout
                0x0000000000004c2e        0xc /home/lloydf/Arduino/PB3D/tests/test_gpio_lasers/build/libraries/Adafruit_VL53L0X/core/src/vl53l0x_api_core.cpp.o
                0x0000000000004c2e                VL53L0X_decode_timeout
 *fill*         0x0000000000004c3a        0x2 
 .text.VL53L0X_calc_timeout_mclks
                0x0000000000004c3c       0x34 /home/lloydf/Arduino/PB3D/tests/test_gpio_lasers/build/libraries/Adafruit_VL53L0X/core/src/vl53l0x_api_core.cpp.o
                0x0000000000004c3c                VL53L0X_calc_timeout_mclks
 .text.set_sequence_step_timeout.part.1
                0x0000000000004c70       0xca /home/lloydf/Arduino/PB3D/tests/test_gpio_lasers/build/libraries/Adafruit_VL53L0X/core/src/vl53l0x_api_core.cpp.o
 *fill*         0x0000000000004d3a        0x2 
 .text._Z23VL53L0X_calc_timeout_usP13VL53L0X_Dev_tth
                0x0000000000004d3c       0x34 /home/lloydf/Arduino/PB3D/tests/test_gpio_lasers/build/libraries/Adafruit_VL53L0X/core/src/vl53l0x_api_core.cpp.o
                0x0000000000004d3c                VL53L0X_calc_timeout_us(VL53L0X_Dev_t*, unsigned short, unsigned char)
 .text.get_sequence_step_timeout
                0x0000000000004d70      0x10a /home/lloydf/Arduino/PB3D/tests/test_gpio_lasers/build/libraries/Adafruit_VL53L0X/core/src/vl53l0x_api_core.cpp.o
                0x0000000000004d70                get_sequence_step_timeout
 .text.set_sequence_step_timeout
                0x0000000000004e7a       0x4a /home/lloydf/Arduino/PB3D/tests/test_gpio_lasers/build/libraries/Adafruit_VL53L0X/core/src/vl53l0x_api_core.cpp.o
                0x0000000000004e7a                set_sequence_step_timeout
 .text.VL53L0X_set_vcsel_pulse_period
                0x0000000000004ec4      0x220 /home/lloydf/Arduino/PB3D/tests/test_gpio_lasers/build/libraries/Adafruit_VL53L0X/core/src/vl53l0x_api_core.cpp.o
                0x0000000000004ec4                VL53L0X_set_vcsel_pulse_period
 .text.VL53L0X_get_vcsel_pulse_period
                0x00000000000050e4       0x36 /home/lloydf/Arduino/PB3D/tests/test_gpio_lasers/build/libraries/Adafruit_VL53L0X/core/src/vl53l0x_api_core.cpp.o
                0x00000000000050e4                VL53L0X_get_vcsel_pulse_period
 *fill*         0x000000000000511a        0x2 
 .text.VL53L0X_set_measurement_timing_budget_micro_seconds
                0x000000000000511c       0xe0 /home/lloydf/Arduino/PB3D/tests/test_gpio_lasers/build/libraries/Adafruit_VL53L0X/core/src/vl53l0x_api_core.cpp.o
                0x000000000000511c                VL53L0X_set_measurement_timing_budget_micro_seconds
 .text.VL53L0X_get_measurement_timing_budget_micro_seconds
                0x00000000000051fc       0xd8 /home/lloydf/Arduino/PB3D/tests/test_gpio_lasers/build/libraries/Adafruit_VL53L0X/core/src/vl53l0x_api_core.cpp.o
                0x00000000000051fc                VL53L0X_get_measurement_timing_budget_micro_seconds
 .text.VL53L0X_load_tuning_settings
                0x00000000000052d4       0x8c /home/lloydf/Arduino/PB3D/tests/test_gpio_lasers/build/libraries/Adafruit_VL53L0X/core/src/vl53l0x_api_core.cpp.o
                0x00000000000052d4                VL53L0X_load_tuning_settings
 .text.VL53L0X_get_total_xtalk_rate
                0x0000000000005360       0x2e /home/lloydf/Arduino/PB3D/tests/test_gpio_lasers/build/libraries/Adafruit_VL53L0X/core/src/vl53l0x_api_core.cpp.o
                0x0000000000005360                VL53L0X_get_total_xtalk_rate
 .text.VL53L0X_get_total_signal_rate
                0x000000000000538e       0x1c /home/lloydf/Arduino/PB3D/tests/test_gpio_lasers/build/libraries/Adafruit_VL53L0X/core/src/vl53l0x_api_core.cpp.o
                0x000000000000538e                VL53L0X_get_total_signal_rate
 *fill*         0x00000000000053aa        0x2 
 .text._Z17VL53L0X_calc_dmaxP13VL53L0X_Dev_tmmmmmmPm
                0x00000000000053ac       0xec /home/lloydf/Arduino/PB3D/tests/test_gpio_lasers/build/libraries/Adafruit_VL53L0X/core/src/vl53l0x_api_core.cpp.o
                0x00000000000053ac                VL53L0X_calc_dmax(VL53L0X_Dev_t*, unsigned long, unsigned long, unsigned long, unsigned long, unsigned long, unsigned long, unsigned long*)
 .text.VL53L0X_calc_sigma_estimate
                0x0000000000005498      0x20c /home/lloydf/Arduino/PB3D/tests/test_gpio_lasers/build/libraries/Adafruit_VL53L0X/core/src/vl53l0x_api_core.cpp.o
                0x0000000000005498                VL53L0X_calc_sigma_estimate
 .text.VL53L0X_get_pal_range_status
                0x00000000000056a4      0x20c /home/lloydf/Arduino/PB3D/tests/test_gpio_lasers/build/libraries/Adafruit_VL53L0X/core/src/vl53l0x_api_core.cpp.o
                0x00000000000056a4                VL53L0X_get_pal_range_status
 .text._Z23VL53L0X_check_part_usedP13VL53L0X_Dev_tPhP20VL53L0X_DeviceInfo_t
                0x00000000000058b0       0x40 /home/lloydf/Arduino/PB3D/tests/test_gpio_lasers/build/libraries/Adafruit_VL53L0X/core/src/vl53l0x_api_strings.cpp.o
                0x00000000000058b0                VL53L0X_check_part_used(VL53L0X_Dev_t*, unsigned char*, VL53L0X_DeviceInfo_t*)
 .text.VL53L0X_get_device_info
                0x00000000000058f0       0x88 /home/lloydf/Arduino/PB3D/tests/test_gpio_lasers/build/libraries/Adafruit_VL53L0X/core/src/vl53l0x_api_strings.cpp.o
                0x00000000000058f0                VL53L0X_get_device_info
 .text._Z19VL53L0X_write_multihhPhmP7TwoWire
                0x0000000000005978       0x3a /home/lloydf/Arduino/PB3D/tests/test_gpio_lasers/build/libraries/Adafruit_VL53L0X/platform/src/vl53l0x_i2c_comms.cpp.o
                0x0000000000005978                VL53L0X_write_multi(unsigned char, unsigned char, unsigned char*, unsigned long, TwoWire*)
 .text._Z18VL53L0X_read_multihhPhmP7TwoWire
                0x00000000000059b2       0x46 /home/lloydf/Arduino/PB3D/tests/test_gpio_lasers/build/libraries/Adafruit_VL53L0X/platform/src/vl53l0x_i2c_comms.cpp.o
                0x00000000000059b2                VL53L0X_read_multi(unsigned char, unsigned char, unsigned char*, unsigned long, TwoWire*)
 .text._Z18VL53L0X_write_bytehhhP7TwoWire
                0x00000000000059f8       0x16 /home/lloydf/Arduino/PB3D/tests/test_gpio_lasers/build/libraries/Adafruit_VL53L0X/platform/src/vl53l0x_i2c_comms.cpp.o
                0x00000000000059f8                VL53L0X_write_byte(unsigned char, unsigned char, unsigned char, TwoWire*)
 .text._Z18VL53L0X_write_wordhhtP7TwoWire
                0x0000000000005a0e       0x18 /home/lloydf/Arduino/PB3D/tests/test_gpio_lasers/build/libraries/Adafruit_VL53L0X/platform/src/vl53l0x_i2c_comms.cpp.o
                0x0000000000005a0e                VL53L0X_write_word(unsigned char, unsigned char, unsigned short, TwoWire*)
 .text._Z17VL53L0X_read_bytehhPhP7TwoWire
                0x0000000000005a26        0xc /home/lloydf/Arduino/PB3D/tests/test_gpio_lasers/build/libraries/Adafruit_VL53L0X/platform/src/vl53l0x_i2c_comms.cpp.o
                0x0000000000005a26                VL53L0X_read_byte(unsigned char, unsigned char, unsigned char*, TwoWire*)
 .text._Z17VL53L0X_read_wordhhPtP7TwoWire
                0x0000000000005a32       0x1c /home/lloydf/Arduino/PB3D/tests/test_gpio_lasers/build/libraries/Adafruit_VL53L0X/platform/src/vl53l0x_i2c_comms.cpp.o
                0x0000000000005a32                VL53L0X_read_word(unsigned char, unsigned char, unsigned short*, TwoWire*)
 .text._Z18VL53L0X_read_dwordhhPmP7TwoWire
                0x0000000000005a4e       0x2a /home/lloydf/Arduino/PB3D/tests/test_gpio_lasers/build/libraries/Adafruit_VL53L0X/platform/src/vl53l0x_i2c_comms.cpp.o
                0x0000000000005a4e                VL53L0X_read_dword(unsigned char, unsigned char, unsigned long*, TwoWire*)
 .text.VL53L0X_WriteMulti
                0x0000000000005a78       0x28 /home/lloydf/Arduino/PB3D/tests/test_gpio_lasers/build/libraries/Adafruit_VL53L0X/platform/src/vl53l0x_platform.cpp.o
                0x0000000000005a78                VL53L0X_WriteMulti
 .text.VL53L0X_ReadMulti
                0x0000000000005aa0       0x28 /home/lloydf/Arduino/PB3D/tests/test_gpio_lasers/build/libraries/Adafruit_VL53L0X/platform/src/vl53l0x_platform.cpp.o
                0x0000000000005aa0                VL53L0X_ReadMulti
 .text.VL53L0X_WrByte
                0x0000000000005ac8       0x1e /home/lloydf/Arduino/PB3D/tests/test_gpio_lasers/build/libraries/Adafruit_VL53L0X/platform/src/vl53l0x_platform.cpp.o
                0x0000000000005ac8                VL53L0X_WrByte
 .text.VL53L0X_WrWord
                0x0000000000005ae6       0x1e /home/lloydf/Arduino/PB3D/tests/test_gpio_lasers/build/libraries/Adafruit_VL53L0X/platform/src/vl53l0x_platform.cpp.o
                0x0000000000005ae6                VL53L0X_WrWord
 .text.VL53L0X_UpdateByte
                0x0000000000005b04       0x4e /home/lloydf/Arduino/PB3D/tests/test_gpio_lasers/build/libraries/Adafruit_VL53L0X/platform/src/vl53l0x_platform.cpp.o
                0x0000000000005b04                VL53L0X_UpdateByte
 .text.VL53L0X_RdByte
                0x0000000000005b52       0x1e /home/lloydf/Arduino/PB3D/tests/test_gpio_lasers/build/libraries/Adafruit_VL53L0X/platform/src/vl53l0x_platform.cpp.o
                0x0000000000005b52                VL53L0X_RdByte
 .text.VL53L0X_RdWord
                0x0000000000005b70       0x1e /home/lloydf/Arduino/PB3D/tests/test_gpio_lasers/build/libraries/Adafruit_VL53L0X/platform/src/vl53l0x_platform.cpp.o
                0x0000000000005b70                VL53L0X_RdWord
 .text.VL53L0X_RdDWord
                0x0000000000005b8e       0x1e /home/lloydf/Arduino/PB3D/tests/test_gpio_lasers/build/libraries/Adafruit_VL53L0X/platform/src/vl53l0x_platform.cpp.o
                0x0000000000005b8e                VL53L0X_RdDWord
 .text.VL53L0X_PollingDelay
                0x0000000000005bac       0x1a /home/lloydf/Arduino/PB3D/tests/test_gpio_lasers/build/libraries/Adafruit_VL53L0X/platform/src/vl53l0x_platform.cpp.o
                0x0000000000005bac                VL53L0X_PollingDelay
 *fill*         0x0000000000005bc6        0x2 
 .text.SERCOM4_Handler
                0x0000000000005bc8       0x10 /home/lloydf/Arduino/PB3D/tests/test_gpio_lasers/build/core/variant.cpp.o
                0x0000000000005bc8                SERCOM4_Handler
 .text.startup._GLOBAL__sub_I_g_APinDescription
                0x0000000000005bd8       0x80 /home/lloydf/Arduino/PB3D/tests/test_gpio_lasers/build/core/variant.cpp.o
 .text._ZN5Print5writeEPKhj
                0x0000000000005c58       0x28 /home/lloydf/Arduino/PB3D/tests/test_gpio_lasers/build/../../../../../../../tmp/arduino/cores/c559d7b91b0f99147fdb07383d45e8cf/core.a(Print.cpp.o)
                0x0000000000005c58                Print::write(unsigned char const*, unsigned int)
 .text._ZN5Print5writeEPKc.part.2
                0x0000000000005c80       0x1a /home/lloydf/Arduino/PB3D/tests/test_gpio_lasers/build/../../../../../../../tmp/arduino/cores/c559d7b91b0f99147fdb07383d45e8cf/core.a(Print.cpp.o)
 .text._ZN5Print5writeEPKc
                0x0000000000005c9a       0x10 /home/lloydf/Arduino/PB3D/tests/test_gpio_lasers/build/../../../../../../../tmp/arduino/cores/c559d7b91b0f99147fdb07383d45e8cf/core.a(Print.cpp.o)
                0x0000000000005c9a                Print::write(char const*)
 .text._ZN5Print5printEPK19__FlashStringHelper
                0x0000000000005caa        0x8 /home/lloydf/Arduino/PB3D/tests/test_gpio_lasers/build/../../../../../../../tmp/arduino/cores/c559d7b91b0f99147fdb07383d45e8cf/core.a(Print.cpp.o)
                0x0000000000005caa                Print::print(__FlashStringHelper const*)
 .text._ZN5Print5printEPKc
                0x0000000000005cb2        0x8 /home/lloydf/Arduino/PB3D/tests/test_gpio_lasers/build/../../../../../../../tmp/arduino/cores/c559d7b91b0f99147fdb07383d45e8cf/core.a(Print.cpp.o)
                0x0000000000005cb2                Print::print(char const*)
 .text._ZN5Print5printEc
                0x0000000000005cba        0xa /home/lloydf/Arduino/PB3D/tests/test_gpio_lasers/build/../../../../../../../tmp/arduino/cores/c559d7b91b0f99147fdb07383d45e8cf/core.a(Print.cpp.o)
                0x0000000000005cba                Print::print(char)
 .text._ZN5Print7printlnEv
                0x0000000000005cc4       0x10 /home/lloydf/Arduino/PB3D/tests/test_gpio_lasers/build/../../../../../../../tmp/arduino/cores/c559d7b91b0f99147fdb07383d45e8cf/core.a(Print.cpp.o)
                0x0000000000005cc4                Print::println()
 .text._ZN5Print7printlnEPK19__FlashStringHelper
                0x0000000000005cd4       0x14 /home/lloydf/Arduino/PB3D/tests/test_gpio_lasers/build/../../../../../../../tmp/arduino/cores/c559d7b91b0f99147fdb07383d45e8cf/core.a(Print.cpp.o)
                0x0000000000005cd4                Print::println(__FlashStringHelper const*)
 .text._ZN5Print7printlnEPKc
                0x0000000000005ce8       0x14 /home/lloydf/Arduino/PB3D/tests/test_gpio_lasers/build/../../../../../../../tmp/arduino/cores/c559d7b91b0f99147fdb07383d45e8cf/core.a(Print.cpp.o)
                0x0000000000005ce8                Print::println(char const*)
 .text._ZN5Print11printNumberEmh
                0x0000000000005cfc       0x48 /home/lloydf/Arduino/PB3D/tests/test_gpio_lasers/build/../../../../../../../tmp/arduino/cores/c559d7b91b0f99147fdb07383d45e8cf/core.a(Print.cpp.o)
                0x0000000000005cfc                Print::printNumber(unsigned long, unsigned char)
 .text._ZN5Print5printEli
                0x0000000000005d44       0x3e /home/lloydf/Arduino/PB3D/tests/test_gpio_lasers/build/../../../../../../../tmp/arduino/cores/c559d7b91b0f99147fdb07383d45e8cf/core.a(Print.cpp.o)
                0x0000000000005d44                Print::print(long, int)
 .text._ZN5Print7printlnEii
                0x0000000000005d82       0x14 /home/lloydf/Arduino/PB3D/tests/test_gpio_lasers/build/../../../../../../../tmp/arduino/cores/c559d7b91b0f99147fdb07383d45e8cf/core.a(Print.cpp.o)
                0x0000000000005d82                Print::println(int, int)
 .text._ZN5Print5printEmi
                0x0000000000005d96       0x18 /home/lloydf/Arduino/PB3D/tests/test_gpio_lasers/build/../../../../../../../tmp/arduino/cores/c559d7b91b0f99147fdb07383d45e8cf/core.a(Print.cpp.o)
                0x0000000000005d96                Print::print(unsigned long, int)
 .text._ZN5Print5printEhi
                0x0000000000005dae        0x8 /home/lloydf/Arduino/PB3D/tests/test_gpio_lasers/build/../../../../../../../tmp/arduino/cores/c559d7b91b0f99147fdb07383d45e8cf/core.a(Print.cpp.o)
                0x0000000000005dae                Print::print(unsigned char, int)
 .text._ZN5Print7printlnEhi
                0x0000000000005db6       0x14 /home/lloydf/Arduino/PB3D/tests/test_gpio_lasers/build/../../../../../../../tmp/arduino/cores/c559d7b91b0f99147fdb07383d45e8cf/core.a(Print.cpp.o)
                0x0000000000005db6                Print::println(unsigned char, int)
 .text.__wrap__write
                0x0000000000005dca        0x4 /home/lloydf/Arduino/PB3D/tests/test_gpio_lasers/build/../../../../../../../tmp/arduino/cores/c559d7b91b0f99147fdb07383d45e8cf/core.a(Retarget.cpp.o)
                0x0000000000005dca                __wrap__write
 .text._ZN6SERCOMC2EP6Sercom
                0x0000000000005dce        0x4 /home/lloydf/Arduino/PB3D/tests/test_gpio_lasers/build/../../../../../../../tmp/arduino/cores/c559d7b91b0f99147fdb07383d45e8cf/core.a(SERCOM.cpp.o)
                0x0000000000005dce                SERCOM::SERCOM(Sercom*)
                0x0000000000005dce                SERCOM::SERCOM(Sercom*)
 .text._ZN6SERCOM9initFrameE18SercomUartCharSize15SercomDataOrder16SercomParityMode19SercomNumberStopBit
                0x0000000000005dd2       0x3a /home/lloydf/Arduino/PB3D/tests/test_gpio_lasers/build/../../../../../../../tmp/arduino/cores/c559d7b91b0f99147fdb07383d45e8cf/core.a(SERCOM.cpp.o)
                0x0000000000005dd2                SERCOM::initFrame(SercomUartCharSize, SercomDataOrder, SercomParityMode, SercomNumberStopBit)
 .text._ZN6SERCOM8initPadsE15SercomUartTXPad11SercomRXPad
                0x0000000000005e0c       0x26 /home/lloydf/Arduino/PB3D/tests/test_gpio_lasers/build/../../../../../../../tmp/arduino/cores/c559d7b91b0f99147fdb07383d45e8cf/core.a(SERCOM.cpp.o)
                0x0000000000005e0c                SERCOM::initPads(SercomUartTXPad, SercomRXPad)
 .text._ZN6SERCOM9resetUARTEv
                0x0000000000005e32       0x1a /home/lloydf/Arduino/PB3D/tests/test_gpio_lasers/build/../../../../../../../tmp/arduino/cores/c559d7b91b0f99147fdb07383d45e8cf/core.a(SERCOM.cpp.o)
                0x0000000000005e32                SERCOM::resetUART()
 .text._ZN6SERCOM10enableUARTEv
                0x0000000000005e4c       0x14 /home/lloydf/Arduino/PB3D/tests/test_gpio_lasers/build/../../../../../../../tmp/arduino/cores/c559d7b91b0f99147fdb07383d45e8cf/core.a(SERCOM.cpp.o)
                0x0000000000005e4c                SERCOM::enableUART()
 .text._ZN6SERCOM9flushUARTEv
                0x0000000000005e60       0x10 /home/lloydf/Arduino/PB3D/tests/test_gpio_lasers/build/../../../../../../../tmp/arduino/cores/c559d7b91b0f99147fdb07383d45e8cf/core.a(SERCOM.cpp.o)
                0x0000000000005e60                SERCOM::flushUART()
 .text._ZN6SERCOM15clearStatusUARTEv
                0x0000000000005e70        0x8 /home/lloydf/Arduino/PB3D/tests/test_gpio_lasers/build/../../../../../../../tmp/arduino/cores/c559d7b91b0f99147fdb07383d45e8cf/core.a(SERCOM.cpp.o)
                0x0000000000005e70                SERCOM::clearStatusUART()
 .text._ZN6SERCOM17availableDataUARTEv
                0x0000000000005e78        0xa /home/lloydf/Arduino/PB3D/tests/test_gpio_lasers/build/../../../../../../../tmp/arduino/cores/c559d7b91b0f99147fdb07383d45e8cf/core.a(SERCOM.cpp.o)
                0x0000000000005e78                SERCOM::availableDataUART()
 .text._ZN6SERCOM11isUARTErrorEv
                0x0000000000005e82        0x8 /home/lloydf/Arduino/PB3D/tests/test_gpio_lasers/build/../../../../../../../tmp/arduino/cores/c559d7b91b0f99147fdb07383d45e8cf/core.a(SERCOM.cpp.o)
                0x0000000000005e82                SERCOM::isUARTError()
 .text._ZN6SERCOM20acknowledgeUARTErrorEv
                0x0000000000005e8a        0xe /home/lloydf/Arduino/PB3D/tests/test_gpio_lasers/build/../../../../../../../tmp/arduino/cores/c559d7b91b0f99147fdb07383d45e8cf/core.a(SERCOM.cpp.o)
                0x0000000000005e8a                SERCOM::acknowledgeUARTError()
 .text._ZN6SERCOM16isFrameErrorUARTEv
                0x0000000000005e98        0xa /home/lloydf/Arduino/PB3D/tests/test_gpio_lasers/build/../../../../../../../tmp/arduino/cores/c559d7b91b0f99147fdb07383d45e8cf/core.a(SERCOM.cpp.o)
                0x0000000000005e98                SERCOM::isFrameErrorUART()
 .text._ZN6SERCOM19clearFrameErrorUARTEv
                0x0000000000005ea2        0xc /home/lloydf/Arduino/PB3D/tests/test_gpio_lasers/build/../../../../../../../tmp/arduino/cores/c559d7b91b0f99147fdb07383d45e8cf/core.a(SERCOM.cpp.o)
                0x0000000000005ea2                SERCOM::clearFrameErrorUART()
 .text._ZN6SERCOM23isDataRegisterEmptyUARTEv
                0x0000000000005eae        0xa /home/lloydf/Arduino/PB3D/tests/test_gpio_lasers/build/../../../../../../../tmp/arduino/cores/c559d7b91b0f99147fdb07383d45e8cf/core.a(SERCOM.cpp.o)
                0x0000000000005eae                SERCOM::isDataRegisterEmptyUART()
 .text._ZN6SERCOM12readDataUARTEv
                0x0000000000005eb8        0x8 /home/lloydf/Arduino/PB3D/tests/test_gpio_lasers/build/../../../../../../../tmp/arduino/cores/c559d7b91b0f99147fdb07383d45e8cf/core.a(SERCOM.cpp.o)
                0x0000000000005eb8                SERCOM::readDataUART()
 .text._ZN6SERCOM13writeDataUARTEh
                0x0000000000005ec0       0x10 /home/lloydf/Arduino/PB3D/tests/test_gpio_lasers/build/../../../../../../../tmp/arduino/cores/c559d7b91b0f99147fdb07383d45e8cf/core.a(SERCOM.cpp.o)
                0x0000000000005ec0                SERCOM::writeDataUART(unsigned char)
 .text._ZN6SERCOM36enableDataRegisterEmptyInterruptUARTEv
                0x0000000000005ed0        0x8 /home/lloydf/Arduino/PB3D/tests/test_gpio_lasers/build/../../../../../../../tmp/arduino/cores/c559d7b91b0f99147fdb07383d45e8cf/core.a(SERCOM.cpp.o)
                0x0000000000005ed0                SERCOM::enableDataRegisterEmptyInterruptUART()
 .text._ZN6SERCOM37disableDataRegisterEmptyInterruptUARTEv
                0x0000000000005ed8        0x8 /home/lloydf/Arduino/PB3D/tests/test_gpio_lasers/build/../../../../../../../tmp/arduino/cores/c559d7b91b0f99147fdb07383d45e8cf/core.a(SERCOM.cpp.o)
                0x0000000000005ed8                SERCOM::disableDataRegisterEmptyInterruptUART()
 .text._ZN6SERCOM9resetWIREEv
                0x0000000000005ee0       0x1a /home/lloydf/Arduino/PB3D/tests/test_gpio_lasers/build/../../../../../../../tmp/arduino/cores/c559d7b91b0f99147fdb07383d45e8cf/core.a(SERCOM.cpp.o)
                0x0000000000005ee0                SERCOM::resetWIRE()
 .text._ZN6SERCOM10enableWIREEv
                0x0000000000005efa       0x2a /home/lloydf/Arduino/PB3D/tests/test_gpio_lasers/build/../../../../../../../tmp/arduino/cores/c559d7b91b0f99147fdb07383d45e8cf/core.a(SERCOM.cpp.o)
                0x0000000000005efa                SERCOM::enableWIRE()
 .text._ZN6SERCOM11disableWIREEv
                0x0000000000005f24       0x14 /home/lloydf/Arduino/PB3D/tests/test_gpio_lasers/build/../../../../../../../tmp/arduino/cores/c559d7b91b0f99147fdb07383d45e8cf/core.a(SERCOM.cpp.o)
                0x0000000000005f24                SERCOM::disableWIRE()
 .text._ZN6SERCOM18prepareNackBitWIREEv
                0x0000000000005f38       0x10 /home/lloydf/Arduino/PB3D/tests/test_gpio_lasers/build/../../../../../../../tmp/arduino/cores/c559d7b91b0f99147fdb07383d45e8cf/core.a(SERCOM.cpp.o)
                0x0000000000005f38                SERCOM::prepareNackBitWIRE()
 .text._ZN6SERCOM17prepareAckBitWIREEv
                0x0000000000005f48       0x14 /home/lloydf/Arduino/PB3D/tests/test_gpio_lasers/build/../../../../../../../tmp/arduino/cores/c559d7b91b0f99147fdb07383d45e8cf/core.a(SERCOM.cpp.o)
                0x0000000000005f48                SERCOM::prepareAckBitWIRE()
 .text._ZN6SERCOM22prepareCommandBitsWireEh
                0x0000000000005f5c       0x2c /home/lloydf/Arduino/PB3D/tests/test_gpio_lasers/build/../../../../../../../tmp/arduino/cores/c559d7b91b0f99147fdb07383d45e8cf/core.a(SERCOM.cpp.o)
                0x0000000000005f5c                SERCOM::prepareCommandBitsWire(unsigned char)
 .text._ZN6SERCOM21startTransmissionWIREEh23SercomWireReadWriteFlag
                0x0000000000005f88       0x7c /home/lloydf/Arduino/PB3D/tests/test_gpio_lasers/build/../../../../../../../tmp/arduino/cores/c559d7b91b0f99147fdb07383d45e8cf/core.a(SERCOM.cpp.o)
                0x0000000000005f88                SERCOM::startTransmissionWIRE(unsigned char, SercomWireReadWriteFlag)
 .text._ZN6SERCOM18sendDataMasterWIREEh
                0x0000000000006004       0x24 /home/lloydf/Arduino/PB3D/tests/test_gpio_lasers/build/../../../../../../../tmp/arduino/cores/c559d7b91b0f99147fdb07383d45e8cf/core.a(SERCOM.cpp.o)
                0x0000000000006004                SERCOM::sendDataMasterWIRE(unsigned char)
 .text._ZN6SERCOM17sendDataSlaveWIREEh
                0x0000000000006028       0x1c /home/lloydf/Arduino/PB3D/tests/test_gpio_lasers/build/../../../../../../../tmp/arduino/cores/c559d7b91b0f99147fdb07383d45e8cf/core.a(SERCOM.cpp.o)
                0x0000000000006028                SERCOM::sendDataSlaveWIRE(unsigned char)
 .text._ZN6SERCOM11isSlaveWIREEv
                0x0000000000006044       0x12 /home/lloydf/Arduino/PB3D/tests/test_gpio_lasers/build/../../../../../../../tmp/arduino/cores/c559d7b91b0f99147fdb07383d45e8cf/core.a(SERCOM.cpp.o)
                0x0000000000006044                SERCOM::isSlaveWIRE()
 .text._ZN6SERCOM15isDataReadyWIREEv
                0x0000000000006056        0xa /home/lloydf/Arduino/PB3D/tests/test_gpio_lasers/build/../../../../../../../tmp/arduino/cores/c559d7b91b0f99147fdb07383d45e8cf/core.a(SERCOM.cpp.o)
                0x0000000000006056                SERCOM::isDataReadyWIRE()
 .text._ZN6SERCOM18isStopDetectedWIREEv
                0x0000000000006060        0xa /home/lloydf/Arduino/PB3D/tests/test_gpio_lasers/build/../../../../../../../tmp/arduino/cores/c559d7b91b0f99147fdb07383d45e8cf/core.a(SERCOM.cpp.o)
                0x0000000000006060                SERCOM::isStopDetectedWIRE()
 .text._ZN6SERCOM21isRestartDetectedWIREEv
                0x000000000000606a        0xa /home/lloydf/Arduino/PB3D/tests/test_gpio_lasers/build/../../../../../../../tmp/arduino/cores/c559d7b91b0f99147fdb07383d45e8cf/core.a(SERCOM.cpp.o)
                0x000000000000606a                SERCOM::isRestartDetectedWIRE()
 .text._ZN6SERCOM14isAddressMatchEv
                0x0000000000006074        0xa /home/lloydf/Arduino/PB3D/tests/test_gpio_lasers/build/../../../../../../../tmp/arduino/cores/c559d7b91b0f99147fdb07383d45e8cf/core.a(SERCOM.cpp.o)
                0x0000000000006074                SERCOM::isAddressMatch()
 .text._ZN6SERCOM25isMasterReadOperationWIREEv
                0x000000000000607e        0xa /home/lloydf/Arduino/PB3D/tests/test_gpio_lasers/build/../../../../../../../tmp/arduino/cores/c559d7b91b0f99147fdb07383d45e8cf/core.a(SERCOM.cpp.o)
                0x000000000000607e                SERCOM::isMasterReadOperationWIRE()
 .text._ZN6SERCOM12readDataWIREEv
                0x0000000000006088       0x1a /home/lloydf/Arduino/PB3D/tests/test_gpio_lasers/build/../../../../../../../tmp/arduino/cores/c559d7b91b0f99147fdb07383d45e8cf/core.a(SERCOM.cpp.o)
                0x0000000000006088                SERCOM::readDataWIRE()
 *fill*         0x00000000000060a2        0x2 
 .text._ZN6SERCOM14getSercomIndexEv
                0x00000000000060a4       0x5c /home/lloydf/Arduino/PB3D/tests/test_gpio_lasers/build/../../../../../../../tmp/arduino/cores/c559d7b91b0f99147fdb07383d45e8cf/core.a(SERCOM.cpp.o)
                0x00000000000060a4                SERCOM::getSercomIndex()
 .text._ZN6SERCOM13initClockNVICEv
                0x0000000000006100       0x90 /home/lloydf/Arduino/PB3D/tests/test_gpio_lasers/build/../../../../../../../tmp/arduino/cores/c559d7b91b0f99147fdb07383d45e8cf/core.a(SERCOM.cpp.o)
                0x0000000000006100                SERCOM::initClockNVIC()
 .text._ZN6SERCOM8initUARTE14SercomUartMode20SercomUartSampleRatem
                0x0000000000006190       0x6c /home/lloydf/Arduino/PB3D/tests/test_gpio_lasers/build/../../../../../../../tmp/arduino/cores/c559d7b91b0f99147fdb07383d45e8cf/core.a(SERCOM.cpp.o)
                0x0000000000006190                SERCOM::initUART(SercomUartMode, SercomUartSampleRate, unsigned long)
 .text._ZN6SERCOM14initMasterWIREEm
                0x00000000000061fc       0x54 /home/lloydf/Arduino/PB3D/tests/test_gpio_lasers/build/../../../../../../../tmp/arduino/cores/c559d7b91b0f99147fdb07383d45e8cf/core.a(SERCOM.cpp.o)
                0x00000000000061fc                SERCOM::initMasterWIRE(unsigned long)
 .text._ZN7Serial_17availableForWriteEv
                0x0000000000006250        0x4 /home/lloydf/Arduino/PB3D/tests/test_gpio_lasers/build/../../../../../../../tmp/arduino/cores/c559d7b91b0f99147fdb07383d45e8cf/core.a(CDC.cpp.o)
                0x0000000000006250                Serial_::availableForWrite()
 .text._ZN7Serial_5writeEh
                0x0000000000006254       0x14 /home/lloydf/Arduino/PB3D/tests/test_gpio_lasers/build/../../../../../../../tmp/arduino/cores/c559d7b91b0f99147fdb07383d45e8cf/core.a(CDC.cpp.o)
                0x0000000000006254                Serial_::write(unsigned char)
 .text._ZN7Serial_9availableEv
                0x0000000000006268       0x1c /home/lloydf/Arduino/PB3D/tests/test_gpio_lasers/build/../../../../../../../tmp/arduino/cores/c559d7b91b0f99147fdb07383d45e8cf/core.a(CDC.cpp.o)
                0x0000000000006268                Serial_::available()
 .text._ZN7Serial_5flushEv
                0x0000000000006284        0xc /home/lloydf/Arduino/PB3D/tests/test_gpio_lasers/build/../../../../../../../tmp/arduino/cores/c559d7b91b0f99147fdb07383d45e8cf/core.a(CDC.cpp.o)
                0x0000000000006284                Serial_::flush()
 .text._ZN7Serial_5clearEv
                0x0000000000006290        0xc /home/lloydf/Arduino/PB3D/tests/test_gpio_lasers/build/../../../../../../../tmp/arduino/cores/c559d7b91b0f99147fdb07383d45e8cf/core.a(CDC.cpp.o)
                0x0000000000006290                Serial_::clear()
 .text._ZN7Serial_4peekEv
                0x000000000000629c       0x1c /home/lloydf/Arduino/PB3D/tests/test_gpio_lasers/build/../../../../../../../tmp/arduino/cores/c559d7b91b0f99147fdb07383d45e8cf/core.a(CDC.cpp.o)
                0x000000000000629c                Serial_::peek()
 .text._ZN7Serial_4readEv
                0x00000000000062b8       0x24 /home/lloydf/Arduino/PB3D/tests/test_gpio_lasers/build/../../../../../../../tmp/arduino/cores/c559d7b91b0f99147fdb07383d45e8cf/core.a(CDC.cpp.o)
                0x00000000000062b8                Serial_::read()
 .text._ZN7Serial_5writeEPKhj
                0x00000000000062dc       0x30 /home/lloydf/Arduino/PB3D/tests/test_gpio_lasers/build/../../../../../../../tmp/arduino/cores/c559d7b91b0f99147fdb07383d45e8cf/core.a(CDC.cpp.o)
                0x00000000000062dc                Serial_::write(unsigned char const*, unsigned int)
 .text._Z16CDC_GetInterfacePh
                0x000000000000630c       0x1c /home/lloydf/Arduino/PB3D/tests/test_gpio_lasers/build/../../../../../../../tmp/arduino/cores/c559d7b91b0f99147fdb07383d45e8cf/core.a(CDC.cpp.o)
                0x000000000000630c                CDC_GetInterface(unsigned char*)
 .text._Z9CDC_SetupR8USBSetup
                0x0000000000006328       0x7c /home/lloydf/Arduino/PB3D/tests/test_gpio_lasers/build/../../../../../../../tmp/arduino/cores/c559d7b91b0f99147fdb07383d45e8cf/core.a(CDC.cpp.o)
                0x0000000000006328                CDC_Setup(USBSetup&)
 .text._ZN7Serial_5beginEm
                0x00000000000063a4        0x6 /home/lloydf/Arduino/PB3D/tests/test_gpio_lasers/build/../../../../../../../tmp/arduino/cores/c559d7b91b0f99147fdb07383d45e8cf/core.a(CDC.cpp.o)
                0x00000000000063a4                Serial_::begin(unsigned long)
 *fill*         0x00000000000063aa        0x2 
 .text._ZN7Serial_cvbEv
                0x00000000000063ac       0x34 /home/lloydf/Arduino/PB3D/tests/test_gpio_lasers/build/../../../../../../../tmp/arduino/cores/c559d7b91b0f99147fdb07383d45e8cf/core.a(CDC.cpp.o)
                0x00000000000063ac                Serial_::operator bool()
 .text.startup._GLOBAL__sub_I__Z17_CDC_GetInterfacev
                0x00000000000063e0       0x28 /home/lloydf/Arduino/PB3D/tests/test_gpio_lasers/build/../../../../../../../tmp/arduino/cores/c559d7b91b0f99147fdb07383d45e8cf/core.a(CDC.cpp.o)
 .text._ZN26DoubleBufferedEPOutHandlerD2Ev
                0x0000000000006408        0x2 /home/lloydf/Arduino/PB3D/tests/test_gpio_lasers/build/../../../../../../../tmp/arduino/cores/c559d7b91b0f99147fdb07383d45e8cf/core.a(USBCore.cpp.o)
                0x0000000000006408                DoubleBufferedEPOutHandler::~DoubleBufferedEPOutHandler()
                0x0000000000006408                DoubleBufferedEPOutHandler::~DoubleBufferedEPOutHandler()
 .text._ZN26DoubleBufferedEPOutHandler4initEv
                0x000000000000640a        0x2 /home/lloydf/Arduino/PB3D/tests/test_gpio_lasers/build/../../../../../../../tmp/arduino/cores/c559d7b91b0f99147fdb07383d45e8cf/core.a(USBCore.cpp.o)
                0x000000000000640a                DoubleBufferedEPOutHandler::init()
 .text._ZL5utox8mPc
                0x000000000000640c       0x24 /home/lloydf/Arduino/PB3D/tests/test_gpio_lasers/build/../../../../../../../tmp/arduino/cores/c559d7b91b0f99147fdb07383d45e8cf/core.a(USBCore.cpp.o)
 .text._ZN26DoubleBufferedEPOutHandlerD0Ev
                0x0000000000006430       0x10 /home/lloydf/Arduino/PB3D/tests/test_gpio_lasers/build/../../../../../../../tmp/arduino/cores/c559d7b91b0f99147fdb07383d45e8cf/core.a(USBCore.cpp.o)
                0x0000000000006430                DoubleBufferedEPOutHandler::~DoubleBufferedEPOutHandler()
 .text._ZN14USBDeviceClass6initEPEmm.part.8
                0x0000000000006440       0xe0 /home/lloydf/Arduino/PB3D/tests/test_gpio_lasers/build/../../../../../../../tmp/arduino/cores/c559d7b91b0f99147fdb07383d45e8cf/core.a(USBCore.cpp.o)
 .text._ZN7__GuardC2Ev
                0x0000000000006520        0xe /home/lloydf/Arduino/PB3D/tests/test_gpio_lasers/build/../../../../../../../tmp/arduino/cores/c559d7b91b0f99147fdb07383d45e8cf/core.a(USBCore.cpp.o)
                0x0000000000006520                __Guard::__Guard()
                0x0000000000006520                __Guard::__Guard()
 .text._ZN7__GuardD2Ev
                0x000000000000652e        0xe /home/lloydf/Arduino/PB3D/tests/test_gpio_lasers/build/../../../../../../../tmp/arduino/cores/c559d7b91b0f99147fdb07383d45e8cf/core.a(USBCore.cpp.o)
                0x000000000000652e                __Guard::~__Guard()
                0x000000000000652e                __Guard::~__Guard()
 .text._ZNK26DoubleBufferedEPOutHandler10_availableEv
                0x000000000000653c       0x6a /home/lloydf/Arduino/PB3D/tests/test_gpio_lasers/build/../../../../../../../tmp/arduino/cores/c559d7b91b0f99147fdb07383d45e8cf/core.a(USBCore.cpp.o)
                0x000000000000653c                DoubleBufferedEPOutHandler::_available() const
 *fill*         0x00000000000065a6        0x2 
 .text._ZN26DoubleBufferedEPOutHandler7releaseEv
                0x00000000000065a8       0x3c /home/lloydf/Arduino/PB3D/tests/test_gpio_lasers/build/../../../../../../../tmp/arduino/cores/c559d7b91b0f99147fdb07383d45e8cf/core.a(USBCore.cpp.o)
                0x00000000000065a8                DoubleBufferedEPOutHandler::release()
 .text._ZN26DoubleBufferedEPOutHandler14handleEndpointEv
                0x00000000000065e4       0xdc /home/lloydf/Arduino/PB3D/tests/test_gpio_lasers/build/../../../../../../../tmp/arduino/cores/c559d7b91b0f99147fdb07383d45e8cf/core.a(USBCore.cpp.o)
                0x00000000000065e4                DoubleBufferedEPOutHandler::handleEndpoint()
 .text._ZN26DoubleBufferedEPOutHandler5_recvEv
                0x00000000000066c0      0x184 /home/lloydf/Arduino/PB3D/tests/test_gpio_lasers/build/../../../../../../../tmp/arduino/cores/c559d7b91b0f99147fdb07383d45e8cf/core.a(USBCore.cpp.o)
                0x00000000000066c0                DoubleBufferedEPOutHandler::_recv()
 .text._ZN26DoubleBufferedEPOutHandler4peekEv
                0x0000000000006844       0x22 /home/lloydf/Arduino/PB3D/tests/test_gpio_lasers/build/../../../../../../../tmp/arduino/cores/c559d7b91b0f99147fdb07383d45e8cf/core.a(USBCore.cpp.o)
                0x0000000000006844                DoubleBufferedEPOutHandler::peek()
 .text._ZN26DoubleBufferedEPOutHandler9availableEv
                0x0000000000006866       0x18 /home/lloydf/Arduino/PB3D/tests/test_gpio_lasers/build/../../../../../../../tmp/arduino/cores/c559d7b91b0f99147fdb07383d45e8cf/core.a(USBCore.cpp.o)
                0x0000000000006866                DoubleBufferedEPOutHandler::available()
 .text._ZN26DoubleBufferedEPOutHandler4recvEPvm
                0x000000000000687e       0x72 /home/lloydf/Arduino/PB3D/tests/test_gpio_lasers/build/../../../../../../../tmp/arduino/cores/c559d7b91b0f99147fdb07383d45e8cf/core.a(USBCore.cpp.o)
                0x000000000000687e                DoubleBufferedEPOutHandler::recv(void*, unsigned long)
 .text._ZN14USBDeviceClass14SendInterfacesEPm
                0x00000000000068f0       0x2c /home/lloydf/Arduino/PB3D/tests/test_gpio_lasers/build/../../../../../../../tmp/arduino/cores/c559d7b91b0f99147fdb07383d45e8cf/core.a(USBCore.cpp.o)
                0x00000000000068f0                USBDeviceClass::SendInterfaces(unsigned long*)
 .text._ZN14USBDeviceClass14handleEndpointEh
                0x000000000000691c       0x48 /home/lloydf/Arduino/PB3D/tests/test_gpio_lasers/build/../../../../../../../tmp/arduino/cores/c559d7b91b0f99147fdb07383d45e8cf/core.a(USBCore.cpp.o)
                0x000000000000691c                USBDeviceClass::handleEndpoint(unsigned char)
 .text._ZN14USBDeviceClass4initEv
                0x0000000000006964      0x110 /home/lloydf/Arduino/PB3D/tests/test_gpio_lasers/build/../../../../../../../tmp/arduino/cores/c559d7b91b0f99147fdb07383d45e8cf/core.a(USBCore.cpp.o)
                0x0000000000006964                USBDeviceClass::init()
 .text._ZN14USBDeviceClass6attachEv
                0x0000000000006a74       0x34 /home/lloydf/Arduino/PB3D/tests/test_gpio_lasers/build/../../../../../../../tmp/arduino/cores/c559d7b91b0f99147fdb07383d45e8cf/core.a(USBCore.cpp.o)
                0x0000000000006a74                USBDeviceClass::attach()
 .text._ZN14USBDeviceClass10setAddressEm
                0x0000000000006aa8       0x48 /home/lloydf/Arduino/PB3D/tests/test_gpio_lasers/build/../../../../../../../tmp/arduino/cores/c559d7b91b0f99147fdb07383d45e8cf/core.a(USBCore.cpp.o)
                0x0000000000006aa8                USBDeviceClass::setAddress(unsigned long)
 .text._ZN14USBDeviceClass25handleClassInterfaceSetupER8USBSetup
                0x0000000000006af0       0x44 /home/lloydf/Arduino/PB3D/tests/test_gpio_lasers/build/../../../../../../../tmp/arduino/cores/c559d7b91b0f99147fdb07383d45e8cf/core.a(USBCore.cpp.o)
                0x0000000000006af0                USBDeviceClass::handleClassInterfaceSetup(USBSetup&)
 .text._ZN14USBDeviceClass6initEPEmm
                0x0000000000006b34      0x12c /home/lloydf/Arduino/PB3D/tests/test_gpio_lasers/build/../../../../../../../tmp/arduino/cores/c559d7b91b0f99147fdb07383d45e8cf/core.a(USBCore.cpp.o)
                0x0000000000006b34                USBDeviceClass::initEP(unsigned long, unsigned long)
 .text._ZN14USBDeviceClass13initEndpointsEv
                0x0000000000006c60       0x24 /home/lloydf/Arduino/PB3D/tests/test_gpio_lasers/build/../../../../../../../tmp/arduino/cores/c559d7b91b0f99147fdb07383d45e8cf/core.a(USBCore.cpp.o)
                0x0000000000006c60                USBDeviceClass::initEndpoints()
 .text._ZN14USBDeviceClass5clearEm
                0x0000000000006c84       0x38 /home/lloydf/Arduino/PB3D/tests/test_gpio_lasers/build/../../../../../../../tmp/arduino/cores/c559d7b91b0f99147fdb07383d45e8cf/core.a(USBCore.cpp.o)
                0x0000000000006c84                USBDeviceClass::clear(unsigned long)
 .text._ZN14USBDeviceClass9availableEm
                0x0000000000006cbc       0x2c /home/lloydf/Arduino/PB3D/tests/test_gpio_lasers/build/../../../../../../../tmp/arduino/cores/c559d7b91b0f99147fdb07383d45e8cf/core.a(USBCore.cpp.o)
                0x0000000000006cbc                USBDeviceClass::available(unsigned long)
 .text._ZN14USBDeviceClass5flushEm
                0x0000000000006ce8       0x2c /home/lloydf/Arduino/PB3D/tests/test_gpio_lasers/build/../../../../../../../tmp/arduino/cores/c559d7b91b0f99147fdb07383d45e8cf/core.a(USBCore.cpp.o)
                0x0000000000006ce8                USBDeviceClass::flush(unsigned long)
 .text._ZN14USBDeviceClass14armRecvCtrlOUTEm
                0x0000000000006d14       0x5c /home/lloydf/Arduino/PB3D/tests/test_gpio_lasers/build/../../../../../../../tmp/arduino/cores/c559d7b91b0f99147fdb07383d45e8cf/core.a(USBCore.cpp.o)
                0x0000000000006d14                USBDeviceClass::armRecvCtrlOUT(unsigned long)
 .text._ZN14USBDeviceClass11recvControlEPvm
                0x0000000000006d70       0x3c /home/lloydf/Arduino/PB3D/tests/test_gpio_lasers/build/../../../../../../../tmp/arduino/cores/c559d7b91b0f99147fdb07383d45e8cf/core.a(USBCore.cpp.o)
                0x0000000000006d70                USBDeviceClass::recvControl(void*, unsigned long)
 .text._ZN14USBDeviceClass7armRecvEm
                0x0000000000006dac       0x38 /home/lloydf/Arduino/PB3D/tests/test_gpio_lasers/build/../../../../../../../tmp/arduino/cores/c559d7b91b0f99147fdb07383d45e8cf/core.a(USBCore.cpp.o)
                0x0000000000006dac                USBDeviceClass::armRecv(unsigned long)
 .text._ZN14USBDeviceClass4recvEmPvm
                0x0000000000006de4       0xd8 /home/lloydf/Arduino/PB3D/tests/test_gpio_lasers/build/../../../../../../../tmp/arduino/cores/c559d7b91b0f99147fdb07383d45e8cf/core.a(USBCore.cpp.o)
                0x0000000000006de4                USBDeviceClass::recv(unsigned long, void*, unsigned long)
 .text._ZN14USBDeviceClass4recvEm
                0x0000000000006ebc       0x1c /home/lloydf/Arduino/PB3D/tests/test_gpio_lasers/build/../../../../../../../tmp/arduino/cores/c559d7b91b0f99147fdb07383d45e8cf/core.a(USBCore.cpp.o)
                0x0000000000006ebc                USBDeviceClass::recv(unsigned long)
 .text._ZN14USBDeviceClass4sendEmPKvm
                0x0000000000006ed8      0x110 /home/lloydf/Arduino/PB3D/tests/test_gpio_lasers/build/../../../../../../../tmp/arduino/cores/c559d7b91b0f99147fdb07383d45e8cf/core.a(USBCore.cpp.o)
                0x0000000000006ed8                USBDeviceClass::send(unsigned long, void const*, unsigned long)
 .text._ZN14USBDeviceClass7armSendEmPKvm
                0x0000000000006fe8       0x48 /home/lloydf/Arduino/PB3D/tests/test_gpio_lasers/build/../../../../../../../tmp/arduino/cores/c559d7b91b0f99147fdb07383d45e8cf/core.a(USBCore.cpp.o)
                0x0000000000006fe8                USBDeviceClass::armSend(unsigned long, void const*, unsigned long)
 .text._ZN14USBDeviceClass11sendControlEPKvm
                0x0000000000007030       0x54 /home/lloydf/Arduino/PB3D/tests/test_gpio_lasers/build/../../../../../../../tmp/arduino/cores/c559d7b91b0f99147fdb07383d45e8cf/core.a(USBCore.cpp.o)
                0x0000000000007030                USBDeviceClass::sendControl(void const*, unsigned long)
 .text._ZN14USBDeviceClass20sendStringDescriptorEPKhh
                0x0000000000007084       0x68 /home/lloydf/Arduino/PB3D/tests/test_gpio_lasers/build/../../../../../../../tmp/arduino/cores/c559d7b91b0f99147fdb07383d45e8cf/core.a(USBCore.cpp.o)
                0x0000000000007084                USBDeviceClass::sendStringDescriptor(unsigned char const*, unsigned char)
 .text._ZN14USBDeviceClass17sendConfigurationEm
                0x00000000000070ec       0x80 /home/lloydf/Arduino/PB3D/tests/test_gpio_lasers/build/../../../../../../../tmp/arduino/cores/c559d7b91b0f99147fdb07383d45e8cf/core.a(USBCore.cpp.o)
                0x00000000000070ec                USBDeviceClass::sendConfiguration(unsigned long)
 .text._ZN14USBDeviceClass14sendDescriptorER8USBSetup
                0x000000000000716c       0xf0 /home/lloydf/Arduino/PB3D/tests/test_gpio_lasers/build/../../../../../../../tmp/arduino/cores/c559d7b91b0f99147fdb07383d45e8cf/core.a(USBCore.cpp.o)
                0x000000000000716c                USBDeviceClass::sendDescriptor(USBSetup&)
 .text._ZN14USBDeviceClass19handleStandardSetupER8USBSetup
                0x000000000000725c      0x104 /home/lloydf/Arduino/PB3D/tests/test_gpio_lasers/build/../../../../../../../tmp/arduino/cores/c559d7b91b0f99147fdb07383d45e8cf/core.a(USBCore.cpp.o)
                0x000000000000725c                USBDeviceClass::handleStandardSetup(USBSetup&)
 .text._ZN14USBDeviceClass10ISRHandlerEv
                0x0000000000007360      0x140 /home/lloydf/Arduino/PB3D/tests/test_gpio_lasers/build/../../../../../../../tmp/arduino/cores/c559d7b91b0f99147fdb07383d45e8cf/core.a(USBCore.cpp.o)
                0x0000000000007360                USBDeviceClass::ISRHandler()
 .text.UDD_Handler
                0x00000000000074a0       0x10 /home/lloydf/Arduino/PB3D/tests/test_gpio_lasers/build/../../../../../../../tmp/arduino/cores/c559d7b91b0f99147fdb07383d45e8cf/core.a(USBCore.cpp.o)
                0x00000000000074a0                UDD_Handler
 .text.startup._GLOBAL__sub_I_usbd
                0x00000000000074b0       0x10 /home/lloydf/Arduino/PB3D/tests/test_gpio_lasers/build/../../../../../../../tmp/arduino/cores/c559d7b91b0f99147fdb07383d45e8cf/core.a(USBCore.cpp.o)
 .text._ZN4UartcvbEv
                0x00000000000074c0        0x4 /home/lloydf/Arduino/PB3D/tests/test_gpio_lasers/build/../../../../../../../tmp/arduino/cores/c559d7b91b0f99147fdb07383d45e8cf/core.a(Uart.cpp.o)
                0x00000000000074c0                Uart::operator bool()
 .text._ZN4Uart5beginEm
                0x00000000000074c4       0x10 /home/lloydf/Arduino/PB3D/tests/test_gpio_lasers/build/../../../../../../../tmp/arduino/cores/c559d7b91b0f99147fdb07383d45e8cf/core.a(Uart.cpp.o)
                0x00000000000074c4                Uart::begin(unsigned long)
 .text._ZN4Uart4peekEv
                0x00000000000074d4       0x1a /home/lloydf/Arduino/PB3D/tests/test_gpio_lasers/build/../../../../../../../tmp/arduino/cores/c559d7b91b0f99147fdb07383d45e8cf/core.a(Uart.cpp.o)
                0x00000000000074d4                Uart::peek()
 .text._ZN4Uart3endEv
                0x00000000000074ee       0x20 /home/lloydf/Arduino/PB3D/tests/test_gpio_lasers/build/../../../../../../../tmp/arduino/cores/c559d7b91b0f99147fdb07383d45e8cf/core.a(Uart.cpp.o)
                0x00000000000074ee                Uart::end()
 .text._ZN4Uart16extractNbStopBitEt
                0x000000000000750e        0xc /home/lloydf/Arduino/PB3D/tests/test_gpio_lasers/build/../../../../../../../tmp/arduino/cores/c559d7b91b0f99147fdb07383d45e8cf/core.a(Uart.cpp.o)
                0x000000000000750e                Uart::extractNbStopBit(unsigned short)
 .text._ZN4Uart15extractCharSizeEt
                0x000000000000751a       0x28 /home/lloydf/Arduino/PB3D/tests/test_gpio_lasers/build/../../../../../../../tmp/arduino/cores/c559d7b91b0f99147fdb07383d45e8cf/core.a(Uart.cpp.o)
                0x000000000000751a                Uart::extractCharSize(unsigned short)
 .text._ZN4Uart13extractParityEt
                0x0000000000007542       0x14 /home/lloydf/Arduino/PB3D/tests/test_gpio_lasers/build/../../../../../../../tmp/arduino/cores/c559d7b91b0f99147fdb07383d45e8cf/core.a(Uart.cpp.o)
                0x0000000000007542                Uart::extractParity(unsigned short)
 *fill*         0x0000000000007556        0x2 
 .text._ZN4Uart5beginEmt
                0x0000000000007558       0xf8 /home/lloydf/Arduino/PB3D/tests/test_gpio_lasers/build/../../../../../../../tmp/arduino/cores/c559d7b91b0f99147fdb07383d45e8cf/core.a(Uart.cpp.o)
                0x0000000000007558                Uart::begin(unsigned long, unsigned short)
 .text._ZN11RingBufferNILi256EEC2Ev
                0x0000000000007650       0x1c /home/lloydf/Arduino/PB3D/tests/test_gpio_lasers/build/../../../../../../../tmp/arduino/cores/c559d7b91b0f99147fdb07383d45e8cf/core.a(Uart.cpp.o)
                0x0000000000007650                RingBufferN<256>::RingBufferN()
                0x0000000000007650                RingBufferN<256>::RingBufferN()
 .text._ZN4UartC2EP6SERCOMhh11SercomRXPad15SercomUartTXPad
                0x000000000000766c       0x74 /home/lloydf/Arduino/PB3D/tests/test_gpio_lasers/build/../../../../../../../tmp/arduino/cores/c559d7b91b0f99147fdb07383d45e8cf/core.a(Uart.cpp.o)
                0x000000000000766c                Uart::Uart(SERCOM*, unsigned char, unsigned char, SercomRXPad, SercomUartTXPad)
                0x000000000000766c                Uart::Uart(SERCOM*, unsigned char, unsigned char, SercomRXPad, SercomUartTXPad)
 .text._ZN11RingBufferNILi256EE17availableForStoreEv
                0x00000000000076e0       0x20 /home/lloydf/Arduino/PB3D/tests/test_gpio_lasers/build/../../../../../../../tmp/arduino/cores/c559d7b91b0f99147fdb07383d45e8cf/core.a(Uart.cpp.o)
                0x00000000000076e0                RingBufferN<256>::availableForStore()
 .text._ZN4Uart17availableForWriteEv
                0x0000000000007700        0xc /home/lloydf/Arduino/PB3D/tests/test_gpio_lasers/build/../../../../../../../tmp/arduino/cores/c559d7b91b0f99147fdb07383d45e8cf/core.a(Uart.cpp.o)
                0x0000000000007700                Uart::availableForWrite()
 .text._ZN4Uart4readEv
                0x000000000000770c       0x4c /home/lloydf/Arduino/PB3D/tests/test_gpio_lasers/build/../../../../../../../tmp/arduino/cores/c559d7b91b0f99147fdb07383d45e8cf/core.a(Uart.cpp.o)
                0x000000000000770c                Uart::read()
 .text._ZN11RingBufferNILi256EE9availableEv
                0x0000000000007758       0x12 /home/lloydf/Arduino/PB3D/tests/test_gpio_lasers/build/../../../../../../../tmp/arduino/cores/c559d7b91b0f99147fdb07383d45e8cf/core.a(Uart.cpp.o)
                0x0000000000007758                RingBufferN<256>::available()
 .text._ZN4Uart5flushEv
                0x000000000000776a       0x1a /home/lloydf/Arduino/PB3D/tests/test_gpio_lasers/build/../../../../../../../tmp/arduino/cores/c559d7b91b0f99147fdb07383d45e8cf/core.a(Uart.cpp.o)
                0x000000000000776a                Uart::flush()
 .text._ZN4Uart9availableEv
                0x0000000000007784        0xa /home/lloydf/Arduino/PB3D/tests/test_gpio_lasers/build/../../../../../../../tmp/arduino/cores/c559d7b91b0f99147fdb07383d45e8cf/core.a(Uart.cpp.o)
                0x0000000000007784                Uart::available()
 .text._ZN4Uart10IrqHandlerEv
                0x000000000000778e       0xcc /home/lloydf/Arduino/PB3D/tests/test_gpio_lasers/build/../../../../../../../tmp/arduino/cores/c559d7b91b0f99147fdb07383d45e8cf/core.a(Uart.cpp.o)
                0x000000000000778e                Uart::IrqHandler()
 *fill*         0x000000000000785a        0x2 
 .text._ZN4Uart5writeEh
                0x000000000000785c       0xb4 /home/lloydf/Arduino/PB3D/tests/test_gpio_lasers/build/../../../../../../../tmp/arduino/cores/c559d7b91b0f99147fdb07383d45e8cf/core.a(Uart.cpp.o)
                0x000000000000785c                Uart::write(unsigned char)
 .text.Dummy_Handler
                0x0000000000007910        0x2 /home/lloydf/Arduino/PB3D/tests/test_gpio_lasers/build/../../../../../../../tmp/arduino/cores/c559d7b91b0f99147fdb07383d45e8cf/core.a(cortex_handlers.c.o)
                0x0000000000007910                HardFault_Handler
                0x0000000000007910                AC_Handler
                0x0000000000007910                PendSV_Handler
                0x0000000000007910                NMI_Handler
                0x0000000000007910                TC7_Handler
                0x0000000000007910                SERCOM1_Handler
                0x0000000000007910                ADC_Handler
                0x0000000000007910                TCC1_Handler
                0x0000000000007910                TCC0_Handler
                0x0000000000007910                RTC_Handler
                0x0000000000007910                EIC_Handler
                0x0000000000007910                TC6_Handler
                0x0000000000007910                WDT_Handler
                0x0000000000007910                TC4_Handler
                0x0000000000007910                TC3_Handler
                0x0000000000007910                Dummy_Handler
                0x0000000000007910                PM_Handler
                0x0000000000007910                SERCOM5_Handler
                0x0000000000007910                SVC_Handler
                0x0000000000007910                TCC2_Handler
                0x0000000000007910                EVSYS_Handler
                0x0000000000007910                SERCOM3_Handler
                0x0000000000007910                I2S_Handler
                0x0000000000007910                NVMCTRL_Handler
                0x0000000000007910                SERCOM0_Handler
                0x0000000000007910                DAC_Handler
                0x0000000000007910                PTC_Handler
                0x0000000000007910                SYSCTRL_Handler
 *fill*         0x0000000000007912        0x2 
 .text.USB_Handler
                0x0000000000007914       0x14 /home/lloydf/Arduino/PB3D/tests/test_gpio_lasers/build/../../../../../../../tmp/arduino/cores/c559d7b91b0f99147fdb07383d45e8cf/core.a(cortex_handlers.c.o)
                0x0000000000007914                USB_Handler
 .text.Reset_Handler
                0x0000000000007928       0x54 /home/lloydf/Arduino/PB3D/tests/test_gpio_lasers/build/../../../../../../../tmp/arduino/cores/c559d7b91b0f99147fdb07383d45e8cf/core.a(cortex_handlers.c.o)
                0x0000000000007928                Reset_Handler
 .text.SysTick_Handler
                0x000000000000797c       0x10 /home/lloydf/Arduino/PB3D/tests/test_gpio_lasers/build/../../../../../../../tmp/arduino/cores/c559d7b91b0f99147fdb07383d45e8cf/core.a(cortex_handlers.c.o)
                0x000000000000797c                SysTick_Handler
 .text.USB_SetHandler
                0x000000000000798c        0xc /home/lloydf/Arduino/PB3D/tests/test_gpio_lasers/build/../../../../../../../tmp/arduino/cores/c559d7b91b0f99147fdb07383d45e8cf/core.a(cortex_handlers.c.o)
                0x000000000000798c                USB_SetHandler
 .text.millis   0x0000000000007998        0xc /home/lloydf/Arduino/PB3D/tests/test_gpio_lasers/build/../../../../../../../tmp/arduino/cores/c559d7b91b0f99147fdb07383d45e8cf/core.a(delay.c.o)
                0x0000000000007998                millis
 .text.micros   0x00000000000079a4       0x60 /home/lloydf/Arduino/PB3D/tests/test_gpio_lasers/build/../../../../../../../tmp/arduino/cores/c559d7b91b0f99147fdb07383d45e8cf/core.a(delay.c.o)
                0x00000000000079a4                micros
 .text._real_delay
                0x0000000000007a04       0x30 /home/lloydf/Arduino/PB3D/tests/test_gpio_lasers/build/../../../../../../../tmp/arduino/cores/c559d7b91b0f99147fdb07383d45e8cf/core.a(delay.c.o)
                0x0000000000007a04                delay
                0x0000000000007a04                _real_delay
 .text.SysTick_DefaultHandler
                0x0000000000007a34       0x14 /home/lloydf/Arduino/PB3D/tests/test_gpio_lasers/build/../../../../../../../tmp/arduino/cores/c559d7b91b0f99147fdb07383d45e8cf/core.a(delay.c.o)
                0x0000000000007a34                SysTick_DefaultHandler
 .text.__empty  0x0000000000007a48        0x2 /home/lloydf/Arduino/PB3D/tests/test_gpio_lasers/build/../../../../../../../tmp/arduino/cores/c559d7b91b0f99147fdb07383d45e8cf/core.a(hooks.c.o)
                0x0000000000007a48                yield
 .text.__false  0x0000000000007a4a        0x4 /home/lloydf/Arduino/PB3D/tests/test_gpio_lasers/build/../../../../../../../tmp/arduino/cores/c559d7b91b0f99147fdb07383d45e8cf/core.a(hooks.c.o)
                0x0000000000007a4a                sysTickHook
 .text._Z11initVariantv
                0x0000000000007a4e        0x2 /home/lloydf/Arduino/PB3D/tests/test_gpio_lasers/build/../../../../../../../tmp/arduino/cores/c559d7b91b0f99147fdb07383d45e8cf/core.a(main.cpp.o)
                0x0000000000007a4e                initVariant()
 .text._Z10_real_bodyv
                0x0000000000007a50       0x20 /home/lloydf/Arduino/PB3D/tests/test_gpio_lasers/build/../../../../../../../tmp/arduino/cores/c559d7b91b0f99147fdb07383d45e8cf/core.a(main.cpp.o)
                0x0000000000007a50                _real_body()
 .text._Z10_wrap_bodyv
                0x0000000000007a70        0x6 /home/lloydf/Arduino/PB3D/tests/test_gpio_lasers/build/../../../../../../../tmp/arduino/cores/c559d7b91b0f99147fdb07383d45e8cf/core.a(main.cpp.o)
                0x0000000000007a70                _wrap_body()
 *fill*         0x0000000000007a76        0x2 
 .text.startup.main
                0x0000000000007a78       0x30 /home/lloydf/Arduino/PB3D/tests/test_gpio_lasers/build/../../../../../../../tmp/arduino/cores/c559d7b91b0f99147fdb07383d45e8cf/core.a(main.cpp.o)
                0x0000000000007a78                main
 .text._Znwj    0x0000000000007aa8        0x8 /home/lloydf/Arduino/PB3D/tests/test_gpio_lasers/build/../../../../../../../tmp/arduino/cores/c559d7b91b0f99147fdb07383d45e8cf/core.a(new.cpp.o)
                0x0000000000007aa8                operator new(unsigned int)
 .text._ZdlPv   0x0000000000007ab0        0x8 /home/lloydf/Arduino/PB3D/tests/test_gpio_lasers/build/../../../../../../../tmp/arduino/cores/c559d7b91b0f99147fdb07383d45e8cf/core.a(new.cpp.o)
                0x0000000000007ab0                operator delete(void*)
 .text._sbrk    0x0000000000007ab8       0x3c /home/lloydf/Arduino/PB3D/tests/test_gpio_lasers/build/../../../../../../../tmp/arduino/cores/c559d7b91b0f99147fdb07383d45e8cf/core.a(new.cpp.o)
                0x0000000000007ab8                _sbrk
 .text.SystemInit
                0x0000000000007af4      0x160 /home/lloydf/Arduino/PB3D/tests/test_gpio_lasers/build/../../../../../../../tmp/arduino/cores/c559d7b91b0f99147fdb07383d45e8cf/core.a(startup.c.o)
                0x0000000000007af4                SystemInit