Archive member included to satisfy reference by file (symbol)

/home/lloydf/Arduino/PB3D/PB3D-sub1-sound/build/../../../../../../tmp/arduino/cores/c559d7b91b0f99147fdb07383d45e8cf/core.a(Retarget.cpp.o)
                              (__wrap__write)
/home/lloydf/Arduino/PB3D/PB3D-sub1-sound/build/../../../../../../tmp/arduino/cores/c559d7b91b0f99147fdb07383d45e8cf/core.a(SERCOM.cpp.o)
                              /home/lloydf/Arduino/PB3D/PB3D-sub1-sound/build/core/variant.cpp.o (SERCOM::SERCOM(Sercom*))
/home/lloydf/Arduino/PB3D/PB3D-sub1-sound/build/../../../../../../tmp/arduino/cores/c559d7b91b0f99147fdb07383d45e8cf/core.a(CDC.cpp.o)
                              /home/lloydf/Arduino/PB3D/PB3D-sub1-sound/build/sketch/PB3D-sub1-sound.ino.cpp.o (Serial_::begin(unsigned long))
/home/lloydf/Arduino/PB3D/PB3D-sub1-sound/build/../../../../../../tmp/arduino/cores/c559d7b91b0f99147fdb07383d45e8cf/core.a(USBCore.cpp.o)
                              /home/lloydf/Arduino/PB3D/PB3D-sub1-sound/build/../../../../../../tmp/arduino/cores/c559d7b91b0f99147fdb07383d45e8cf/core.a(CDC.cpp.o) (USBDeviceClass::clear(unsigned long))
/home/lloydf/Arduino/PB3D/PB3D-sub1-sound/build/../../../../../../tmp/arduino/cores/c559d7b91b0f99147fdb07383d45e8cf/core.a(Uart.cpp.o)
                              /home/lloydf/Arduino/PB3D/PB3D-sub1-sound/build/core/variant.cpp.o (Uart::Uart(SERCOM*, unsigned char, unsigned char, SercomRXPad, SercomUartTXPad))
/home/lloydf/Arduino/PB3D/PB3D-sub1-sound/build/../../../../../../tmp/arduino/cores/c559d7b91b0f99147fdb07383d45e8cf/core.a(cortex_handlers.c.o)
                              (Reset_Handler)
/home/lloydf/Arduino/PB3D/PB3D-sub1-sound/build/../../../../../../tmp/arduino/cores/c559d7b91b0f99147fdb07383d45e8cf/core.a(delay.c.o)
                              /home/lloydf/Arduino/PB3D/PB3D-sub1-sound/build/sketch/PB3D-sub1-sound.ino.cpp.o (millis)
/home/lloydf/Arduino/PB3D/PB3D-sub1-sound/build/../../../../../../tmp/arduino/cores/c559d7b91b0f99147fdb07383d45e8cf/core.a(hooks.c.o)
                              /home/lloydf/Arduino/PB3D/PB3D-sub1-sound/build/../../../../../../tmp/arduino/cores/c559d7b91b0f99147fdb07383d45e8cf/core.a(delay.c.o) (yield)
/home/lloydf/Arduino/PB3D/PB3D-sub1-sound/build/../../../../../../tmp/arduino/cores/c559d7b91b0f99147fdb07383d45e8cf/core.a(main.cpp.o)
                              /home/lloydf/.arduino15/packages/Seeeduino/tools/arm-none-eabi-gcc/7-2017q4/bin/../lib/gcc/arm-none-eabi/7.2.1/../../../../arm-none-eabi/lib/thumb/v6-m/crt0.o (main)
/home/lloydf/Arduino/PB3D/PB3D-sub1-sound/build/../../../../../../tmp/arduino/cores/c559d7b91b0f99147fdb07383d45e8cf/core.a(new.cpp.o)
                              /home/lloydf/Arduino/PB3D/PB3D-sub1-sound/build/../../../../../../tmp/arduino/cores/c559d7b91b0f99147fdb07383d45e8cf/core.a(USBCore.cpp.o) (operator new(unsigned int))
/home/lloydf/Arduino/PB3D/PB3D-sub1-sound/build/../../../../../../tmp/arduino/cores/c559d7b91b0f99147fdb07383d45e8cf/core.a(startup.c.o)
                              /home/lloydf/Arduino/PB3D/PB3D-sub1-sound/build/../../../../../../tmp/arduino/cores/c559d7b91b0f99147fdb07383d45e8cf/core.a(cortex_handlers.c.o) (SystemInit)
/home/lloydf/Arduino/PB3D/PB3D-sub1-sound/build/../../../../../../tmp/arduino/cores/c559d7b91b0f99147fdb07383d45e8cf/core.a(wiring.c.o)
                              /home/lloydf/Arduino/PB3D/PB3D-sub1-sound/build/../../../../../../tmp/arduino/cores/c559d7b91b0f99147fdb07383d45e8cf/core.a(main.cpp.o) (init)
/home/lloydf/Arduino/PB3D/PB3D-sub1-sound/build/../../../../../../tmp/arduino/cores/c559d7b91b0f99147fdb07383d45e8cf/core.a(wiring_analog.c.o)
                              /home/lloydf/Arduino/PB3D/PB3D-sub1-sound/build/sketch/PB3D-sub1-sound.ino.cpp.o (analogReadResolution)
/home/lloydf/Arduino/PB3D/PB3D-sub1-sound/build/../../../../../../tmp/arduino/cores/c559d7b91b0f99147fdb07383d45e8cf/core.a(wiring_digital.c.o)
                              /home/lloydf/Arduino/PB3D/PB3D-sub1-sound/build/sketch/PB3D-sub1-sound.ino.cpp.o (pinMode)
/home/lloydf/Arduino/PB3D/PB3D-sub1-sound/build/../../../../../../tmp/arduino/cores/c559d7b91b0f99147fdb07383d45e8cf/core.a(wiring_private.c.o)
                              /home/lloydf/Arduino/PB3D/PB3D-sub1-sound/build/../../../../../../tmp/arduino/cores/c559d7b91b0f99147fdb07383d45e8cf/core.a(wiring_analog.c.o) (mapResolution)
/home/lloydf/Arduino/PB3D/PB3D-sub1-sound/build/../../../../../../tmp/arduino/cores/c559d7b91b0f99147fdb07383d45e8cf/core.a(Print.cpp.o)
                              /home/lloydf/Arduino/PB3D/PB3D-sub1-sound/build/../../../../../../tmp/arduino/cores/c559d7b91b0f99147fdb07383d45e8cf/core.a(Uart.cpp.o) (Print::write(unsigned char const*, unsigned int))
/home/lloydf/Arduino/PB3D/PB3D-sub1-sound/build/../../../../../../tmp/arduino/cores/c559d7b91b0f99147fdb07383d45e8cf/core.a(Reset.cpp.o)
[...]
Memory Configuration

Name             Origin             Length             Attributes
FLASH            0x0000000000002000 0x000000000003e000 xr
RAM              0x0000000020000000 0x0000000000008000 xrw
*default*        0x0000000000000000 0xffffffffffffffff

Linker script and memory map

LOAD /home/lloydf/.arduino15/packages/Seeeduino/tools/arm-none-eabi-gcc/7-2017q4/bin/../lib/gcc/arm-none-eabi/7.2.1/thumb/v6-m/crti.o
LOAD /home/lloydf/.arduino15/packages/Seeeduino/tools/arm-none-eabi-gcc/7-2017q4/bin/../lib/gcc/arm-none-eabi/7.2.1/thumb/v6-m/crtbegin.o
LOAD /home/lloydf/.arduino15/packages/Seeeduino/tools/arm-none-eabi-gcc/7-2017q4/bin/../lib/gcc/arm-none-eabi/7.2.1/../../../../arm-none-eabi/lib/thumb/v6-m/crt0.o
LOAD /home/lloydf/Arduino/PB3D/PB3D-sub1-sound/build/sketch/PB3D-sub1-sound.ino.cpp.o
LOAD /home/lloydf/Arduino/PB3D/PB3D-sub1-sound/build/libraries/Wire/Wire.cpp.o
LOAD /home/lloydf/Arduino/PB3D/PB3D-sub1-sound/build/core/variant.cpp.o
START GROUP
LOAD /home/lloydf/.arduino15/packages/Seeeduino/tools/CMSIS/5.7.0/CMSIS/DSP/Lib/GCC//libarm_cortexM0l_math.a
LOAD /home/lloydf/.arduino15/packages/Seeeduino/tools/arm-none-eabi-gcc/7-2017q4/bin/../lib/gcc/arm-none-eabi/7.2.1/../../../../arm-none-eabi/lib/thumb/v6-m/libm.a
LOAD /home/lloydf/Arduino/PB3D/PB3D-sub1-sound/build/../../../../../../tmp/arduino/cores/c559d7b91b0f99147fdb07383d45e8cf/core.a
END GROUP
LOAD /home/lloydf/.arduino15/packages/Seeeduino/tools/arm-none-eabi-gcc/7-2017q4/bin/../lib/gcc/arm-none-eabi/7.2.1/../../../../arm-none-eabi/lib/thumb/v6-m/libstdc++_nano.a
LOAD /home/lloydf/.arduino15/packages/Seeeduino/tools/arm-none-eabi-gcc/7-2017q4/bin/../lib/gcc/arm-none-eabi/7.2.1/../../../../arm-none-eabi/lib/thumb/v6-m/libm.a
START GROUP
LOAD /home/lloydf/.arduino15/packages/Seeeduino/tools/arm-none-eabi-gcc/7-2017q4/bin/../lib/gcc/arm-none-eabi/7.2.1/thumb/v6-m/libgcc.a
LOAD /home/lloydf/.arduino15/packages/Seeeduino/tools/arm-none-eabi-gcc/7-2017q4/bin/../lib/gcc/arm-none-eabi/7.2.1/../../../../arm-none-eabi/lib/thumb/v6-m/libc_nano.a
END GROUP
START GROUP
LOAD /home/lloydf/.arduino15/packages/Seeeduino/tools/arm-none-eabi-gcc/7-2017q4/bin/../lib/gcc/arm-none-eabi/7.2.1/thumb/v6-m/libgcc.a
LOAD /home/lloydf/.arduino15/packages/Seeeduino/tools/arm-none-eabi-gcc/7-2017q4/bin/../lib/gcc/arm-none-eabi/7.2.1/../../../../arm-none-eabi/lib/thumb/v6-m/libc_nano.a
LOAD /home/lloydf/.arduino15/packages/Seeeduino/tools/arm-none-eabi-gcc/7-2017q4/bin/../lib/gcc/arm-none-eabi/7.2.1/../../../../arm-none-eabi/lib/thumb/v6-m/libnosys.a
END GROUP
START GROUP
LOAD /home/lloydf/.arduino15/packages/Seeeduino/tools/arm-none-eabi-gcc/7-2017q4/bin/../lib/gcc/arm-none-eabi/7.2.1/thumb/v6-m/libgcc.a
LOAD /home/lloydf/.arduino15/packages/Seeeduino/tools/arm-none-eabi-gcc/7-2017q4/bin/../lib/gcc/arm-none-eabi/7.2.1/../../../../arm-none-eabi/lib/thumb/v6-m/libc_nano.a
LOAD /home/lloydf/.arduino15/packages/Seeeduino/tools/arm-none-eabi-gcc/7-2017q4/bin/../lib/gcc/arm-none-eabi/7.2.1/../../../../arm-none-eabi/lib/thumb/v6-m/libnosys.a
END GROUP
LOAD /home/lloydf/.arduino15/packages/Seeeduino/tools/arm-none-eabi-gcc/7-2017q4/bin/../lib/gcc/arm-none-eabi/7.2.1/thumb/v6-m/crtend.o
LOAD /home/lloydf/.arduino15/packages/Seeeduino/tools/arm-none-eabi-gcc/7-2017q4/bin/../lib/gcc/arm-none-eabi/7.2.1/thumb/v6-m/crtn.o

.text           0x0000000000002000     0x9314
                0x0000000000002000                __text_start__ = .
 *(.isr_vector)
 .isr_vector    0x0000000000002000       0xb4 /home/lloydf/Arduino/PB3D/PB3D-sub1-sound/build/../../../../../../tmp/arduino/cores/c559d7b91b0f99147fdb07383d45e8cf/core.a(cortex_handlers.c.o)
                0x0000000000002000                exception_table
 *(.text*)
 .text          0x00000000000020b4       0x48 /home/lloydf/.arduino15/packages/Seeeduino/tools/arm-none-eabi-gcc/7-2017q4/bin/../lib/gcc/arm-none-eabi/7.2.1/thumb/v6-m/crtbegin.o
 .text.setup    0x00000000000020fc       0xa0 /home/lloydf/Arduino/PB3D/PB3D-sub1-sound/build/sketch/PB3D-sub1-sound.ino.cpp.o
                0x00000000000020fc                setup
 .text._Z18sample_environmentv
                0x000000000000219c      0x1bc /home/lloydf/Arduino/PB3D/PB3D-sub1-sound/build/sketch/PB3D-sub1-sound.ino.cpp.o
                0x000000000000219c                sample_environment()
 .text._Z12locate_soundv
                0x0000000000002358      0x138 /home/lloydf/Arduino/PB3D/PB3D-sub1-sound/build/sketch/PB3D-sub1-sound.ino.cpp.o
                0x0000000000002358                locate_sound()
 .text.loop     0x0000000000002490       0x94 /home/lloydf/Arduino/PB3D/PB3D-sub1-sound/build/sketch/PB3D-sub1-sound.ino.cpp.o
                0x0000000000002490                loop
 .text.startup._GLOBAL__sub_I_env_avg_std
                0x0000000000002524       0x58 /home/lloydf/Arduino/PB3D/PB3D-sub1-sound/build/sketch/PB3D-sub1-sound.ino.cpp.o
 .text._Z12receiveEventi
                0x000000000000257c       0x18 /home/lloydf/Arduino/PB3D/PB3D-sub1-sound/build/sketch/PB3D-sub1-sound.ino.cpp.o
                0x000000000000257c                receiveEvent(int)
 .text._Z12requestEventv
                0x0000000000002594       0x18 /home/lloydf/Arduino/PB3D/PB3D-sub1-sound/build/sketch/PB3D-sub1-sound.ino.cpp.o
                0x0000000000002594                requestEvent()
 .text._ZN5Print17availableForWriteEv
                0x00000000000025ac        0x4 /home/lloydf/Arduino/PB3D/PB3D-sub1-sound/build/libraries/Wire/Wire.cpp.o
                0x00000000000025ac                Print::availableForWrite()
 .text._ZN7TwoWire5writeEPKhj
                0x00000000000025b0       0x24 /home/lloydf/Arduino/PB3D/PB3D-sub1-sound/build/libraries/Wire/Wire.cpp.o
                0x00000000000025b0                TwoWire::write(unsigned char const*, unsigned int)
 .text._ZN7TwoWire5flushEv
                0x00000000000025d4        0x2 /home/lloydf/Arduino/PB3D/PB3D-sub1-sound/build/libraries/Wire/Wire.cpp.o
                0x00000000000025d4                TwoWire::flush()
 .text._ZN7TwoWire4peekEv
                0x00000000000025d6       0x1a /home/lloydf/Arduino/PB3D/PB3D-sub1-sound/build/libraries/Wire/Wire.cpp.o
                0x00000000000025d6                TwoWire::peek()
 .text._ZN7TwoWire9availableEv
                0x00000000000025f0       0x12 /home/lloydf/Arduino/PB3D/PB3D-sub1-sound/build/libraries/Wire/Wire.cpp.o
                0x00000000000025f0                TwoWire::available()
 *fill*         0x0000000000002602        0x2 
 .text._ZN7TwoWireC2EP6SERCOMhh
                0x0000000000002604       0x60 /home/lloydf/Arduino/PB3D/PB3D-sub1-sound/build/libraries/Wire/Wire.cpp.o
                0x0000000000002604                TwoWire::TwoWire(SERCOM*, unsigned char, unsigned char)
                0x0000000000002604                TwoWire::TwoWire(SERCOM*, unsigned char, unsigned char)
 .text._ZN7TwoWire5beginEhb
                0x0000000000002664       0x38 /home/lloydf/Arduino/PB3D/PB3D-sub1-sound/build/libraries/Wire/Wire.cpp.o
                0x0000000000002664                TwoWire::begin(unsigned char, bool)
 .text._ZN7TwoWire9onReceiveEPFviE
                0x000000000000269c        0x8 /home/lloydf/Arduino/PB3D/PB3D-sub1-sound/build/libraries/Wire/Wire.cpp.o
                0x000000000000269c                TwoWire::onReceive(void (*)(int))
 .text._ZN7TwoWire9onRequestEPFvvE
                0x00000000000026a4        0x8 /home/lloydf/Arduino/PB3D/PB3D-sub1-sound/build/libraries/Wire/Wire.cpp.o
                0x00000000000026a4                TwoWire::onRequest(void (*)())
 .text._ZN11RingBufferNILi256EE10store_charEh
                0x00000000000026ac       0x1a /home/lloydf/Arduino/PB3D/PB3D-sub1-sound/build/libraries/Wire/Wire.cpp.o
                0x00000000000026ac                RingBufferN<256>::store_char(unsigned char)
 .text._ZN7TwoWire5writeEh
                0x00000000000026c6       0x2a /home/lloydf/Arduino/PB3D/PB3D-sub1-sound/build/libraries/Wire/Wire.cpp.o
                0x00000000000026c6                TwoWire::write(unsigned char)
 .text._ZN11RingBufferNILi256EE9read_charEv
                0x00000000000026f0       0x20 /home/lloydf/Arduino/PB3D/PB3D-sub1-sound/build/libraries/Wire/Wire.cpp.o
                0x00000000000026f0                RingBufferN<256>::read_char()
 .text._ZN7TwoWire4readEv
                0x0000000000002710        0xa /home/lloydf/Arduino/PB3D/PB3D-sub1-sound/build/libraries/Wire/Wire.cpp.o
                0x0000000000002710                TwoWire::read()
 .text._ZN7TwoWire9onServiceEv
                0x000000000000271a      0x11c /home/lloydf/Arduino/PB3D/PB3D-sub1-sound/build/libraries/Wire/Wire.cpp.o
                0x000000000000271a                TwoWire::onService()
 *fill*         0x0000000000002836        0x2 
 .text.SERCOM2_Handler
                0x0000000000002838       0x10 /home/lloydf/Arduino/PB3D/PB3D-sub1-sound/build/libraries/Wire/Wire.cpp.o
                0x0000000000002838                SERCOM2_Handler
 .text.startup._GLOBAL__sub_I__ZN7TwoWireC2EP6SERCOMhh
                0x0000000000002848       0x18 /home/lloydf/Arduino/PB3D/PB3D-sub1-sound/build/libraries/Wire/Wire.cpp.o
 .text.SERCOM4_Handler
                0x0000000000002860       0x10 /home/lloydf/Arduino/PB3D/PB3D-sub1-sound/build/core/variant.cpp.o
                0x0000000000002860                SERCOM4_Handler
 .text.startup._GLOBAL__sub_I_g_APinDescription
                0x0000000000002870       0x80 /home/lloydf/Arduino/PB3D/PB3D-sub1-sound/build/core/variant.cpp.o
 .text.__wrap__write
                0x00000000000028f0        0x4 /home/lloydf/Arduino/PB3D/PB3D-sub1-sound/build/../../../../../../tmp/arduino/cores/c559d7b91b0f99147fdb07383d45e8cf/core.a(Retarget.cpp.o)
                0x00000000000028f0                __wrap__write
 .text._ZN6SERCOMC2EP6Sercom
                0x00000000000028f4        0x4 /home/lloydf/Arduino/PB3D/PB3D-sub1-sound/build/../../../../../../tmp/arduino/cores/c559d7b91b0f99147fdb07383d45e8cf/core.a(SERCOM.cpp.o)
                0x00000000000028f4                SERCOM::SERCOM(Sercom*)
                0x00000000000028f4                SERCOM::SERCOM(Sercom*)
 .text._ZN6SERCOM9initFrameE18SercomUartCharSize15SercomDataOrder16SercomParityMode19SercomNumberStopBit
                0x00000000000028f8       0x3a /home/lloydf/Arduino/PB3D/PB3D-sub1-sound/build/../../../../../../tmp/arduino/cores/c559d7b91b0f99147fdb07383d45e8cf/core.a(SERCOM.cpp.o)
                0x00000000000028f8                SERCOM::initFrame(SercomUartCharSize, SercomDataOrder, SercomParityMode, SercomNumberStopBit)
 .text._ZN6SERCOM8initPadsE15SercomUartTXPad11SercomRXPad
                0x0000000000002932       0x26 /home/lloydf/Arduino/PB3D/PB3D-sub1-sound/build/../../../../../../tmp/arduino/cores/c559d7b91b0f99147fdb07383d45e8cf/core.a(SERCOM.cpp.o)
                0x0000000000002932                SERCOM::initPads(SercomUartTXPad, SercomRXPad)
 .text._ZN6SERCOM9resetUARTEv
                0x0000000000002958       0x1a /home/lloydf/Arduino/PB3D/PB3D-sub1-sound/build/../../../../../../tmp/arduino/cores/c559d7b91b0f99147fdb07383d45e8cf/core.a(SERCOM.cpp.o)
                0x0000000000002958                SERCOM::resetUART()
 .text._ZN6SERCOM10enableUARTEv
                0x0000000000002972       0x14 /home/lloydf/Arduino/PB3D/PB3D-sub1-sound/build/../../../../../../tmp/arduino/cores/c559d7b91b0f99147fdb07383d45e8cf/core.a(SERCOM.cpp.o)
                0x0000000000002972                SERCOM::enableUART()
 .text._ZN6SERCOM9flushUARTEv
                0x0000000000002986       0x10 /home/lloydf/Arduino/PB3D/PB3D-sub1-sound/build/../../../../../../tmp/arduino/cores/c559d7b91b0f99147fdb07383d45e8cf/core.a(SERCOM.cpp.o)
                0x0000000000002986                SERCOM::flushUART()
 .text._ZN6SERCOM15clearStatusUARTEv
                0x0000000000002996        0x8 /home/lloydf/Arduino/PB3D/PB3D-sub1-sound/build/../../../../../../tmp/arduino/cores/c559d7b91b0f99147fdb07383d45e8cf/core.a(SERCOM.cpp.o)
                0x0000000000002996                SERCOM::clearStatusUART()
 .text._ZN6SERCOM17availableDataUARTEv
                0x000000000000299e        0xa /home/lloydf/Arduino/PB3D/PB3D-sub1-sound/build/../../../../../../tmp/arduino/cores/c559d7b91b0f99147fdb07383d45e8cf/core.a(SERCOM.cpp.o)
                0x000000000000299e                SERCOM::availableDataUART()
 .text._ZN6SERCOM11isUARTErrorEv
                0x00000000000029a8        0x8 /home/lloydf/Arduino/PB3D/PB3D-sub1-sound/build/../../../../../../tmp/arduino/cores/c559d7b91b0f99147fdb07383d45e8cf/core.a(SERCOM.cpp.o)
                0x00000000000029a8                SERCOM::isUARTError()
 .text._ZN6SERCOM20acknowledgeUARTErrorEv
                0x00000000000029b0        0xe /home/lloydf/Arduino/PB3D/PB3D-sub1-sound/build/../../../../../../tmp/arduino/cores/c559d7b91b0f99147fdb07383d45e8cf/core.a(SERCOM.cpp.o)
                0x00000000000029b0                SERCOM::acknowledgeUARTError()
 .text._ZN6SERCOM16isFrameErrorUARTEv
                0x00000000000029be        0xa /home/lloydf/Arduino/PB3D/PB3D-sub1-sound/build/../../../../../../tmp/arduino/cores/c559d7b91b0f99147fdb07383d45e8cf/core.a(SERCOM.cpp.o)
                0x00000000000029be                SERCOM::isFrameErrorUART()
 .text._ZN6SERCOM19clearFrameErrorUARTEv
                0x00000000000029c8        0xc /home/lloydf/Arduino/PB3D/PB3D-sub1-sound/build/../../../../../../tmp/arduino/cores/c559d7b91b0f99147fdb07383d45e8cf/core.a(SERCOM.cpp.o)
                0x00000000000029c8                SERCOM::clearFrameErrorUART()
 .text._ZN6SERCOM23isDataRegisterEmptyUARTEv
                0x00000000000029d4        0xa /home/lloydf/Arduino/PB3D/PB3D-sub1-sound/build/../../../../../../tmp/arduino/cores/c559d7b91b0f99147fdb07383d45e8cf/core.a(SERCOM.cpp.o)
                0x00000000000029d4                SERCOM::isDataRegisterEmptyUART()
 .text._ZN6SERCOM12readDataUARTEv
                0x00000000000029de        0x8 /home/lloydf/Arduino/PB3D/PB3D-sub1-sound/build/../../../../../../tmp/arduino/cores/c559d7b91b0f99147fdb07383d45e8cf/core.a(SERCOM.cpp.o)
                0x00000000000029de                SERCOM::readDataUART()
 .text._ZN6SERCOM13writeDataUARTEh
                0x00000000000029e6       0x10 /home/lloydf/Arduino/PB3D/PB3D-sub1-sound/build/../../../../../../tmp/arduino/cores/c559d7b91b0f99147fdb07383d45e8cf/core.a(SERCOM.cpp.o)
                0x00000000000029e6                SERCOM::writeDataUART(unsigned char)
 .text._ZN6SERCOM36enableDataRegisterEmptyInterruptUARTEv
                0x00000000000029f6        0x8 /home/lloydf/Arduino/PB3D/PB3D-sub1-sound/build/../../../../../../tmp/arduino/cores/c559d7b91b0f99147fdb07383d45e8cf/core.a(SERCOM.cpp.o)
                0x00000000000029f6                SERCOM::enableDataRegisterEmptyInterruptUART()
 .text._ZN6SERCOM37disableDataRegisterEmptyInterruptUARTEv
                0x00000000000029fe        0x8 /home/lloydf/Arduino/PB3D/PB3D-sub1-sound/build/../../../../../../tmp/arduino/cores/c559d7b91b0f99147fdb07383d45e8cf/core.a(SERCOM.cpp.o)
                0x00000000000029fe                SERCOM::disableDataRegisterEmptyInterruptUART()
 .text._ZN6SERCOM9resetWIREEv
                0x0000000000002a06       0x1a /home/lloydf/Arduino/PB3D/PB3D-sub1-sound/build/../../../../../../tmp/arduino/cores/c559d7b91b0f99147fdb07383d45e8cf/core.a(SERCOM.cpp.o)
                0x0000000000002a06                SERCOM::resetWIRE()
 .text._ZN6SERCOM10enableWIREEv
                0x0000000000002a20       0x2a /home/lloydf/Arduino/PB3D/PB3D-sub1-sound/build/../../../../../../tmp/arduino/cores/c559d7b91b0f99147fdb07383d45e8cf/core.a(SERCOM.cpp.o)
                0x0000000000002a20                SERCOM::enableWIRE()
 .text._ZN6SERCOM18prepareNackBitWIREEv
                0x0000000000002a4a       0x10 /home/lloydf/Arduino/PB3D/PB3D-sub1-sound/build/../../../../../../tmp/arduino/cores/c559d7b91b0f99147fdb07383d45e8cf/core.a(SERCOM.cpp.o)
                0x0000000000002a4a                SERCOM::prepareNackBitWIRE()
 *fill*         0x0000000000002a5a        0x2 
 .text._ZN6SERCOM17prepareAckBitWIREEv
                0x0000000000002a5c       0x14 /home/lloydf/Arduino/PB3D/PB3D-sub1-sound/build/../../../../../../tmp/arduino/cores/c559d7b91b0f99147fdb07383d45e8cf/core.a(SERCOM.cpp.o)
                0x0000000000002a5c                SERCOM::prepareAckBitWIRE()
 .text._ZN6SERCOM22prepareCommandBitsWireEh
                0x0000000000002a70       0x2c /home/lloydf/Arduino/PB3D/PB3D-sub1-sound/build/../../../../../../tmp/arduino/cores/c559d7b91b0f99147fdb07383d45e8cf/core.a(SERCOM.cpp.o)
                0x0000000000002a70                SERCOM::prepareCommandBitsWire(unsigned char)
 .text._ZN6SERCOM17sendDataSlaveWIREEh
                0x0000000000002a9c       0x1c /home/lloydf/Arduino/PB3D/PB3D-sub1-sound/build/../../../../../../tmp/arduino/cores/c559d7b91b0f99147fdb07383d45e8cf/core.a(SERCOM.cpp.o)
                0x0000000000002a9c                SERCOM::sendDataSlaveWIRE(unsigned char)
 .text._ZN6SERCOM11isSlaveWIREEv
                0x0000000000002ab8       0x12 /home/lloydf/Arduino/PB3D/PB3D-sub1-sound/build/../../../../../../tmp/arduino/cores/c559d7b91b0f99147fdb07383d45e8cf/core.a(SERCOM.cpp.o)
                0x0000000000002ab8                SERCOM::isSlaveWIRE()
 .text._ZN6SERCOM15isDataReadyWIREEv
                0x0000000000002aca        0xa /home/lloydf/Arduino/PB3D/PB3D-sub1-sound/build/../../../../../../tmp/arduino/cores/c559d7b91b0f99147fdb07383d45e8cf/core.a(SERCOM.cpp.o)
                0x0000000000002aca                SERCOM::isDataReadyWIRE()
 .text._ZN6SERCOM18isStopDetectedWIREEv
                0x0000000000002ad4        0xa /home/lloydf/Arduino/PB3D/PB3D-sub1-sound/build/../../../../../../tmp/arduino/cores/c559d7b91b0f99147fdb07383d45e8cf/core.a(SERCOM.cpp.o)
                0x0000000000002ad4                SERCOM::isStopDetectedWIRE()
 .text._ZN6SERCOM21isRestartDetectedWIREEv
                0x0000000000002ade        0xa /home/lloydf/Arduino/PB3D/PB3D-sub1-sound/build/../../../../../../tmp/arduino/cores/c559d7b91b0f99147fdb07383d45e8cf/core.a(SERCOM.cpp.o)
                0x0000000000002ade                SERCOM::isRestartDetectedWIRE()
 .text._ZN6SERCOM14isAddressMatchEv
                0x0000000000002ae8        0xa /home/lloydf/Arduino/PB3D/PB3D-sub1-sound/build/../../../../../../tmp/arduino/cores/c559d7b91b0f99147fdb07383d45e8cf/core.a(SERCOM.cpp.o)
                0x0000000000002ae8                SERCOM::isAddressMatch()
 .text._ZN6SERCOM25isMasterReadOperationWIREEv
                0x0000000000002af2        0xa /home/lloydf/Arduino/PB3D/PB3D-sub1-sound/build/../../../../../../tmp/arduino/cores/c559d7b91b0f99147fdb07383d45e8cf/core.a(SERCOM.cpp.o)
                0x0000000000002af2                SERCOM::isMasterReadOperationWIRE()
 .text._ZN6SERCOM12readDataWIREEv
                0x0000000000002afc       0x1a /home/lloydf/Arduino/PB3D/PB3D-sub1-sound/build/../../../../../../tmp/arduino/cores/c559d7b91b0f99147fdb07383d45e8cf/core.a(SERCOM.cpp.o)
                0x0000000000002afc                SERCOM::readDataWIRE()
 *fill*         0x0000000000002b16        0x2 
 .text._ZN6SERCOM14getSercomIndexEv
                0x0000000000002b18       0x5c /home/lloydf/Arduino/PB3D/PB3D-sub1-sound/build/../../../../../../tmp/arduino/cores/c559d7b91b0f99147fdb07383d45e8cf/core.a(SERCOM.cpp.o)
                0x0000000000002b18                SERCOM::getSercomIndex()
 .text._ZN6SERCOM13initClockNVICEv
                0x0000000000002b74       0x90 /home/lloydf/Arduino/PB3D/PB3D-sub1-sound/build/../../../../../../tmp/arduino/cores/c559d7b91b0f99147fdb07383d45e8cf/core.a(SERCOM.cpp.o)
                0x0000000000002b74                SERCOM::initClockNVIC()
 .text._ZN6SERCOM8initUARTE14SercomUartMode20SercomUartSampleRatem
                0x0000000000002c04       0x6c /home/lloydf/Arduino/PB3D/PB3D-sub1-sound/build/../../../../../../tmp/arduino/cores/c559d7b91b0f99147fdb07383d45e8cf/core.a(SERCOM.cpp.o)
                0x0000000000002c04                SERCOM::initUART(SercomUartMode, SercomUartSampleRate, unsigned long)
 .text._ZN6SERCOM13initSlaveWIREEhb
                0x0000000000002c70       0x4a /home/lloydf/Arduino/PB3D/PB3D-sub1-sound/build/../../../../../../tmp/arduino/cores/c559d7b91b0f99147fdb07383d45e8cf/core.a(SERCOM.cpp.o)
                0x0000000000002c70                SERCOM::initSlaveWIRE(unsigned char, bool)
 .text._ZN7Serial_17availableForWriteEv
                0x0000000000002cba        0x4 /home/lloydf/Arduino/PB3D/PB3D-sub1-sound/build/../../../../../../tmp/arduino/cores/c559d7b91b0f99147fdb07383d45e8cf/core.a(CDC.cpp.o)
                0x0000000000002cba                Serial_::availableForWrite()
 .text._ZN7Serial_5writeEh
                0x0000000000002cbe       0x14 /home/lloydf/Arduino/PB3D/PB3D-sub1-sound/build/../../../../../../tmp/arduino/cores/c559d7b91b0f99147fdb07383d45e8cf/core.a(CDC.cpp.o)
                0x0000000000002cbe                Serial_::write(unsigned char)
 *fill*         0x0000000000002cd2        0x2 
 .text._ZN7Serial_9availableEv
                0x0000000000002cd4       0x1c /home/lloydf/Arduino/PB3D/PB3D-sub1-sound/build/../../../../../../tmp/arduino/cores/c559d7b91b0f99147fdb07383d45e8cf/core.a(CDC.cpp.o)
                0x0000000000002cd4                Serial_::available()
 .text._ZN7Serial_5flushEv
                0x0000000000002cf0        0xc /home/lloydf/Arduino/PB3D/PB3D-sub1-sound/build/../../../../../../tmp/arduino/cores/c559d7b91b0f99147fdb07383d45e8cf/core.a(CDC.cpp.o)
                0x0000000000002cf0                Serial_::flush()
 .text._ZN7Serial_5clearEv
                0x0000000000002cfc        0xc /home/lloydf/Arduino/PB3D/PB3D-sub1-sound/build/../../../../../../tmp/arduino/cores/c559d7b91b0f99147fdb07383d45e8cf/core.a(CDC.cpp.o)
                0x0000000000002cfc                Serial_::clear()
 .text._ZN7Serial_4peekEv
                0x0000000000002d08       0x1c /home/lloydf/Arduino/PB3D/PB3D-sub1-sound/build/../../../../../../tmp/arduino/cores/c559d7b91b0f99147fdb07383d45e8cf/core.a(CDC.cpp.o)
                0x0000000000002d08                Serial_::peek()
 .text._ZN7Serial_4readEv
                0x0000000000002d24       0x24 /home/lloydf/Arduino/PB3D/PB3D-sub1-sound/build/../../../../../../tmp/arduino/cores/c559d7b91b0f99147fdb07383d45e8cf/core.a(CDC.cpp.o)
                0x0000000000002d24                Serial_::read()
 .text._ZN7Serial_5writeEPKhj
                0x0000000000002d48       0x30 /home/lloydf/Arduino/PB3D/PB3D-sub1-sound/build/../../../../../../tmp/arduino/cores/c559d7b91b0f99147fdb07383d45e8cf/core.a(CDC.cpp.o)
                0x0000000000002d48                Serial_::write(unsigned char const*, unsigned int)
 .text._Z16CDC_GetInterfacePh
                0x0000000000002d78       0x1c /home/lloydf/Arduino/PB3D/PB3D-sub1-sound/build/../../../../../../tmp/arduino/cores/c559d7b91b0f99147fdb07383d45e8cf/core.a(CDC.cpp.o)
                0x0000000000002d78                CDC_GetInterface(unsigned char*)
 .text._Z9CDC_SetupR8USBSetup
                0x0000000000002d94       0x7c /home/lloydf/Arduino/PB3D/PB3D-sub1-sound/build/../../../../../../tmp/arduino/cores/c559d7b91b0f99147fdb07383d45e8cf/core.a(CDC.cpp.o)
                0x0000000000002d94                CDC_Setup(USBSetup&)
 .text._ZN7Serial_5beginEm
                0x0000000000002e10        0x6 /home/lloydf/Arduino/PB3D/PB3D-sub1-sound/build/../../../../../../tmp/arduino/cores/c559d7b91b0f99147fdb07383d45e8cf/core.a(CDC.cpp.o)
                0x0000000000002e10                Serial_::begin(unsigned long)
 *fill*         0x0000000000002e16        0x2 
 .text.startup._GLOBAL__sub_I__Z17_CDC_GetInterfacev
                0x0000000000002e18       0x28 /home/lloydf/Arduino/PB3D/PB3D-sub1-sound/build/../../../../../../tmp/arduino/cores/c559d7b91b0f99147fdb07383d45e8cf/core.a(CDC.cpp.o)
 .text._ZN26DoubleBufferedEPOutHandlerD2Ev
                0x0000000000002e40        0x2 /home/lloydf/Arduino/PB3D/PB3D-sub1-sound/build/../../../../../../tmp/arduino/cores/c559d7b91b0f99147fdb07383d45e8cf/core.a(USBCore.cpp.o)
                0x0000000000002e40                DoubleBufferedEPOutHandler::~DoubleBufferedEPOutHandler()
                0x0000000000002e40                DoubleBufferedEPOutHandler::~DoubleBufferedEPOutHandler()
 .text._ZN26DoubleBufferedEPOutHandler4initEv
                0x0000000000002e42        0x2 /home/lloydf/Arduino/PB3D/PB3D-sub1-sound/build/../../../../../../tmp/arduino/cores/c559d7b91b0f99147fdb07383d45e8cf/core.a(USBCore.cpp.o)
                0x0000000000002e42                DoubleBufferedEPOutHandler::init()
 .text._ZL5utox8mPc
                0x0000000000002e44       0x24 /home/lloydf/Arduino/PB3D/PB3D-sub1-sound/build/../../../../../../tmp/arduino/cores/c559d7b91b0f99147fdb07383d45e8cf/core.a(USBCore.cpp.o)
 .text._ZN26DoubleBufferedEPOutHandlerD0Ev
                0x0000000000002e68       0x10 /home/lloydf/Arduino/PB3D/PB3D-sub1-sound/build/../../../../../../tmp/arduino/cores/c559d7b91b0f99147fdb07383d45e8cf/core.a(USBCore.cpp.o)
                0x0000000000002e68                DoubleBufferedEPOutHandler::~DoubleBufferedEPOutHandler()
 .text._ZN14USBDeviceClass6initEPEmm.part.8
                0x0000000000002e78       0xe0 /home/lloydf/Arduino/PB3D/PB3D-sub1-sound/build/../../../../../../tmp/arduino/cores/c559d7b91b0f99147fdb07383d45e8cf/core.a(USBCore.cpp.o)
 .text._ZN7__GuardC2Ev
                0x0000000000002f58        0xe /home/lloydf/Arduino/PB3D/PB3D-sub1-sound/build/../../../../../../tmp/arduino/cores/c559d7b91b0f99147fdb07383d45e8cf/core.a(USBCore.cpp.o)
                0x0000000000002f58                __Guard::__Guard()
                0x0000000000002f58                __Guard::__Guard()
 .text._ZN7__GuardD2Ev
                0x0000000000002f66        0xe /home/lloydf/Arduino/PB3D/PB3D-sub1-sound/build/../../../../../../tmp/arduino/cores/c559d7b91b0f99147fdb07383d45e8cf/core.a(USBCore.cpp.o)
                0x0000000000002f66                __Guard::~__Guard()
                0x0000000000002f66                __Guard::~__Guard()
 .text._ZNK26DoubleBufferedEPOutHandler10_availableEv
                0x0000000000002f74       0x6a /home/lloydf/Arduino/PB3D/PB3D-sub1-sound/build/../../../../../../tmp/arduino/cores/c559d7b91b0f99147fdb07383d45e8cf/core.a(USBCore.cpp.o)
                0x0000000000002f74                DoubleBufferedEPOutHandler::_available() const
 *fill*         0x0000000000002fde        0x2 
 .text._ZN26DoubleBufferedEPOutHandler7releaseEv
                0x0000000000002fe0       0x3c /home/lloydf/Arduino/PB3D/PB3D-sub1-sound/build/../../../../../../tmp/arduino/cores/c559d7b91b0f99147fdb07383d45e8cf/core.a(USBCore.cpp.o)
                0x0000000000002fe0                DoubleBufferedEPOutHandler::release()
 .text._ZN26DoubleBufferedEPOutHandler14handleEndpointEv
                0x000000000000301c       0xdc /home/lloydf/Arduino/PB3D/PB3D-sub1-sound/build/../../../../../../tmp/arduino/cores/c559d7b91b0f99147fdb07383d45e8cf/core.a(USBCore.cpp.o)
                0x000000000000301c                DoubleBufferedEPOutHandler::handleEndpoint()
 .text._ZN26DoubleBufferedEPOutHandler5_recvEv
                0x00000000000030f8      0x184 /home/lloydf/Arduino/PB3D/PB3D-sub1-sound/build/../../../../../../tmp/arduino/cores/c559d7b91b0f99147fdb07383d45e8cf/core.a(USBCore.cpp.o)
                0x00000000000030f8                DoubleBufferedEPOutHandler::_recv()
 .text._ZN26DoubleBufferedEPOutHandler4peekEv
                0x000000000000327c       0x22 /home/lloydf/Arduino/PB3D/PB3D-sub1-sound/build/../../../../../../tmp/arduino/cores/c559d7b91b0f99147fdb07383d45e8cf/core.a(USBCore.cpp.o)
                0x000000000000327c                DoubleBufferedEPOutHandler::peek()
 .text._ZN26DoubleBufferedEPOutHandler9availableEv
                0x000000000000329e       0x18 /home/lloydf/Arduino/PB3D/PB3D-sub1-sound/build/../../../../../../tmp/arduino/cores/c559d7b91b0f99147fdb07383d45e8cf/core.a(USBCore.cpp.o)
                0x000000000000329e                DoubleBufferedEPOutHandler::available()
 .text._ZN26DoubleBufferedEPOutHandler4recvEPvm
                0x00000000000032b6       0x72 /home/lloydf/Arduino/PB3D/PB3D-sub1-sound/build/../../../../../../tmp/arduino/cores/c559d7b91b0f99147fdb07383d45e8cf/core.a(USBCore.cpp.o)
                0x00000000000032b6                DoubleBufferedEPOutHandler::recv(void*, unsigned long)
 .text._ZN14USBDeviceClass14SendInterfacesEPm
                0x0000000000003328       0x2c /home/lloydf/Arduino/PB3D/PB3D-sub1-sound/build/../../../../../../tmp/arduino/cores/c559d7b91b0f99147fdb07383d45e8cf/core.a(USBCore.cpp.o)
                0x0000000000003328                USBDeviceClass::SendInterfaces(unsigned long*)
 .text._ZN14USBDeviceClass14handleEndpointEh
                0x0000000000003354       0x48 /home/lloydf/Arduino/PB3D/PB3D-sub1-sound/build/../../../../../../tmp/arduino/cores/c559d7b91b0f99147fdb07383d45e8cf/core.a(USBCore.cpp.o)
                0x0000000000003354                USBDeviceClass::handleEndpoint(unsigned char)
 .text._ZN14USBDeviceClass4initEv
                0x000000000000339c      0x110 /home/lloydf/Arduino/PB3D/PB3D-sub1-sound/build/../../../../../../tmp/arduino/cores/c559d7b91b0f99147fdb07383d45e8cf/core.a(USBCore.cpp.o)
                0x000000000000339c                USBDeviceClass::init()
 .text._ZN14USBDeviceClass6attachEv
                0x00000000000034ac       0x34 /home/lloydf/Arduino/PB3D/PB3D-sub1-sound/build/../../../../../../tmp/arduino/cores/c559d7b91b0f99147fdb07383d45e8cf/core.a(USBCore.cpp.o)
                0x00000000000034ac                USBDeviceClass::attach()
 .text._ZN14USBDeviceClass10setAddressEm
                0x00000000000034e0       0x48 /home/lloydf/Arduino/PB3D/PB3D-sub1-sound/build/../../../../../../tmp/arduino/cores/c559d7b91b0f99147fdb07383d45e8cf/core.a(USBCore.cpp.o)
                0x00000000000034e0                USBDeviceClass::setAddress(unsigned long)
 .text._ZN14USBDeviceClass25handleClassInterfaceSetupER8USBSetup
                0x0000000000003528       0x44 /home/lloydf/Arduino/PB3D/PB3D-sub1-sound/build/../../../../../../tmp/arduino/cores/c559d7b91b0f99147fdb07383d45e8cf/core.a(USBCore.cpp.o)
                0x0000000000003528                USBDeviceClass::handleClassInterfaceSetup(USBSetup&)
 .text._ZN14USBDeviceClass6initEPEmm
                0x000000000000356c      0x12c /home/lloydf/Arduino/PB3D/PB3D-sub1-sound/build/../../../../../../tmp/arduino/cores/c559d7b91b0f99147fdb07383d45e8cf/core.a(USBCore.cpp.o)
                0x000000000000356c                USBDeviceClass::initEP(unsigned long, unsigned long)
 .text._ZN14USBDeviceClass13initEndpointsEv
                0x0000000000003698       0x24 /home/lloydf/Arduino/PB3D/PB3D-sub1-sound/build/../../../../../../tmp/arduino/cores/c559d7b91b0f99147fdb07383d45e8cf/core.a(USBCore.cpp.o)
                0x0000000000003698                USBDeviceClass::initEndpoints()
 .text._ZN14USBDeviceClass5clearEm
                0x00000000000036bc       0x38 /home/lloydf/Arduino/PB3D/PB3D-sub1-sound/build/../../../../../../tmp/arduino/cores/c559d7b91b0f99147fdb07383d45e8cf/core.a(USBCore.cpp.o)
                0x00000000000036bc                USBDeviceClass::clear(unsigned long)
 .text._ZN14USBDeviceClass9availableEm
                0x00000000000036f4       0x2c /home/lloydf/Arduino/PB3D/PB3D-sub1-sound/build/../../../../../../tmp/arduino/cores/c559d7b91b0f99147fdb07383d45e8cf/core.a(USBCore.cpp.o)
                0x00000000000036f4                USBDeviceClass::available(unsigned long)
 .text._ZN14USBDeviceClass5flushEm
                0x0000000000003720       0x2c /home/lloydf/Arduino/PB3D/PB3D-sub1-sound/build/../../../../../../tmp/arduino/cores/c559d7b91b0f99147fdb07383d45e8cf/core.a(USBCore.cpp.o)
                0x0000000000003720                USBDeviceClass::flush(unsigned long)
 .text._ZN14USBDeviceClass14armRecvCtrlOUTEm
                0x000000000000374c       0x5c /home/lloydf/Arduino/PB3D/PB3D-sub1-sound/build/../../../../../../tmp/arduino/cores/c559d7b91b0f99147fdb07383d45e8cf/core.a(USBCore.cpp.o)
                0x000000000000374c                USBDeviceClass::armRecvCtrlOUT(unsigned long)
 .text._ZN14USBDeviceClass11recvControlEPvm
                0x00000000000037a8       0x3c /home/lloydf/Arduino/PB3D/PB3D-sub1-sound/build/../../../../../../tmp/arduino/cores/c559d7b91b0f99147fdb07383d45e8cf/core.a(USBCore.cpp.o)
                0x00000000000037a8                USBDeviceClass::recvControl(void*, unsigned long)
 .text._ZN14USBDeviceClass7armRecvEm
                0x00000000000037e4       0x38 /home/lloydf/Arduino/PB3D/PB3D-sub1-sound/build/../../../../../../tmp/arduino/cores/c559d7b91b0f99147fdb07383d45e8cf/core.a(USBCore.cpp.o)
                0x00000000000037e4                USBDeviceClass::armRecv(unsigned long)
 .text._ZN14USBDeviceClass4recvEmPvm
                0x000000000000381c       0xd8 /home/lloydf/Arduino/PB3D/PB3D-sub1-sound/build/../../../../../../tmp/arduino/cores/c559d7b91b0f99147fdb07383d45e8cf/core.a(USBCore.cpp.o)
                0x000000000000381c                USBDeviceClass::recv(unsigned long, void*, unsigned long)
 .text._ZN14USBDeviceClass4recvEm
                0x00000000000038f4       0x1c /home/lloydf/Arduino/PB3D/PB3D-sub1-sound/build/../../../../../../tmp/arduino/cores/c559d7b91b0f99147fdb07383d45e8cf/core.a(USBCore.cpp.o)
                0x00000000000038f4                USBDeviceClass::recv(unsigned long)
 .text._ZN14USBDeviceClass4sendEmPKvm
                0x0000000000003910      0x110 /home/lloydf/Arduino/PB3D/PB3D-sub1-sound/build/../../../../../../tmp/arduino/cores/c559d7b91b0f99147fdb07383d45e8cf/core.a(USBCore.cpp.o)
                0x0000000000003910                USBDeviceClass::send(unsigned long, void const*, unsigned long)
 .text._ZN14USBDeviceClass7armSendEmPKvm
                0x0000000000003a20       0x48 /home/lloydf/Arduino/PB3D/PB3D-sub1-sound/build/../../../../../../tmp/arduino/cores/c559d7b91b0f99147fdb07383d45e8cf/core.a(USBCore.cpp.o)
                0x0000000000003a20                USBDeviceClass::armSend(unsigned long, void const*, unsigned long)
 .text._ZN14USBDeviceClass11sendControlEPKvm
                0x0000000000003a68       0x54 /home/lloydf/Arduino/PB3D/PB3D-sub1-sound/build/../../../../../../tmp/arduino/cores/c559d7b91b0f99147fdb07383d45e8cf/core.a(USBCore.cpp.o)
                0x0000000000003a68                USBDeviceClass::sendControl(void const*, unsigned long)
 .text._ZN14USBDeviceClass20sendStringDescriptorEPKhh
                0x0000000000003abc       0x68 /home/lloydf/Arduino/PB3D/PB3D-sub1-sound/build/../../../../../../tmp/arduino/cores/c559d7b91b0f99147fdb07383d45e8cf/core.a(USBCore.cpp.o)
                0x0000000000003abc                USBDeviceClass::sendStringDescriptor(unsigned char const*, unsigned char)
 .text._ZN14USBDeviceClass17sendConfigurationEm
                0x0000000000003b24       0x80 /home/lloydf/Arduino/PB3D/PB3D-sub1-sound/build/../../../../../../tmp/arduino/cores/c559d7b91b0f99147fdb07383d45e8cf/core.a(USBCore.cpp.o)
                0x0000000000003b24                USBDeviceClass::sendConfiguration(unsigned long)
 .text._ZN14USBDeviceClass14sendDescriptorER8USBSetup
                0x0000000000003ba4       0xf0 /home/lloydf/Arduino/PB3D/PB3D-sub1-sound/build/../../../../../../tmp/arduino/cores/c559d7b91b0f99147fdb07383d45e8cf/core.a(USBCore.cpp.o)
                0x0000000000003ba4                USBDeviceClass::sendDescriptor(USBSetup&)
 .text._ZN14USBDeviceClass19handleStandardSetupER8USBSetup
                0x0000000000003c94      0x104 /home/lloydf/Arduino/PB3D/PB3D-sub1-sound/build/../../../../../../tmp/arduino/cores/c559d7b91b0f99147fdb07383d45e8cf/core.a(USBCore.cpp.o)
                0x0000000000003c94                USBDeviceClass::handleStandardSetup(USBSetup&)
 .text._ZN14USBDeviceClass10ISRHandlerEv
                0x0000000000003d98      0x140 /home/lloydf/Arduino/PB3D/PB3D-sub1-sound/build/../../../../../../tmp/arduino/cores/c559d7b91b0f99147fdb07383d45e8cf/core.a(USBCore.cpp.o)
                0x0000000000003d98                USBDeviceClass::ISRHandler()
 .text.UDD_Handler
                0x0000000000003ed8       0x10 /home/lloydf/Arduino/PB3D/PB3D-sub1-sound/build/../../../../../../tmp/arduino/cores/c559d7b91b0f99147fdb07383d45e8cf/core.a(USBCore.cpp.o)
                0x0000000000003ed8                UDD_Handler
 .text.startup._GLOBAL__sub_I_usbd
                0x0000000000003ee8       0x10 /home/lloydf/Arduino/PB3D/PB3D-sub1-sound/build/../../../../../../tmp/arduino/cores/c559d7b91b0f99147fdb07383d45e8cf/core.a(USBCore.cpp.o)
 .text._ZN4UartcvbEv
                0x0000000000003ef8        0x4 /home/lloydf/Arduino/PB3D/PB3D-sub1-sound/build/../../../../../../tmp/arduino/cores/c559d7b91b0f99147fdb07383d45e8cf/core.a(Uart.cpp.o)
                0x0000000000003ef8                Uart::operator bool()
 .text._ZN4Uart5beginEm
                0x0000000000003efc       0x10 /home/lloydf/Arduino/PB3D/PB3D-sub1-sound/build/../../../../../../tmp/arduino/cores/c559d7b91b0f99147fdb07383d45e8cf/core.a(Uart.cpp.o)
                0x0000000000003efc                Uart::begin(unsigned long)
 .text._ZN4Uart4peekEv
                0x0000000000003f0c       0x1a /home/lloydf/Arduino/PB3D/PB3D-sub1-sound/build/../../../../../../tmp/arduino/cores/c559d7b91b0f99147fdb07383d45e8cf/core.a(Uart.cpp.o)
                0x0000000000003f0c                Uart::peek()
 .text._ZN4Uart3endEv
                0x0000000000003f26       0x20 /home/lloydf/Arduino/PB3D/PB3D-sub1-sound/build/../../../../../../tmp/arduino/cores/c559d7b91b0f99147fdb07383d45e8cf/core.a(Uart.cpp.o)
                0x0000000000003f26                Uart::end()
 .text._ZN4Uart16extractNbStopBitEt
                0x0000000000003f46        0xc /home/lloydf/Arduino/PB3D/PB3D-sub1-sound/build/../../../../../../tmp/arduino/cores/c559d7b91b0f99147fdb07383d45e8cf/core.a(Uart.cpp.o)
                0x0000000000003f46                Uart::extractNbStopBit(unsigned short)
 .text._ZN4Uart15extractCharSizeEt
                0x0000000000003f52       0x28 /home/lloydf/Arduino/PB3D/PB3D-sub1-sound/build/../../../../../../tmp/arduino/cores/c559d7b91b0f99147fdb07383d45e8cf/core.a(Uart.cpp.o)
                0x0000000000003f52                Uart::extractCharSize(unsigned short)
 .text._ZN4Uart13extractParityEt
                0x0000000000003f7a       0x14 /home/lloydf/Arduino/PB3D/PB3D-sub1-sound/build/../../../../../../tmp/arduino/cores/c559d7b91b0f99147fdb07383d45e8cf/core.a(Uart.cpp.o)
                0x0000000000003f7a                Uart::extractParity(unsigned short)
 *fill*         0x0000000000003f8e        0x2 
 .text._ZN4Uart5beginEmt
                0x0000000000003f90       0xf8 /home/lloydf/Arduino/PB3D/PB3D-sub1-sound/build/../../../../../../tmp/arduino/cores/c559d7b91b0f99147fdb07383d45e8cf/core.a(Uart.cpp.o)
                0x0000000000003f90                Uart::begin(unsigned long, unsigned short)
 .text._ZN11RingBufferNILi256EEC2Ev
                0x0000000000004088       0x1c /home/lloydf/Arduino/PB3D/PB3D-sub1-sound/build/../../../../../../tmp/arduino/cores/c559d7b91b0f99147fdb07383d45e8cf/core.a(Uart.cpp.o)
                0x0000000000004088                RingBufferN<256>::RingBufferN()
                0x0000000000004088                RingBufferN<256>::RingBufferN()
 .text._ZN4UartC2EP6SERCOMhh11SercomRXPad15SercomUartTXPad
                0x00000000000040a4       0x74 /home/lloydf/Arduino/PB3D/PB3D-sub1-sound/build/../../../../../../tmp/arduino/cores/c559d7b91b0f99147fdb07383d45e8cf/core.a(Uart.cpp.o)
                0x00000000000040a4                Uart::Uart(SERCOM*, unsigned char, unsigned char, SercomRXPad, SercomUartTXPad)
                0x00000000000040a4                Uart::Uart(SERCOM*, unsigned char, unsigned char, SercomRXPad, SercomUartTXPad)
 .text._ZN11RingBufferNILi256EE17availableForStoreEv
                0x0000000000004118       0x20 /home/lloydf/Arduino/PB3D/PB3D-sub1-sound/build/../../../../../../tmp/arduino/cores/c559d7b91b0f99147fdb07383d45e8cf/core.a(Uart.cpp.o)
                0x0000000000004118                RingBufferN<256>::availableForStore()
 .text._ZN4Uart17availableForWriteEv
                0x0000000000004138        0xc /home/lloydf/Arduino/PB3D/PB3D-sub1-sound/build/../../../../../../tmp/arduino/cores/c559d7b91b0f99147fdb07383d45e8cf/core.a(Uart.cpp.o)
                0x0000000000004138                Uart::availableForWrite()
 .text._ZN4Uart4readEv
                0x0000000000004144       0x4c /home/lloydf/Arduino/PB3D/PB3D-sub1-sound/build/../../../../../../tmp/arduino/cores/c559d7b91b0f99147fdb07383d45e8cf/core.a(Uart.cpp.o)
                0x0000000000004144                Uart::read()
 .text._ZN11RingBufferNILi256EE9availableEv
                0x0000000000004190       0x12 /home/lloydf/Arduino/PB3D/PB3D-sub1-sound/build/../../../../../../tmp/arduino/cores/c559d7b91b0f99147fdb07383d45e8cf/core.a(Uart.cpp.o)
                0x0000000000004190                RingBufferN<256>::available()
 .text._ZN4Uart5flushEv
                0x00000000000041a2       0x1a /home/lloydf/Arduino/PB3D/PB3D-sub1-sound/build/../../../../../../tmp/arduino/cores/c559d7b91b0f99147fdb07383d45e8cf/core.a(Uart.cpp.o)
                0x00000000000041a2                Uart::flush()
 .text._ZN4Uart9availableEv
                0x00000000000041bc        0xa /home/lloydf/Arduino/PB3D/PB3D-sub1-sound/build/../../../../../../tmp/arduino/cores/c559d7b91b0f99147fdb07383d45e8cf/core.a(Uart.cpp.o)
                0x00000000000041bc                Uart::available()
 .text._ZN4Uart10IrqHandlerEv
                0x00000000000041c6       0xcc /home/lloydf/Arduino/PB3D/PB3D-sub1-sound/build/../../../../../../tmp/arduino/cores/c559d7b91b0f99147fdb07383d45e8cf/core.a(Uart.cpp.o)
                0x00000000000041c6                Uart::IrqHandler()
 *fill*         0x0000000000004292        0x2 
 .text._ZN4Uart5writeEh
                0x0000000000004294       0xb4 /home/lloydf/Arduino/PB3D/PB3D-sub1-sound/build/../../../../../../tmp/arduino/cores/c559d7b91b0f99147fdb07383d45e8cf/core.a(Uart.cpp.o)
                0x0000000000004294                Uart::write(unsigned char)
 .text.Dummy_Handler
                0x0000000000004348        0x2 /home/lloydf/Arduino/PB3D/PB3D-sub1-sound/build/../../../../../../tmp/arduino/cores/c559d7b91b0f99147fdb07383d45e8cf/core.a(cortex_handlers.c.o)
                0x0000000000004348                DMAC_Handler
                0x0000000000004348                HardFault_Handler
                0x0000000000004348                AC_Handler
                0x0000000000004348                PendSV_Handler
                0x0000000000004348                NMI_Handler
                0x0000000000004348                TC7_Handler
                0x0000000000004348                SERCOM1_Handler
                0x0000000000004348                ADC_Handler
                0x0000000000004348                TCC1_Handler
                0x0000000000004348                TCC0_Handler
                0x0000000000004348                RTC_Handler
                0x0000000000004348                EIC_Handler
                0x0000000000004348                TC6_Handler
                0x0000000000004348                WDT_Handler
                0x0000000000004348                TC4_Handler
                0x0000000000004348                TC3_Handler
                0x0000000000004348                Dummy_Handler
                0x0000000000004348                PM_Handler
                0x0000000000004348                SERCOM5_Handler
                0x0000000000004348                SVC_Handler
                0x0000000000004348                TCC2_Handler
                0x0000000000004348                EVSYS_Handler
                0x0000000000004348                SERCOM3_Handler
                0x0000000000004348                I2S_Handler
                0x0000000000004348                NVMCTRL_Handler
                0x0000000000004348                SERCOM0_Handler
                0x0000000000004348                DAC_Handler
                0x0000000000004348                PTC_Handler
                0x0000000000004348                SYSCTRL_Handler
 *fill*         0x000000000000434a        0x2 
 .text.USB_Handler
                0x000000000000434c       0x14 /home/lloydf/Arduino/PB3D/PB3D-sub1-sound/build/../../../../../../tmp/arduino/cores/c559d7b91b0f99147fdb07383d45e8cf/core.a(cortex_handlers.c.o)
                0x000000000000434c                USB_Handler
 .text.Reset_Handler
                0x0000000000004360       0x54 /home/lloydf/Arduino/PB3D/PB3D-sub1-sound/build/../../../../../../tmp/arduino/cores/c559d7b91b0f99147fdb07383d45e8cf/core.a(cortex_handlers.c.o)
                0x0000000000004360                Reset_Handler
 .text.SysTick_Handler
                0x00000000000043b4       0x10 /home/lloydf/Arduino/PB3D/PB3D-sub1-sound/build/../../../../../../tmp/arduino/cores/c559d7b91b0f99147fdb07383d45e8cf/core.a(cortex_handlers.c.o)
                0x00000000000043b4                SysTick_Handler
 .text.USB_SetHandler
                0x00000000000043c4        0xc /home/lloydf/Arduino/PB3D/PB3D-sub1-sound/build/../../../../../../tmp/arduino/cores/c559d7b91b0f99147fdb07383d45e8cf/core.a(cortex_handlers.c.o)
                0x00000000000043c4                USB_SetHandler
 .text.millis   0x00000000000043d0        0xc /home/lloydf/Arduino/PB3D/PB3D-sub1-sound/build/../../../../../../tmp/arduino/cores/c559d7b91b0f99147fdb07383d45e8cf/core.a(delay.c.o)
                0x00000000000043d0                millis
 .text.micros   0x00000000000043dc       0x60 /home/lloydf/Arduino/PB3D/PB3D-sub1-sound/build/../../../../../../tmp/arduino/cores/c559d7b91b0f99147fdb07383d45e8cf/core.a(delay.c.o)
                0x00000000000043dc                micros
 .text._real_delay
                0x000000000000443c       0x30 /home/lloydf/Arduino/PB3D/PB3D-sub1-sound/build/../../../../../../tmp/arduino/cores/c559d7b91b0f99147fdb07383d45e8cf/core.a(delay.c.o)
                0x000000000000443c                delay
                0x000000000000443c                _real_delay
 .text.SysTick_DefaultHandler
                0x000000000000446c       0x14 /home/lloydf/Arduino/PB3D/PB3D-sub1-sound/build/../../../../../../tmp/arduino/cores/c559d7b91b0f99147fdb07383d45e8cf/core.a(delay.c.o)
                0x000000000000446c                SysTick_DefaultHandler
 .text.__empty  0x0000000000004480        0x2 /home/lloydf/Arduino/PB3D/PB3D-sub1-sound/build/../../../../../../tmp/arduino/cores/c559d7b91b0f99147fdb07383d45e8cf/core.a(hooks.c.o)
                0x0000000000004480                yield
 .text.__false  0x0000000000004482        0x4 /home/lloydf/Arduino/PB3D/PB3D-sub1-sound/build/../../../../../../tmp/arduino/cores/c559d7b91b0f99147fdb07383d45e8cf/core.a(hooks.c.o)
                0x0000000000004482                sysTickHook
 .text._Z11initVariantv
                0x0000000000004486        0x2 /home/lloydf/Arduino/PB3D/PB3D-sub1-sound/build/../../../../../../tmp/arduino/cores/c559d7b91b0f99147fdb07383d45e8cf/core.a(main.cpp.o)
                0x0000000000004486                initVariant()
 .text._Z10_real_bodyv
                0x0000000000004488       0x20 /home/lloydf/Arduino/PB3D/PB3D-sub1-sound/build/../../../../../../tmp/arduino/cores/c559d7b91b0f99147fdb07383d45e8cf/core.a(main.cpp.o)
                0x0000000000004488                _real_body()
 .text._Z10_wrap_bodyv
                0x00000000000044a8        0x6 /home/lloydf/Arduino/PB3D/PB3D-sub1-sound/build/../../../../../../tmp/arduino/cores/c559d7b91b0f99147fdb07383d45e8cf/core.a(main.cpp.o)
                0x00000000000044a8                _wrap_body()
 *fill*         0x00000000000044ae        0x2 
 .text.startup.main
                0x00000000000044b0       0x30 /home/lloydf/Arduino/PB3D/PB3D-sub1-sound/build/../../../../../../tmp/arduino/cores/c559d7b91b0f99147fdb07383d45e8cf/core.a(main.cpp.o)
                0x00000000000044b0                main
 .text._Znwj    0x00000000000044e0        0x8 /home/lloydf/Arduino/PB3D/PB3D-sub1-sound/build/../../../../../../tmp/arduino/cores/c559d7b91b0f99147fdb07383d45e8cf/core.a(new.cpp.o)
                0x00000000000044e0                operator new(unsigned int)
 .text._ZdlPv   0x00000000000044e8        0x8 /home/lloydf/Arduino/PB3D/PB3D-sub1-sound/build/../../../../../../tmp/arduino/cores/c559d7b91b0f99147fdb07383d45e8cf/core.a(new.cpp.o)
                0x00000000000044e8                operator delete(void*)
 .text._sbrk    0x00000000000044f0       0x3c /home/lloydf/Arduino/PB3D/PB3D-sub1-sound/build/../../../../../../tmp/arduino/cores/c559d7b91b0f99147fdb07383d45e8cf/core.a(new.cpp.o)
                0x00000000000044f0                _sbrk
 .text.SystemInit
                0x000000000000452c      0x160 /home/lloydf/Arduino/PB3D/PB3D-sub1-sound/build/../../../../../../tmp/arduino/cores/c559d7b91b0f99147fdb07383d45e8cf/core.a(startup.c.o)
                0x000000000000452c                SystemInit
 .text.init     0x000000000000468c       0xe0 /home/lloydf/Arduino/PB3D/PB3D-sub1-sound/build/../../../../../../tmp/arduino/cores/c559d7b91b0f99147fdb07383d45e8cf/core.a(wiring.c.o)
                0x000000000000468c                init
 .text.analogReadResolution
                0x000000000000476c       0x4c /home/lloydf/Arduino/PB3D/PB3D-sub1-sound/build/../../../../../../tmp/arduino/cores/c559d7b91b0f99147fdb07383d45e8cf/core.a(wiring_analog.c.o)
                0x000000000000476c                analogReadResolution
 .text.analogReference
                0x00000000000047b8       0x88 /home/lloydf/Arduino/PB3D/PB3D-sub1-sound/build/../../../../../../tmp/arduino/cores/c559d7b91b0f99147fdb07383d45e8cf/core.a(wiring_analog.c.o)
                0x00000000000047b8                analogReference
 .text.analogRead
                0x0000000000004840       0xc4 /home/lloydf/Arduino/PB3D/PB3D-sub1-sound/build/../../../../../../tmp/arduino/cores/c559d7b91b0f99147fdb07383d45e8cf/core.a(wiring_analog.c.o)
                0x0000000000004840                analogRead
 .text.pinMode  0x0000000000004904       0x60 /home/lloydf/Arduino/PB3D/PB3D-sub1-sound/build/../../../../../../tmp/arduino/cores/c559d7b91b0f99147fdb07383d45e8cf/core.a(wiring_digital.c.o)
                0x0000000000004904                pinMode
 .text.digitalWrite
                0x0000000000004964       0x58 /home/lloydf/Arduino/PB3D/PB3D-sub1-sound/build/../../../../../../tmp/arduino/cores/c559d7b91b0f99147fdb07383d45e8cf/core.a(wiring_digital.c.o)
                0x0000000000004964                digitalWrite
 .text.mapResolution
                0x00000000000049bc       0x12 /home/lloydf/Arduino/PB3D/PB3D-sub1-sound/build/../../../../../../tmp/arduino/cores/c559d7b91b0f99147fdb07383d45e8cf/core.a(wiring_private.c.o)
                0x00000000000049bc                mapResolution
 *fill*         0x00000000000049ce        0x2 
 .text.pinPeripheral
                0x00000000000049d0       0xc4 /home/lloydf/Arduino/PB3D/PB3D-sub1-sound/build/../../../../../../tmp/arduino/cores/c559d7b91b0f99147fdb07383d45e8cf/core.a(wiring_private.c.o)
                0x00000000000049d0                pinPeripheral
 .text._ZN5Print5writeEPKhj
                0x0000000000004a94       0x28 /home/lloydf/Arduino/PB3D/PB3D-sub1-sound/build/../../../../../../tmp/arduino/cores/c559d7b91b0f99147fdb07383d45e8cf/core.a(Print.cpp.o)
                0x0000000000004a94                Print::write(unsigned char const*, unsigned int)
 .text.initiateReset
                0x0000000000004abc        0xc /home/lloydf/Arduino/PB3D/PB3D-sub1-sound/build/../../../../../../tmp/arduino/cores/c559d7b91b0f99147fdb07383d45e8cf/core.a(Reset.cpp.o)
                0x0000000000004abc                initiateReset
 .text.cancelReset
                0x0000000000004ac8       0x10 /home/lloydf/Arduino/PB3D/PB3D-sub1-sound/build/../../../../../../tmp/arduino/cores/c559d7b91b0f99147fdb07383d45e8cf/core.a(Reset.cpp.o)
                0x0000000000004ac8                cancelReset
 .text.tickReset
                0x0000000000004ad8       0x78 /home/lloydf/Arduino/PB3D/PB3D-sub1-sound/build/../../../../../../tmp/arduino/cores/c559d7b91b0f99147fdb07383d45e8cf/core.a(Reset.cpp.o)
                0x0000000000004ad8                tickReset
 .text._ZN13PluggableUSB_12getInterfaceEPh
                0x0000000000004b50       0x28 /home/lloydf/Arduino/PB3D/PB3D-sub1-sound/build/../../../../../../tmp/arduino/cores/c559d7b91b0f99147fdb07383d45e8cf/core.a(PluggableUSB.cpp.o)
                0x0000000000004b50                PluggableUSB_::getInterface(unsigned char*)
 .text._ZN13PluggableUSB_13getDescriptorER8USBSetup
                0x0000000000004b78       0x20 /home/lloydf/Arduino/PB3D/PB3D-sub1-sound/build/../../../../../../tmp/arduino/cores/c559d7b91b0f99147fdb07383d45e8cf/core.a(PluggableUSB.cpp.o)
                0x0000000000004b78                PluggableUSB_::getDescriptor(USBSetup&)
 .text._ZN13PluggableUSB_5setupER8USBSetup
                0x0000000000004b98       0x20 /home/lloydf/Arduino/PB3D/PB3D-sub1-sound/build/../../../../../../tmp/arduino/cores/c559d7b91b0f99147fdb07383d45e8cf/core.a(PluggableUSB.cpp.o)
                0x0000000000004b98                PluggableUSB_::setup(USBSetup&)
 .text._ZN13PluggableUSB_14handleEndpointEi
                0x0000000000004bb8       0x20 /home/lloydf/Arduino/PB3D/PB3D-sub1-sound/build/../../../../../../tmp/arduino/cores/c559d7b91b0f99147fdb07383d45e8cf/core.a(PluggableUSB.cpp.o)
                0x0000000000004bb8                PluggableUSB_::handleEndpoint(int)
 .text._Z12PluggableUSBv
                0x0000000000004bd8       0x24 /home/lloydf/Arduino/PB3D/PB3D-sub1-sound/build/../../../../../../tmp/arduino/cores/c559d7b91b0f99147fdb07383d45e8cf/core.a(PluggableUSB.cpp.o)
                0x0000000000004bd8                PluggableUSB()
 .text._ZN20USBDevice_SAMD21G18x5resetEv
                0x0000000000004bfc       0x2e /home/lloydf/Arduino/PB3D/PB3D-sub1-sound/build/../../../../../../tmp/arduino/cores/c559d7b91b0f99147fdb07383d45e8cf/core.a(SAMD21_USBDevice.cpp.o)
                0x0000000000004bfc                USBDevice_SAMD21G18x::reset()
 *fill*         0x0000000000004c2a        0x2 
 .text._ZN20USBDevice_SAMD21G18x9calibrateEv
                0x0000000000004c2c       0x60 /home/lloydf/Arduino/PB3D/PB3D-sub1-sound/build/../../../../../../tmp/arduino/cores/c559d7b91b0f99147fdb07383d45e8cf/core.a(SAMD21_USBDevice.cpp.o)
                0x0000000000004c2c                USBDevice_SAMD21G18x::calibrate()
 .text._ZdlPvj  0x0000000000004c8c        0x8 /home/lloydf/.arduino15/packages/Seeeduino/tools/arm-none-eabi-gcc/7-2017q4/bin/../lib/gcc/arm-none-eabi/7.2.1/../../../../arm-none-eabi/lib/thumb/v6-m/libstdc++_nano.a(del_ops.o)
                0x0000000000004c8c                operator delete(void*, unsigned int)
 .text          0x0000000000004c94       0x14 /home/lloydf/.arduino15/packages/Seeeduino/tools/arm-none-eabi-gcc/7-2017q4/bin/../lib/gcc/arm-none-eabi/7.2.1/thumb/v6-m/libgcc.a(_thumb1_case_uqi.o)
                0x0000000000004c94                __gnu_thumb1_case_uqi
 .text          0x0000000000004ca8      0x114 /home/lloydf/.arduino15/packages/Seeeduino/tools/arm-none-eabi-gcc/7-2017q4/bin/../lib/gcc/arm-none-eabi/7.2.1/thumb/v6-m/libgcc.a(_udivsi3.o)
                0x0000000000004ca8                __udivsi3
                0x0000000000004ca8                __aeabi_uidiv
                0x0000000000004db4                __aeabi_uidivmod
 .text          0x0000000000004dbc      0x1d4 /home/lloydf/.arduino15/packages/Seeeduino/tools/arm-none-eabi-gcc/7-2017q4/bin/../lib/gcc/arm-none-eabi/7.2.1/thumb/v6-m/libgcc.a(_divsi3.o)
                0x0000000000004dbc                __aeabi_idiv
                0x0000000000004dbc                __divsi3
                0x0000000000004f88                __aeabi_idivmod
 .text          0x0000000000004f90        0x4 /home/lloydf/.arduino15/packages/Seeeduino/tools/arm-none-eabi-gcc/7-2017q4/bin/../lib/gcc/arm-none-eabi/7.2.1/thumb/v6-m/libgcc.a(_dvmd_tls.o)
                0x0000000000004f90                __aeabi_ldiv0
                0x0000000000004f90                __aeabi_idiv0
 .text          0x0000000000004f94       0x7c /home/lloydf/.arduino15/packages/Seeeduino/tools/arm-none-eabi-gcc/7-2017q4/bin/../lib/gcc/arm-none-eabi/7.2.1/thumb/v6-m/libgcc.a(_arm_cmpdf2.o)
                0x0000000000004f94                __aeabi_cdrcmple
                0x0000000000004fa4                __aeabi_cdcmple
                0x0000000000004fa4                __aeabi_cdcmpeq
                0x0000000000004fb4                __aeabi_dcmpeq
                0x0000000000004fc0                __aeabi_dcmplt
                0x0000000000004fd4                __aeabi_dcmple
                0x0000000000004fe8                __aeabi_dcmpgt
                0x0000000000004ffc                __aeabi_dcmpge
 .text          0x0000000000005010       0x3c /home/lloydf/.arduino15/packages/Seeeduino/tools/arm-none-eabi-gcc/7-2017q4/bin/../lib/gcc/arm-none-eabi/7.2.1/thumb/v6-m/libgcc.a(_fixunsdfsi.o)
                0x0000000000005010                __fixunsdfsi
                0x0000000000005010                __aeabi_d2uiz
 .text          0x000000000000504c      0x224 /home/lloydf/.arduino15/packages/Seeeduino/tools/arm-none-eabi-gcc/7-2017q4/bin/../lib/gcc/arm-none-eabi/7.2.1/thumb/v6-m/libgcc.a(divsf3.o)
                0x000000000000504c                __aeabi_fdiv
 .text          0x0000000000005270       0x40 /home/lloydf/.arduino15/packages/Seeeduino/tools/arm-none-eabi-gcc/7-2017q4/bin/../lib/gcc/arm-none-eabi/7.2.1/thumb/v6-m/libgcc.a(fixsfsi.o)
                0x0000000000005270                __aeabi_f2iz
 .text          0x00000000000052b0       0x94 /home/lloydf/.arduino15/packages/Seeeduino/tools/arm-none-eabi-gcc/7-2017q4/bin/../lib/gcc/arm-none-eabi/7.2.1/thumb/v6-m/libgcc.a(floatsisf.o)
                0x00000000000052b0                __aeabi_i2f
 .text          0x0000000000005344       0x80 /home/lloydf/.arduino15/packages/Seeeduino/tools/arm-none-eabi-gcc/7-2017q4/bin/../lib/gcc/arm-none-eabi/7.2.1/thumb/v6-m/libgcc.a(floatunsisf.o)
                0x0000000000005344                __aeabi_ui2f
 .text          0x00000000000053c4      0x638 /home/lloydf/.arduino15/packages/Seeeduino/tools/arm-none-eabi-gcc/7-2017q4/bin/../lib/gcc/arm-none-eabi/7.2.1/thumb/v6-m/libgcc.a(adddf3.o)
                0x00000000000053c4                __aeabi_dadd
 .text          0x00000000000059fc      0x604 /home/lloydf/.arduino15/packages/Seeeduino/tools/arm-none-eabi-gcc/7-2017q4/bin/../lib/gcc/arm-none-eabi/7.2.1/thumb/v6-m/libgcc.a(divdf3.o)
                0x00000000000059fc                __aeabi_ddiv
 .text          0x0000000000006000       0x78 /home/lloydf/.arduino15/packages/Seeeduino/tools/arm-none-eabi-gcc/7-2017q4/bin/../lib/gcc/arm-none-eabi/7.2.1/thumb/v6-m/libgcc.a(eqdf2.o)
                0x0000000000006000                __eqdf2
                0x0000000000006000                __nedf2
 .text          0x0000000000006078       0xc8 /home/lloydf/.arduino15/packages/Seeeduino/tools/arm-none-eabi-gcc/7-2017q4/bin/../lib/gcc/arm-none-eabi/7.2.1/thumb/v6-m/libgcc.a(gedf2.o)
                0x0000000000006078                __gtdf2
                0x0000000000006078                __gedf2
 .text          0x0000000000006140       0xd0 /home/lloydf/.arduino15/packages/Seeeduino/tools/arm-none-eabi-gcc/7-2017q4/bin/../lib/gcc/arm-none-eabi/7.2.1/thumb/v6-m/libgcc.a(ledf2.o)
                0x0000000000006140                __ltdf2
                0x0000000000006140                __ledf2
 .text          0x0000000000006210      0x4e4 /home/lloydf/.arduino15/packages/Seeeduino/tools/arm-none-eabi-gcc/7-2017q4/bin/../lib/gcc/arm-none-eabi/7.2.1/thumb/v6-m/libgcc.a(muldf3.o)
                0x0000000000006210                __aeabi_dmul
 .text          0x00000000000066f4      0x690 /home/lloydf/.arduino15/packages/Seeeduino/tools/arm-none-eabi-gcc/7-2017q4/bin/../lib/gcc/arm-none-eabi/7.2.1/thumb/v6-m/libgcc.a(subdf3.o)
                0x00000000000066f4                __aeabi_dsub
 .text          0x0000000000006d84       0x38 /home/lloydf/.arduino15/packages/Seeeduino/tools/arm-none-eabi-gcc/7-2017q4/bin/../lib/gcc/arm-none-eabi/7.2.1/thumb/v6-m/libgcc.a(unorddf2.o)
                0x0000000000006d84                __aeabi_dcmpun
 .text          0x0000000000006dbc       0x6c /home/lloydf/.arduino15/packages/Seeeduino/tools/arm-none-eabi-gcc/7-2017q4/bin/../lib/gcc/arm-none-eabi/7.2.1/thumb/v6-m/libgcc.a(fixdfsi.o)
                0x0000000000006dbc                __aeabi_d2iz
 .text          0x0000000000006e28       0x64 /home/lloydf/.arduino15/packages/Seeeduino/tools/arm-none-eabi-gcc/7-2017q4/bin/../lib/gcc/arm-none-eabi/7.2.1/thumb/v6-m/libgcc.a(floatunsidf.o)
                0x0000000000006e28                __aeabi_ui2d
 .text          0x0000000000006e8c       0x3c /home/lloydf/.arduino15/packages/Seeeduino/tools/arm-none-eabi-gcc/7-2017q4/bin/../lib/gcc/arm-none-eabi/7.2.1/thumb/v6-m/libgcc.a(_clzsi2.o)
                0x0000000000006e8c                __clzsi2
 .text.__libc_init_array
                0x0000000000006ec8       0x48 /home/lloydf/.arduino15/packages/Seeeduino/tools/arm-none-eabi-gcc/7-2017q4/bin/../lib/gcc/arm-none-eabi/7.2.1/../../../../arm-none-eabi/lib/thumb/v6-m/libc_nano.a(lib_a-init.o)
                0x0000000000006ec8                __libc_init_array
 .text.malloc   0x0000000000006f10       0x14 /home/lloydf/.arduino15/packages/Seeeduino/tools/arm-none-eabi-gcc/7-2017q4/bin/../lib/gcc/arm-none-eabi/7.2.1/../../../../arm-none-eabi/lib/thumb/v6-m/libc_nano.a(lib_a-malloc.o)
                0x0000000000006f10                malloc
 .text.free     0x0000000000006f24       0x14 /home/lloydf/.arduino15/packages/Seeeduino/tools/arm-none-eabi-gcc/7-2017q4/bin/../lib/gcc/arm-none-eabi/7.2.1/../../../../arm-none-eabi/lib/thumb/v6-m/libc_nano.a(lib_a-malloc.o)
                0x0000000000006f24                free
 .text.memcpy   0x0000000000006f38       0x12 /home/lloydf/.arduino15/packages/Seeeduino/tools/arm-none-eabi-gcc/7-2017q4/bin/../lib/gcc/arm-none-eabi/7.2.1/../../../../arm-none-eabi/lib/thumb/v6-m/libc_nano.a(lib_a-memcpy-stub.o)
                0x0000000000006f38                memcpy
 .text.memset   0x0000000000006f4a       0x10 /home/lloydf/.arduino15/packages/Seeeduino/tools/arm-none-eabi-gcc/7-2017q4/bin/../lib/gcc/arm-none-eabi/7.2.1/../../../../arm-none-eabi/lib/thumb/v6-m/libc_nano.a(lib_a-memset.o)
                0x0000000000006f4a                memset
 *fill*         0x0000000000006f5a        0x2 
 .text._free_r  0x0000000000006f5c       0x94 /home/lloydf/.arduino15/packages/Seeeduino/tools/arm-none-eabi-gcc/7-2017q4/bin/../lib/gcc/arm-none-eabi/7.2.1/../../../../arm-none-eabi/lib/thumb/v6-m/libc_nano.a(lib_a-nano-freer.o)
                0x0000000000006f5c                _free_r
 .text._malloc_r
                0x0000000000006ff0       0xbc /home/lloydf/.arduino15/packages/Seeeduino/tools/arm-none-eabi-gcc/7-2017q4/bin/../lib/gcc/arm-none-eabi/7.2.1/../../../../arm-none-eabi/lib/thumb/v6-m/libc_nano.a(lib_a-nano-mallocr.o)
                0x0000000000006ff0                _malloc_r
 .text.__cvt    0x00000000000070ac       0xc8 /home/lloydf/.arduino15/packages/Seeeduino/tools/arm-none-eabi-gcc/7-2017q4/bin/../lib/gcc/arm-none-eabi/7.2.1/../../../../arm-none-eabi/lib/thumb/v6-m/libc_nano.a(lib_a-nano-vfprintf_float.o)
                0x00000000000070ac                __cvt
 .text.__exponent
                0x0000000000007174       0x70 /home/lloydf/.arduino15/packages/Seeeduino/tools/arm-none-eabi-gcc/7-2017q4/bin/../lib/gcc/arm-none-eabi/7.2.1/../../../../arm-none-eabi/lib/thumb/v6-m/libc_nano.a(lib_a-nano-vfprintf_float.o)
                0x0000000000007174                __exponent
 .text._printf_float
                0x00000000000071e4      0x498 /home/lloydf/.arduino15/packages/Seeeduino/tools/arm-none-eabi-gcc/7-2017q4/bin/../lib/gcc/arm-none-eabi/7.2.1/../../../../arm-none-eabi/lib/thumb/v6-m/libc_nano.a(lib_a-nano-vfprintf_float.o)
                0x00000000000071e4                _printf_float
 .text._printf_common
                0x000000000000767c       0xda /home/lloydf/.arduino15/packages/Seeeduino/tools/arm-none-eabi-gcc/7-2017q4/bin/../lib/gcc/arm-none-eabi/7.2.1/../../../../arm-none-eabi/lib/thumb/v6-m/libc_nano.a(lib_a-nano-vfprintf_i.o)
                0x000000000000767c                _printf_common
 *fill*         0x0000000000007756        0x2 
 .text._printf_i
                0x0000000000007758      0x210 /home/lloydf/.arduino15/packages/Seeeduino/tools/arm-none-eabi-gcc/7-2017q4/bin/../lib/gcc/arm-none-eabi/7.2.1/../../../../arm-none-eabi/lib/thumb/v6-m/libc_nano.a(lib_a-nano-vfprintf_i.o)
                0x0000000000007758                _printf_i
 .text._scanf_float
                0x0000000000007968      0x3fc /home/lloydf/.arduino15/packages/Seeeduino/tools/arm-none-eabi-gcc/7-2017q4/bin/../lib/gcc/arm-none-eabi/7.2.1/../../../../arm-none-eabi/lib/thumb/v6-m/libc_nano.a(lib_a-nano-vfscanf_float.o)
                0x0000000000007968                _scanf_float
 .text._sbrk_r  0x0000000000007d64       0x24 /home/lloydf/.arduino15/packages/Seeeduino/tools/arm-none-eabi-gcc/7-2017q4/bin/../lib/gcc/arm-none-eabi/7.2.1/../../../../arm-none-eabi/lib/thumb/v6-m/libc_nano.a(lib_a-sbrkr.o)
                0x0000000000007d64                _sbrk_r
 .text.nanf     0x0000000000007d88        0x8 /home/lloydf/.arduino15/packages/Seeeduino/tools/arm-none-eabi-gcc/7-2017q4/bin/../lib/gcc/arm-none-eabi/7.2.1/../../../../arm-none-eabi/lib/thumb/v6-m/libc_nano.a(lib_a-sf_nan.o)
                0x0000000000007d88                nanf
 .text.sprintf  0x0000000000007d90       0x40 /home/lloydf/.arduino15/packages/Seeeduino/tools/arm-none-eabi-gcc/7-2017q4/bin/../lib/gcc/arm-none-eabi/7.2.1/../../../../arm-none-eabi/lib/thumb/v6-m/libc_nano.a(lib_a-sprintf.o)
                0x0000000000007d90                sprintf
                0x0000000000007d90                siprintf
 .text          0x0000000000007dd0        0xe /home/lloydf/.arduino15/packages/Seeeduino/tools/arm-none-eabi-gcc/7-2017q4/bin/../lib/gcc/arm-none-eabi/7.2.1/../../../../arm-none-eabi/lib/thumb/v6-m/libc_nano.a(lib_a-strlen.o)
                0x0000000000007dd0                strlen
 *fill*         0x0000000000007dde        0x2 
 .text.unlikely.sulp
                0x0000000000007de0       0x30 /home/lloydf/.arduino15/packages/Seeeduino/tools/arm-none-eabi-gcc/7-2017q4/bin/../lib/gcc/arm-none-eabi/7.2.1/../../../../arm-none-eabi/lib/thumb/v6-m/libc_nano.a(lib_a-strtod.o)
 .text._strtod_l
                0x0000000000007e10      0xc50 /home/lloydf/.arduino15/packages/Seeeduino/tools/arm-none-eabi-gcc/7-2017q4/bin/../lib/gcc/arm-none-eabi/7.2.1/../../../../arm-none-eabi/lib/thumb/v6-m/libc_nano.a(lib_a-strtod.o)
                0x0000000000007e10                _strtod_l
 .text._strtod_r
                0x0000000000008a60       0x1c /home/lloydf/.arduino15/packages/Seeeduino/tools/arm-none-eabi-gcc/7-2017q4/bin/../lib/gcc/arm-none-eabi/7.2.1/../../../../arm-none-eabi/lib/thumb/v6-m/libc_nano.a(lib_a-strtod.o)
                0x0000000000008a60                _strtod_r
 .text._strtol_l.isra.0
                0x0000000000008a7c      0x104 /home/lloydf/.arduino15/packages/Seeeduino/tools/arm-none-eabi-gcc/7-2017q4/bin/../lib/gcc/arm-none-eabi/7.2.1/../../../../arm-none-eabi/lib/thumb/v6-m/libc_nano.a(lib_a-strtol.o)
 .text._strtol_r
                0x0000000000008b80       0x20 /home/lloydf/.arduino15/packages/Seeeduino/tools/arm-none-eabi-gcc/7-2017q4/bin/../lib/gcc/arm-none-eabi/7.2.1/../../../../arm-none-eabi/lib/thumb/v6-m/libc_nano.a(lib_a-strtol.o)
                0x0000000000008b80                _strtol_r
 .text.quorem   0x0000000000008ba0      0x10c /home/lloydf/.arduino15/packages/Seeeduino/tools/arm-none-eabi-gcc/7-2017q4/bin/../lib/gcc/arm-none-eabi/7.2.1/../../../../arm-none-eabi/lib/thumb/v6-m/libc_nano.a(lib_a-dtoa.o)
 .text._dtoa_r  0x0000000000008cac      0xbc0 /home/lloydf/.arduino15/packages/Seeeduino/tools/arm-none-eabi-gcc/7-2017q4/bin/../lib/gcc/arm-none-eabi/7.2.1/../../../../arm-none-eabi/lib/thumb/v6-m/libc_nano.a(lib_a-dtoa.o)
                0x0000000000008cac                _dtoa_r
 .text.rshift   0x000000000000986c       0x68 /home/lloydf/.arduino15/packages/Seeeduino/tools/arm-none-eabi-gcc/7-2017q4/bin/../lib/gcc/arm-none-eabi/7.2.1/../../../../arm-none-eabi/lib/thumb/v6-m/libc_nano.a(lib_a-gdtoa-gethex.o)
 .text.__hexdig_fun
                0x00000000000098d4       0x2a /home/lloydf/.arduino15/packages/Seeeduino/tools/arm-none-eabi-gcc/7-2017q4/bin/../lib/gcc/arm-none-eabi/7.2.1/../../../../arm-none-eabi/lib/thumb/v6-m/libc_nano.a(lib_a-gdtoa-gethex.o)
                0x00000000000098d4                __hexdig_fun
 .text.__gethex
                0x00000000000098fe      0x456 /home/lloydf/.arduino15/packages/Seeeduino/tools/arm-none-eabi-gcc/7-2017q4/bin/../lib/gcc/arm-none-eabi/7.2.1/../../../../arm-none-eabi/lib/thumb/v6-m/libc_nano.a(lib_a-gdtoa-gethex.o)
                0x00000000000098fe                __gethex
 .text.L_shift  0x0000000000009d54       0x24 /home/lloydf/.arduino15/packages/Seeeduino/tools/arm-none-eabi-gcc/7-2017q4/bin/../lib/gcc/arm-none-eabi/7.2.1/../../../../arm-none-eabi/lib/thumb/v6-m/libc_nano.a(lib_a-gdtoa-hexnan.o)
 .text.__match  0x0000000000009d78       0x28 /home/lloydf/.arduino15/packages/Seeeduino/tools/arm-none-eabi-gcc/7-2017q4/bin/../lib/gcc/arm-none-eabi/7.2.1/../../../../arm-none-eabi/lib/thumb/v6-m/libc_nano.a(lib_a-gdtoa-hexnan.o)
                0x0000000000009d78                __match
 .text.__hexnan
                0x0000000000009da0      0x12e /home/lloydf/.arduino15/packages/Seeeduino/tools/arm-none-eabi-gcc/7-2017q4/bin/../lib/gcc/arm-none-eabi/7.2.1/../../../../arm-none-eabi/lib/thumb/v6-m/libc_nano.a(lib_a-gdtoa-hexnan.o)
                0x0000000000009da0                __hexnan
 .text.__locale_ctype_ptr_l
                0x0000000000009ece        0x6 /home/lloydf/.arduino15/packages/Seeeduino/tools/arm-none-eabi-gcc/7-2017q4/bin/../lib/gcc/arm-none-eabi/7.2.1/../../../../arm-none-eabi/lib/thumb/v6-m/libc_nano.a(lib_a-locale.o)
                0x0000000000009ece                __locale_ctype_ptr_l
 .text.__localeconv_l
                0x0000000000009ed4        0x4 /home/lloydf/.arduino15/packages/Seeeduino/tools/arm-none-eabi-gcc/7-2017q4/bin/../lib/gcc/arm-none-eabi/7.2.1/../../../../arm-none-eabi/lib/thumb/v6-m/libc_nano.a(lib_a-localeconv.o)
                0x0000000000009ed4                __localeconv_l
 .text._localeconv_r
                0x0000000000009ed8       0x18 /home/lloydf/.arduino15/packages/Seeeduino/tools/arm-none-eabi-gcc/7-2017q4/bin/../lib/gcc/arm-none-eabi/7.2.1/../../../../arm-none-eabi/lib/thumb/v6-m/libc_nano.a(lib_a-localeconv.o)
                0x0000000000009ed8                _localeconv_r
 .text.__ascii_mbtowc
                0x0000000000009ef0       0x24 /home/lloydf/.arduino15/packages/Seeeduino/tools/arm-none-eabi-gcc/7-2017q4/bin/../lib/gcc/arm-none-eabi/7.2.1/../../../../arm-none-eabi/lib/thumb/v6-m/libc_nano.a(lib_a-mbtowc_r.o)
                0x0000000000009ef0                __ascii_mbtowc
 .text.memchr   0x0000000000009f14       0x16 /home/lloydf/.arduino15/packages/Seeeduino/tools/arm-none-eabi-gcc/7-2017q4/bin/../lib/gcc/arm-none-eabi/7.2.1/../../../../arm-none-eabi/lib/thumb/v6-m/libc_nano.a(lib_a-memchr-stub.o)
                0x0000000000009f14                memchr
 .text.__malloc_lock
                0x0000000000009f2a        0x2 /home/lloydf/.arduino15/packages/Seeeduino/tools/arm-none-eabi-gcc/7-2017q4/bin/../lib/gcc/arm-none-eabi/7.2.1/../../../../arm-none-eabi/lib/thumb/v6-m/libc_nano.a(lib_a-mlock.o)
                0x0000000000009f2a                __malloc_lock
 .text.__malloc_unlock
                0x0000000000009f2c        0x2 /home/lloydf/.arduino15/packages/Seeeduino/tools/arm-none-eabi-gcc/7-2017q4/bin/../lib/gcc/arm-none-eabi/7.2.1/../../../../arm-none-eabi/lib/thumb/v6-m/libc_nano.a(lib_a-mlock.o)
                0x0000000000009f2c                __malloc_unlock
 .text._Balloc  0x0000000000009f2e       0x70 /home/lloydf/.arduino15/packages/Seeeduino/tools/arm-none-eabi-gcc/7-2017q4/bin/../lib/gcc/arm-none-eabi/7.2.1/../../../../arm-none-eabi/lib/thumb/v6-m/libc_nano.a(lib_a-mprec.o)
                0x0000000000009f2e                _Balloc
 .text._Bfree   0x0000000000009f9e       0x32 /home/lloydf/.arduino15/packages/Seeeduino/tools/arm-none-eabi-gcc/7-2017q4/bin/../lib/gcc/arm-none-eabi/7.2.1/../../../../arm-none-eabi/lib/thumb/v6-m/libc_nano.a(lib_a-mprec.o)
                0x0000000000009f9e                _Bfree
 .text.__multadd
                0x0000000000009fd0       0x7c /home/lloydf/.arduino15/packages/Seeeduino/tools/arm-none-eabi-gcc/7-2017q4/bin/../lib/gcc/arm-none-eabi/7.2.1/../../../../arm-none-eabi/lib/thumb/v6-m/libc_nano.a(lib_a-mprec.o)
                0x0000000000009fd0                __multadd
 .text.__s2b    0x000000000000a04c       0x7c /home/lloydf/.arduino15/packages/Seeeduino/tools/arm-none-eabi-gcc/7-2017q4/bin/../lib/gcc/arm-none-eabi/7.2.1/../../../../arm-none-eabi/lib/thumb/v6-m/libc_nano.a(lib_a-mprec.o)
                0x000000000000a04c                __s2b
 .text.__hi0bits
                0x000000000000a0c8       0x34 /home/lloydf/.arduino15/packages/Seeeduino/tools/arm-none-eabi-gcc/7-2017q4/bin/../lib/gcc/arm-none-eabi/7.2.1/../../../../arm-none-eabi/lib/thumb/v6-m/libc_nano.a(lib_a-mprec.o)
                0x000000000000a0c8                __hi0bits
 .text.__lo0bits
                0x000000000000a0fc       0x5e /home/lloydf/.arduino15/packages/Seeeduino/tools/arm-none-eabi-gcc/7-2017q4/bin/../lib/gcc/arm-none-eabi/7.2.1/../../../../arm-none-eabi/lib/thumb/v6-m/libc_nano.a(lib_a-mprec.o)
                0x000000000000a0fc                __lo0bits
 .text.__i2b    0x000000000000a15a       0x12 /home/lloydf/.arduino15/packages/Seeeduino/tools/arm-none-eabi-gcc/7-2017q4/bin/../lib/gcc/arm-none-eabi/7.2.1/../../../../arm-none-eabi/lib/thumb/v6-m/libc_nano.a(lib_a-mprec.o)
                0x000000000000a15a                __i2b
 .text.__multiply
                0x000000000000a16c      0x11e /home/lloydf/.arduino15/packages/Seeeduino/tools/arm-none-eabi-gcc/7-2017q4/bin/../lib/gcc/arm-none-eabi/7.2.1/../../../../arm-none-eabi/lib/thumb/v6-m/libc_nano.a(lib_a-mprec.o)
                0x000000000000a16c                __multiply
 *fill*         0x000000000000a28a        0x2 
 .text.__pow5mult
                0x000000000000a28c       0xa4 /home/lloydf/.arduino15/packages/Seeeduino/tools/arm-none-eabi-gcc/7-2017q4/bin/../lib/gcc/arm-none-eabi/7.2.1/../../../../arm-none-eabi/lib/thumb/v6-m/libc_nano.a(lib_a-mprec.o)
                0x000000000000a28c                __pow5mult
 .text.__lshift
                0x000000000000a330       0xa4 /home/lloydf/.arduino15/packages/Seeeduino/tools/arm-none-eabi-gcc/7-2017q4/bin/../lib/gcc/arm-none-eabi/7.2.1/../../../../arm-none-eabi/lib/thumb/v6-m/libc_nano.a(lib_a-mprec.o)
                0x000000000000a330                __lshift
 .text.__mcmp   0x000000000000a3d4       0x34 /home/lloydf/.arduino15/packages/Seeeduino/tools/arm-none-eabi-gcc/7-2017q4/bin/../lib/gcc/arm-none-eabi/7.2.1/../../../../arm-none-eabi/lib/thumb/v6-m/libc_nano.a(lib_a-mprec.o)
                0x000000000000a3d4                __mcmp
 .text.__mdiff  0x000000000000a408       0xc8 /home/lloydf/.arduino15/packages/Seeeduino/tools/arm-none-eabi-gcc/7-2017q4/bin/../lib/gcc/arm-none-eabi/7.2.1/../../../../arm-none-eabi/lib/thumb/v6-m/libc_nano.a(lib_a-mprec.o)
                0x000000000000a408                __mdiff
 .text.__ulp    0x000000000000a4d0       0x4c /home/lloydf/.arduino15/packages/Seeeduino/tools/arm-none-eabi-gcc/7-2017q4/bin/../lib/gcc/arm-none-eabi/7.2.1/../../../../arm-none-eabi/lib/thumb/v6-m/libc_nano.a(lib_a-mprec.o)
                0x000000000000a4d0                __ulp
 .text.__b2d    0x000000000000a51c       0x98 /home/lloydf/.arduino15/packages/Seeeduino/tools/arm-none-eabi-gcc/7-2017q4/bin/../lib/gcc/arm-none-eabi/7.2.1/../../../../arm-none-eabi/lib/thumb/v6-m/libc_nano.a(lib_a-mprec.o)
                0x000000000000a51c                __b2d
 .text.__d2b    0x000000000000a5b4       0xa8 /home/lloydf/.arduino15/packages/Seeeduino/tools/arm-none-eabi-gcc/7-2017q4/bin/../lib/gcc/arm-none-eabi/7.2.1/../../../../arm-none-eabi/lib/thumb/v6-m/libc_nano.a(lib_a-mprec.o)
                0x000000000000a5b4                __d2b
 .text.__ratio  0x000000000000a65c       0x4e /home/lloydf/.arduino15/packages/Seeeduino/tools/arm-none-eabi-gcc/7-2017q4/bin/../lib/gcc/arm-none-eabi/7.2.1/../../../../arm-none-eabi/lib/thumb/v6-m/libc_nano.a(lib_a-mprec.o)
                0x000000000000a65c                __ratio
 .text.__copybits
                0x000000000000a6aa       0x2c /home/lloydf/.arduino15/packages/Seeeduino/tools/arm-none-eabi-gcc/7-2017q4/bin/../lib/gcc/arm-none-eabi/7.2.1/../../../../arm-none-eabi/lib/thumb/v6-m/libc_nano.a(lib_a-mprec.o)
                0x000000000000a6aa                __copybits
 .text.__any_on
                0x000000000000a6d6       0x44 /home/lloydf/.arduino15/packages/Seeeduino/tools/arm-none-eabi-gcc/7-2017q4/bin/../lib/gcc/arm-none-eabi/7.2.1/../../../../arm-none-eabi/lib/thumb/v6-m/libc_nano.a(lib_a-mprec.o)
                0x000000000000a6d6                __any_on
 .text._calloc_r
                0x000000000000a71a       0x1c /home/lloydf/.arduino15/packages/Seeeduino/tools/arm-none-eabi-gcc/7-2017q4/bin/../lib/gcc/arm-none-eabi/7.2.1/../../../../arm-none-eabi/lib/thumb/v6-m/libc_nano.a(lib_a-nano-callocr.o)
                0x000000000000a71a                _calloc_r
 *fill*         0x000000000000a736        0x2 
 .text.__ssputs_r
                0x000000000000a738       0xc4 /home/lloydf/.arduino15/packages/Seeeduino/tools/arm-none-eabi-gcc/7-2017q4/bin/../lib/gcc/arm-none-eabi/7.2.1/../../../../arm-none-eabi/lib/thumb/v6-m/libc_nano.a(lib_a-nano-svfprintf.o)
                0x000000000000a738                __ssputs_r
 .text._svfprintf_r
                0x000000000000a7fc      0x1fc /home/lloydf/.arduino15/packages/Seeeduino/tools/arm-none-eabi-gcc/7-2017q4/bin/../lib/gcc/arm-none-eabi/7.2.1/../../../../arm-none-eabi/lib/thumb/v6-m/libc_nano.a(lib_a-nano-svfprintf.o)
                0x000000000000a7fc                _svfprintf_r
                0x000000000000a7fc                _svfiprintf_r
 .text.strncmp  0x000000000000a9f8       0x22 /home/lloydf/.arduino15/packages/Seeeduino/tools/arm-none-eabi-gcc/7-2017q4/bin/../lib/gcc/arm-none-eabi/7.2.1/../../../../arm-none-eabi/lib/thumb/v6-m/libc_nano.a(lib_a-strncmp.o)
                0x000000000000a9f8                strncmp
 .text.__ascii_wctomb
                0x000000000000aa1a       0x18 /home/lloydf/.arduino15/packages/Seeeduino/tools/arm-none-eabi-gcc/7-2017q4/bin/../lib/gcc/arm-none-eabi/7.2.1/../../../../arm-none-eabi/lib/thumb/v6-m/libc_nano.a(lib_a-wctomb_r.o)
                0x000000000000aa1a                __ascii_wctomb
 .text.memmove  0x000000000000aa32       0x26 /home/lloydf/.arduino15/packages/Seeeduino/tools/arm-none-eabi-gcc/7-2017q4/bin/../lib/gcc/arm-none-eabi/7.2.1/../../../../arm-none-eabi/lib/thumb/v6-m/libc_nano.a(lib_a-memmove.o)
                0x000000000000aa32                memmove
 .text._realloc_r
                0x000000000000aa58       0x4c /home/lloydf/.arduino15/packages/Seeeduino/tools/arm-none-eabi-gcc/7-2017q4/bin/../lib/gcc/arm-none-eabi/7.2.1/../../../../arm-none-eabi/lib/thumb/v6-m/libc_nano.a(lib_a-nano-reallocr.o)
                0x000000000000aa58                _realloc_r
 .text._malloc_usable_size_r
                0x000000000000aaa4       0x10 /home/lloydf/.arduino15/packages/Seeeduino/tools/arm-none-eabi-gcc/7-2017q4/bin/../lib/gcc/arm-none-eabi/7.2.1/../../../../arm-none-eabi/lib/thumb/v6-m/libc_nano.a(lib_a-nano-msizer.o)
                0x000000000000aaa4                _malloc_usable_size_r
 .text          0x000000000000aab4       0x74 /home/lloydf/.arduino15/packages/Seeeduino/tools/arm-none-eabi-gcc/7-2017q4/bin/../lib/gcc/arm-none-eabi/7.2.1/thumb/v6-m/libgcc.a(floatsidf.o)
                0x000000000000aab4                __aeabi_i2d
 .text          0x000000000000ab28      0x108 /home/lloydf/.arduino15/packages/Seeeduino/tools/arm-none-eabi-gcc/7-2017q4/bin/../lib/gcc/arm-none-eabi/7.2.1/thumb/v6-m/libgcc.a(truncdfsf2.o)
                0x000000000000ab28                __aeabi_d2f
 *(.init)
 .init          0x000000000000ac30        0x4 /home/lloydf/.arduino15/packages/Seeeduino/tools/arm-none-eabi-gcc/7-2017q4/bin/../lib/gcc/arm-none-eabi/7.2.1/thumb/v6-m/crti.o
                0x000000000000ac30                _init
 .init          0x000000000000ac34        0x8 /home/lloydf/.arduino15/packages/Seeeduino/tools/arm-none-eabi-gcc/7-2017q4/bin/../lib/gcc/arm-none-eabi/7.2.1/thumb/v6-m/crtn.o
 *(.fini)
 .fini          0x000000000000ac3c        0x4 /home/lloydf/.arduino15/packages/Seeeduino/tools/arm-none-eabi-gcc/7-2017q4/bin/../lib/gcc/arm-none-eabi/7.2.1/thumb/v6-m/crti.o
                0x000000000000ac3c                _fini
 .fini          0x000000000000ac40        0x8 /home/lloydf/.arduino15/packages/Seeeduino/tools/arm-none-eabi-gcc/7-2017q4/bin/../lib/gcc/arm-none-eabi/7.2.1/thumb/v6-m/crtn.o
 *crtbegin.o(.ctors)
 *crtbegin?.o(.ctors)
 *(EXCLUDE_FILE(*crtend.o *crtend?.o) .ctors)
 *(SORT_BY_NAME(.ctors.*))
 *(.ctors)
 *crtbegin.o(.dtors)
 *crtbegin?.o(.dtors)
 *(EXCLUDE_FILE(*crtend.o *crtend?.o) .dtors)
 *(SORT_BY_NAME(.dtors.*))
 *(.dtors)
 *(.rodata*)
 .rodata._ZTV7TwoWire
                0x000000000000ac48       0x24 /home/lloydf/Arduino/PB3D/PB3D-sub1-sound/build/libraries/Wire/Wire.cpp.o
                0x000000000000ac48                vtable for TwoWire
 .rodata.g_APinDescription
                0x000000000000ac6c      0x198 /home/lloydf/Arduino/PB3D/PB3D-sub1-sound/build/core/variant.cpp.o
                0x000000000000ac6c                g_APinDescription
 .rodata._ZL10sercomData
                0x000000000000ae04       0x30 /home/lloydf/Arduino/PB3D/PB3D-sub1-sound/build/../../../../../../tmp/arduino/cores/c559d7b91b0f99147fdb07383d45e8cf/core.a(SERCOM.cpp.o)
 .rodata._ZTV7Serial_
                0x000000000000ae34       0x28 /home/lloydf/Arduino/PB3D/PB3D-sub1-sound/build/../../../../../../tmp/arduino/cores/c559d7b91b0f99147fdb07383d45e8cf/core.a(CDC.cpp.o)
                0x000000000000ae34                vtable for Serial_
 .rodata._ZTV26DoubleBufferedEPOutHandler
                0x000000000000ae5c       0x28 /home/lloydf/Arduino/PB3D/PB3D-sub1-sound/build/../../../../../../tmp/arduino/cores/c559d7b91b0f99147fdb07383d45e8cf/core.a(USBCore.cpp.o)
                0x000000000000ae5c                vtable for DoubleBufferedEPOutHandler
 .rodata._ZL14STRING_PRODUCT
                0x000000000000ae84        0xe /home/lloydf/Arduino/PB3D/PB3D-sub1-sound/build/../../../../../../tmp/arduino/cores/c559d7b91b0f99147fdb07383d45e8cf/core.a(USBCore.cpp.o)
 .rodata._ZL15STRING_LANGUAGE
                0x000000000000ae92        0x4 /home/lloydf/Arduino/PB3D/PB3D-sub1-sound/build/../../../../../../tmp/arduino/cores/c559d7b91b0f99147fdb07383d45e8cf/core.a(USBCore.cpp.o)
 .rodata._ZL19STRING_MANUFACTURER
                0x000000000000ae96        0x6 /home/lloydf/Arduino/PB3D/PB3D-sub1-sound/build/../../../../../../tmp/arduino/cores/c559d7b91b0f99147fdb07383d45e8cf/core.a(USBCore.cpp.o)
 .rodata._ZL20USB_DeviceDescriptor
                0x000000000000ae9c       0x12 /home/lloydf/Arduino/PB3D/PB3D-sub1-sound/build/../../../../../../tmp/arduino/cores/c559d7b91b0f99147fdb07383d45e8cf/core.a(USBCore.cpp.o)
 .rodata._ZL21USB_DeviceDescriptorB
                0x000000000000aeae       0x12 /home/lloydf/Arduino/PB3D/PB3D-sub1-sound/build/../../../../../../tmp/arduino/cores/c559d7b91b0f99147fdb07383d45e8cf/core.a(USBCore.cpp.o)
 .rodata._ZTV4Uart
                0x000000000000aec0       0x34 /home/lloydf/Arduino/PB3D/PB3D-sub1-sound/build/../../../../../../tmp/arduino/cores/c559d7b91b0f99147fdb07383d45e8cf/core.a(Uart.cpp.o)
                0x000000000000aec0                vtable for Uart
 .rodata        0x000000000000aef4       0x80 /home/lloydf/.arduino15/packages/Seeeduino/tools/arm-none-eabi-gcc/7-2017q4/bin/../lib/gcc/arm-none-eabi/7.2.1/thumb/v6-m/libgcc.a(divsf3.o)
 .rodata        0x000000000000af74       0x40 /home/lloydf/.arduino15/packages/Seeeduino/tools/arm-none-eabi-gcc/7-2017q4/bin/../lib/gcc/arm-none-eabi/7.2.1/thumb/v6-m/libgcc.a(divdf3.o)
 .rodata        0x000000000000afb4       0x40 /home/lloydf/.arduino15/packages/Seeeduino/tools/arm-none-eabi-gcc/7-2017q4/bin/../lib/gcc/arm-none-eabi/7.2.1/thumb/v6-m/libgcc.a(muldf3.o)
 .rodata._printf_float.str1.1
                0x000000000000aff4       0x12 /home/lloydf/.arduino15/packages/Seeeduino/tools/arm-none-eabi-gcc/7-2017q4/bin/../lib/gcc/arm-none-eabi/7.2.1/../../../../arm-none-eabi/lib/thumb/v6-m/libc_nano.a(lib_a-nano-vfprintf_float.o)
 .rodata._printf_i.str1.1
                0x000000000000b006       0x22 /home/lloydf/.arduino15/packages/Seeeduino/tools/arm-none-eabi-gcc/7-2017q4/bin/../lib/gcc/arm-none-eabi/7.2.1/../../../../arm-none-eabi/lib/thumb/v6-m/libc_nano.a(lib_a-nano-vfprintf_i.o)
 .rodata._scanf_float.str1.1
                0x000000000000b028        0x5 /home/lloydf/.arduino15/packages/Seeeduino/tools/arm-none-eabi-gcc/7-2017q4/bin/../lib/gcc/arm-none-eabi/7.2.1/../../../../arm-none-eabi/lib/thumb/v6-m/libc_nano.a(lib_a-nano-vfscanf_float.o)
 .rodata._strtod_l.str1.1
                0x000000000000b02d        0x5 /home/lloydf/.arduino15/packages/Seeeduino/tools/arm-none-eabi-gcc/7-2017q4/bin/../lib/gcc/arm-none-eabi/7.2.1/../../../../arm-none-eabi/lib/thumb/v6-m/libc_nano.a(lib_a-strtod.o)
                                          0xc (size before relaxing)
 *fill*         0x000000000000b02d        0x3 
 .rodata.fpi.6156
                0x000000000000b030       0x14 /home/lloydf/.arduino15/packages/Seeeduino/tools/arm-none-eabi-gcc/7-2017q4/bin/../lib/gcc/arm-none-eabi/7.2.1/../../../../arm-none-eabi/lib/thumb/v6-m/libc_nano.a(lib_a-strtod.o)
 .rodata.fpinan.6192
                0x000000000000b044       0x14 /home/lloydf/.arduino15/packages/Seeeduino/tools/arm-none-eabi-gcc/7-2017q4/bin/../lib/gcc/arm-none-eabi/7.2.1/../../../../arm-none-eabi/lib/thumb/v6-m/libc_nano.a(lib_a-strtod.o)
 .rodata.tinytens
                0x000000000000b058       0x28 /home/lloydf/.arduino15/packages/Seeeduino/tools/arm-none-eabi-gcc/7-2017q4/bin/../lib/gcc/arm-none-eabi/7.2.1/../../../../arm-none-eabi/lib/thumb/v6-m/libc_nano.a(lib_a-strtod.o)
 .rodata._dtoa_r.str1.1
                0x000000000000b080        0xd /home/lloydf/.arduino15/packages/Seeeduino/tools/arm-none-eabi-gcc/7-2017q4/bin/../lib/gcc/arm-none-eabi/7.2.1/../../../../arm-none-eabi/lib/thumb/v6-m/libc_nano.a(lib_a-dtoa.o)
                                          0xf (size before relaxing)
 *fill*         0x000000000000b08d        0x3 
 .rodata.__sf_fake_stderr
                0x000000000000b090       0x20 /home/lloydf/.arduino15/packages/Seeeduino/tools/arm-none-eabi-gcc/7-2017q4/bin/../lib/gcc/arm-none-eabi/7.2.1/../../../../arm-none-eabi/lib/thumb/v6-m/libc_nano.a(lib_a-findfp.o)
                0x000000000000b090                __sf_fake_stderr
 .rodata.__sf_fake_stdin
                0x000000000000b0b0       0x20 /home/lloydf/.arduino15/packages/Seeeduino/tools/arm-none-eabi-gcc/7-2017q4/bin/../lib/gcc/arm-none-eabi/7.2.1/../../../../arm-none-eabi/lib/thumb/v6-m/libc_nano.a(lib_a-findfp.o)
                0x000000000000b0b0                __sf_fake_stdin
 .rodata.__sf_fake_stdout
                0x000000000000b0d0       0x20 /home/lloydf/.arduino15/packages/Seeeduino/tools/arm-none-eabi-gcc/7-2017q4/bin/../lib/gcc/arm-none-eabi/7.2.1/../../../../arm-none-eabi/lib/thumb/v6-m/libc_nano.a(lib_a-findfp.o)
                0x000000000000b0d0                __sf_fake_stdout
 .rodata._setlocale_r.str1.1
                0x000000000000b0f0        0x8 /home/lloydf/.arduino15/packages/Seeeduino/tools/arm-none-eabi-gcc/7-2017q4/bin/../lib/gcc/arm-none-eabi/7.2.1/../../../../arm-none-eabi/lib/thumb/v6-m/libc_nano.a(lib_a-locale.o)
                                          0x9 (size before relaxing)
 .rodata.str1.1
                0x000000000000b0f8        0x2 /home/lloydf/.arduino15/packages/Seeeduino/tools/arm-none-eabi-gcc/7-2017q4/bin/../lib/gcc/arm-none-eabi/7.2.1/../../../../arm-none-eabi/lib/thumb/v6-m/libc_nano.a(lib_a-locale.o)
 *fill*         0x000000000000b0fa        0x6 
 .rodata.__mprec_bigtens
                0x000000000000b100       0x28 /home/lloydf/.arduino15/packages/Seeeduino/tools/arm-none-eabi-gcc/7-2017q4/bin/../lib/gcc/arm-none-eabi/7.2.1/../../../../arm-none-eabi/lib/thumb/v6-m/libc_nano.a(lib_a-mprec.o)
                0x000000000000b100                __mprec_bigtens
 .rodata.__mprec_tens
                0x000000000000b128       0xc8 /home/lloydf/.arduino15/packages/Seeeduino/tools/arm-none-eabi-gcc/7-2017q4/bin/../lib/gcc/arm-none-eabi/7.2.1/../../../../arm-none-eabi/lib/thumb/v6-m/libc_nano.a(lib_a-mprec.o)
                0x000000000000b128                __mprec_tens
 .rodata.p05.6084
                0x000000000000b1f0        0xc /home/lloydf/.arduino15/packages/Seeeduino/tools/arm-none-eabi-gcc/7-2017q4/bin/../lib/gcc/arm-none-eabi/7.2.1/../../../../arm-none-eabi/lib/thumb/v6-m/libc_nano.a(lib_a-mprec.o)
 .rodata._svfprintf_r.str1.1
                0x000000000000b1fc       0x11 /home/lloydf/.arduino15/packages/Seeeduino/tools/arm-none-eabi-gcc/7-2017q4/bin/../lib/gcc/arm-none-eabi/7.2.1/../../../../arm-none-eabi/lib/thumb/v6-m/libc_nano.a(lib_a-nano-svfprintf.o)
 .rodata._ctype_
                0x000000000000b20d      0x101 /home/lloydf/.arduino15/packages/Seeeduino/tools/arm-none-eabi-gcc/7-2017q4/bin/../lib/gcc/arm-none-eabi/7.2.1/../../../../arm-none-eabi/lib/thumb/v6-m/libc_nano.a(lib_a-ctype_.o)
                0x000000000000b20d                _ctype_
 *(.eh_frame*)
 *fill*         0x000000000000b30e        0x2 
 .eh_frame      0x000000000000b310        0x0 /home/lloydf/.arduino15/packages/Seeeduino/tools/arm-none-eabi-gcc/7-2017q4/bin/../lib/gcc/arm-none-eabi/7.2.1/thumb/v6-m/crtbegin.o
 .eh_frame      0x000000000000b310        0x4 /home/lloydf/.arduino15/packages/Seeeduino/tools/arm-none-eabi-gcc/7-2017q4/bin/../lib/gcc/arm-none-eabi/7.2.1/thumb/v6-m/crtend.o

.glue_7         0x000000000000b314        0x0
 .glue_7        0x000000000000b314        0x0 linker stubs

.glue_7t        0x000000000000b314        0x0
 .glue_7t       0x000000000000b314        0x0 linker stubs

.vfp11_veneer   0x000000000000b314        0x0
 .vfp11_veneer  0x000000000000b314        0x0 linker stubs

.v4_bx          0x000000000000b314        0x0
 .v4_bx         0x000000000000b314        0x0 linker stubs

.iplt           0x000000000000b314        0x0
 .iplt          0x000000000000b314        0x0 /home/lloydf/.arduino15/packages/Seeeduino/tools/arm-none-eabi-gcc/7-2017q4/bin/../lib/gcc/arm-none-eabi/7.2.1/thumb/v6-m/crtbegin.o

.rel.dyn        0x000000000000b314        0x0
 .rel.iplt      0x000000000000b314        0x0 /home/lloydf/.arduino15/packages/Seeeduino/tools/arm-none-eabi-gcc/7-2017q4/bin/../lib/gcc/arm-none-eabi/7.2.1/thumb/v6-m/crtbegin.o

.ARM.extab
 *(.ARM.extab* .gnu.linkonce.armextab.*)
                0x000000000000b314                __exidx_start = .

.ARM.exidx
 *(.ARM.exidx* .gnu.linkonce.armexidx.*)
                0x000000000000b314                __exidx_end = .
                0x000000000000b314                __etext = .

.data           0x0000000020000000      0x28c load address 0x000000000000b314
                0x0000000020000000                __data_start__ = .
 *(vtable)
 *(.data*)
 .data.ear_reset_time
                0x0000000020000000        0x4 /home/lloydf/Arduino/PB3D/PB3D-sub1-sound/build/sketch/PB3D-sub1-sound.ino.cpp.o
                0x0000000020000000                ear_reset_time
 .data.env_avg_std
                0x0000000020000004        0x2 /home/lloydf/Arduino/PB3D/PB3D-sub1-sound/build/sketch/PB3D-sub1-sound.ino.cpp.o
                0x0000000020000004                env_avg_std
 .data.num_env_samples
                0x0000000020000006        0x2 /home/lloydf/Arduino/PB3D/PB3D-sub1-sound/build/sketch/PB3D-sub1-sound.ino.cpp.o
                0x0000000020000006                num_env_samples
 .data.sample_interval
                0x0000000020000008        0x2 /home/lloydf/Arduino/PB3D/PB3D-sub1-sound/build/sketch/PB3D-sub1-sound.ino.cpp.o
                0x0000000020000008                sample_interval
 .data.sound_offset_left
                0x000000002000000a        0x2 /home/lloydf/Arduino/PB3D/PB3D-sub1-sound/build/sketch/PB3D-sub1-sound.ino.cpp.o
                0x000000002000000a                sound_offset_left
 .data.sound_offset_right
                0x000000002000000c        0x2 /home/lloydf/Arduino/PB3D/PB3D-sub1-sound/build/sketch/PB3D-sub1-sound.ino.cpp.o
                0x000000002000000c                sound_offset_right
 .data.time_diff_max_mus
                0x000000002000000e        0x2 /home/lloydf/Arduino/PB3D/PB3D-sub1-sound/build/sketch/PB3D-sub1-sound.ino.cpp.o
                0x000000002000000e                time_diff_max_mus
 .data.time_diff_min_mus
                0x0000000020000010        0x2 /home/lloydf/Arduino/PB3D/PB3D-sub1-sound/build/sketch/PB3D-sub1-sound.ino.cpp.o
                0x0000000020000010                time_diff_min_mus
 *fill*         0x0000000020000012        0x2 
 .data._ZL10breakValue
                0x0000000020000014        0x4 /home/lloydf/Arduino/PB3D/PB3D-sub1-sound/build/../../../../../../tmp/arduino/cores/c559d7b91b0f99147fdb07383d45e8cf/core.a(CDC.cpp.o)
 .data._ZL12_usbLineInfo
                0x0000000020000018        0x8 /home/lloydf/Arduino/PB3D/PB3D-sub1-sound/build/../../../../../../tmp/arduino/cores/c559d7b91b0f99147fdb07383d45e8cf/core.a(CDC.cpp.o)
 .data._ZL13_cdcInterface
                0x0000000020000020       0x42 /home/lloydf/Arduino/PB3D/PB3D-sub1-sound/build/../../../../../../tmp/arduino/cores/c559d7b91b0f99147fdb07383d45e8cf/core.a(CDC.cpp.o)
 *fill*         0x0000000020000062        0x2 
 .data._serialPeek
                0x0000000020000064        0x4 /home/lloydf/Arduino/PB3D/PB3D-sub1-sound/build/../../../../../../tmp/arduino/cores/c559d7b91b0f99147fdb07383d45e8cf/core.a(CDC.cpp.o)
                0x0000000020000064                _serialPeek
 .data.EndPoints
                0x0000000020000068       0x28 /home/lloydf/Arduino/PB3D/PB3D-sub1-sound/build/../../../../../../tmp/arduino/cores/c559d7b91b0f99147fdb07383d45e8cf/core.a(USBCore.cpp.o)